Archive member included because of file (symbol)

C:\TC275_~2\erika\lib\libee.a(ee_tc_cstart.c.o)
                              (__TRICORE_DERIVATE_NAME__)
C:\TC275_~2\erika\lib\libee.a(ee_tc_system.c.o)
                              obj/ee_applcfg.c.o (osEE_tricore_system_timer_handler)
C:\TC275_~2\erika\lib\libee.a(ee_tc_trapvec.c.o)
                              C:\TC275_~2\erika\lib\libee.a(ee_tc_cstart.c.o) (__TRAPTAB)
C:\TC275_~2\erika\lib\libee.a(ee_tc_intvec.c.o)
                              C:\TC275_~2\erika\lib\libee.a(ee_tc_cstart.c.o) (__INTTAB0)
C:\TC275_~2\erika\lib\libee.a(ee_oo_api_osek.c.o)
                              obj/main.c.o (StartOS)
C:\TC275_~2\erika\lib\libee.a(ee_oo_sched_entry_points.c.o)
                              obj/ee_applcfg.c.o (osEE_idle_hook_wrapper)
C:\TC275_~2\erika\lib\libee.a(ee_oo_scheduler.c.o)
                              C:\TC275_~2\erika\lib\libee.a(ee_oo_api_osek.c.o) (osEE_scheduler_core_pop_running)
C:\TC275_~2\erika\lib\libee.a(ee_oo_kernel.c.o)
                              C:\TC275_~2\erika\lib\libee.a(ee_oo_api_osek.c.o) (osEE_task_activated)
C:\TC275_~2\erika\lib\libee.a(ee_oo_sched_partitioned.c.o)
                              C:\TC275_~2\erika\lib\libee.a(ee_oo_api_osek.c.o) (osEE_scheduler_task_activated)
C:\TC275_~2\erika\lib\libee.a(ee_oo_counter.c.o)
                              C:\TC275_~2\erika\lib\libee.a(ee_tc_system.c.o) (osEE_counter_increment)
C:\TC275_~2\erika\lib\libee.a(ee_oo_alarm.c.o)
                              C:\TC275_~2\erika\lib\libee.a(ee_oo_api_osek.c.o) (osEE_alarm_set_rel)
C:\TC275_~2\erika\lib\libee.a(ee_std_change_context.c.o)
                              C:\TC275_~2\erika\lib\libee.a(ee_oo_api_osek.c.o) (osEE_change_context_from_running)
C:\TC275_~2\erika\lib\libee.a(ee_tc_hal.c.o)
                              C:\TC275_~2\erika\lib\libee.a(ee_oo_api_osek.c.o) (osEE_cpu_startos)
C:\TC275_~2\erika\lib\libee.a(ee_tc_ctx.c.o)
                              C:\TC275_~2\erika\lib\libee.a(ee_std_change_context.c.o) (osEE_hal_ready2stacked)
c:/hightec/toolchains/tricore/v4.9.3.0-infineon-1.0/bin/../lib/gcc/tricore/4.9.4/../../../../tricore/lib/tc161\libc.a(lib_a-atoi.o)
                              obj/bsw/drivers/asclin.c.o (atoi)
c:/hightec/toolchains/tricore/v4.9.3.0-infineon-1.0/bin/../lib/gcc/tricore/4.9.4/../../../../tricore/lib/tc161\libc.a(lib_a-strchr.o)
                              obj/bsw/drivers/asclin.c.o (strchr)
c:/hightec/toolchains/tricore/v4.9.3.0-infineon-1.0/bin/../lib/gcc/tricore/4.9.4/../../../../tricore/lib/tc161\libc.a(lib_a-strlen.o)
                              obj/bsw/drivers/asclin.c.o (strlen)
c:/hightec/toolchains/tricore/v4.9.3.0-infineon-1.0/bin/../lib/gcc/tricore/4.9.4/../../../../tricore/lib/tc161\libc.a(lib_a-strtol.o)
                              c:/hightec/toolchains/tricore/v4.9.3.0-infineon-1.0/bin/../lib/gcc/tricore/4.9.4/../../../../tricore/lib/tc161\libc.a(lib_a-atoi.o) (_strtol_r)
c:/hightec/toolchains/tricore/v4.9.3.0-infineon-1.0/bin/../lib/gcc/tricore/4.9.4/../../../../tricore/lib/tc161\libc.a(lib_a-vsprintf.o)
                              obj/bsw/drivers/asclin.c.o (vsprintf)
c:/hightec/toolchains/tricore/v4.9.3.0-infineon-1.0/bin/../lib/gcc/tricore/4.9.4/../../../../tricore/lib/tc161\libc.a(lib_a-ctype_.o)
                              c:/hightec/toolchains/tricore/v4.9.3.0-infineon-1.0/bin/../lib/gcc/tricore/4.9.4/../../../../tricore/lib/tc161\libc.a(lib_a-strtol.o) (__ctype_ptr__)
c:/hightec/toolchains/tricore/v4.9.3.0-infineon-1.0/bin/../lib/gcc/tricore/4.9.4/../../../../tricore/lib/tc161\libc.a(lib_a-impure.o)
                              c:/hightec/toolchains/tricore/v4.9.3.0-infineon-1.0/bin/../lib/gcc/tricore/4.9.4/../../../../tricore/lib/tc161\libc.a(lib_a-strtol.o) (_impure_ptr)
c:/hightec/toolchains/tricore/v4.9.3.0-infineon-1.0/bin/../lib/gcc/tricore/4.9.4/../../../../tricore/lib/tc161\libc.a(lib_a-svfprintf.o)
                              c:/hightec/toolchains/tricore/v4.9.3.0-infineon-1.0/bin/../lib/gcc/tricore/4.9.4/../../../../tricore/lib/tc161\libc.a(lib_a-vsprintf.o) (_svfprintf_r)
c:/hightec/toolchains/tricore/v4.9.3.0-infineon-1.0/bin/../lib/gcc/tricore/4.9.4/../../../../tricore/lib/tc161\libc.a(lib_a-dtoa.o)
                              c:/hightec/toolchains/tricore/v4.9.3.0-infineon-1.0/bin/../lib/gcc/tricore/4.9.4/../../../../tricore/lib/tc161\libc.a(lib_a-svfprintf.o) (_dtoa_r)
c:/hightec/toolchains/tricore/v4.9.3.0-infineon-1.0/bin/../lib/gcc/tricore/4.9.4/../../../../tricore/lib/tc161\libc.a(lib_a-locale.o)
                              c:/hightec/toolchains/tricore/v4.9.3.0-infineon-1.0/bin/../lib/gcc/tricore/4.9.4/../../../../tricore/lib/tc161\libc.a(lib_a-svfprintf.o) (_localeconv_r)
c:/hightec/toolchains/tricore/v4.9.3.0-infineon-1.0/bin/../lib/gcc/tricore/4.9.4/../../../../tricore/lib/tc161\libc.a(lib_a-mallocr.o)
[...]
Memory Configuration

Name             Origin             Length             Used               Free               Attributes
DMI_DSPR2_local  0x00000000d0000000 0x000000000001e000         0x0000000000000000         0x000000000001e000 w !xpc2
DMI_DSPR2        0x0000000050000000 0x000000000001e000         0x000000000001dc00         0x0000000000000400 w !xpc2
PMI_PSPR2        0x0000000050100000 0x0000000000006000         0x0000000000002000         0x0000000000004000 xw !pc2
DMI_DSPR1_local  0x00000000d0000000 0x000000000001e000         0x0000000000000000         0x000000000001e000 w !xpc1
DMI_DSPR1        0x0000000060000000 0x000000000001e000         0x000000000001dc00         0x0000000000000400 w !xpc1
PMI_PSPR1        0x0000000060100000 0x0000000000006000         0x0000000000000000         0x0000000000006000 xw !pc1
DMI_DSPR0_local  0x00000000d0000000 0x000000000001c000         0x0000000000000000         0x000000000001c000 w !xpc0
DMI_DSPR0        0x0000000070000000 0x000000000001c000         0x000000000001bc00         0x0000000000000400 w !xpc0
PMI_PSPR0        0x0000000070100000 0x0000000000006000         0x0000000000000000         0x0000000000006000 xw !pc0
PMI_PSRAM_local  0x00000000c0000000 0x0000000000006000         0x0000000000000000         0x0000000000006000 xw !p
PMU_PFLASH       0x0000000080000000 0x0000000000400000         0x00000000000135b8         0x00000000003eca48 xr !p
PMU_PFLASH_nc    0x00000000a0000000 0x0000000000400000         0x0000000000000000         0x0000000000400000 xr !p
PMU_DFLASH0      0x00000000af000000 0x0000000000104000         0x0000000000000000         0x0000000000104000 r !xp
PMU_DFLASH1      0x00000000af110000 0x0000000000010000         0x0000000000000000         0x0000000000010000 r !xp
LMU_SRAM         0x0000000090000000 0x0000000000008000         0x0000000000000000         0x0000000000008000 w !xp
LMU_SRAM_nc      0x00000000b0000000 0x0000000000008000         0x0000000000000000         0x0000000000008000 w !xp
EDMEM            0x000000009f000000 0x0000000000100000         0x0000000000000000         0x0000000000100000 w !xp
EDMEM_nc         0x00000000bf000000 0x0000000000100000         0x0000000000000000         0x0000000000100000 w !xp
BROM             0x000000008fff8000 0x0000000000008000         0x0000000000000000         0x0000000000008000 xr !p
*default*        0x0000000000000000 0xffffffffffffffff         0x0000000000000000         0xffffffffffffffff

List of aliases

DMI_DSPR0       : GLOBAL_RAM

Memory region maps:

CORE     Local Region   Global Region
CPU0     0xd0000000     0x70000000
CPU1     0xd0000000     0x60000000
CPU2     0xd0000000     0x50000000


Linker script and memory map

LOAD obj/bsw/CompilerGcc.c.o
LOAD obj/bsw/CompilerGhs.c.o
LOAD obj/bsw/CompilerGnuc.c.o
LOAD obj/bsw/CompilerTasking.c.o
LOAD obj/bsw/IfxCpu_cfg.c.o
LOAD obj/bsw/IfxMultican.c.o
LOAD obj/bsw/IfxMultican_Can.c.o
LOAD obj/bsw/IfxMultican_PinMap.c.o
LOAD obj/bsw/IfxMultican_cfg.c.o
LOAD obj/bsw/IfxPort.c.o
LOAD obj/bsw/IfxPort_PinMap.c.o
LOAD obj/bsw/IfxPort_cfg.c.o
LOAD obj/bsw/IfxScuCcu.c.o
LOAD obj/bsw/IfxScuWdt.c.o
LOAD obj/bsw/IfxScu_cfg.c.o
LOAD obj/bsw/drivers/Driver_Can.c.o
LOAD obj/bsw/drivers/asclin.c.o
LOAD obj/bsw/drivers/gpt12.c.o
LOAD obj/bsw/drivers/vadc.c.o
LOAD obj/bsw/etc/etc.c.o
LOAD obj/bsw/io/Buzzer.c.o
LOAD obj/bsw/io/GPIO.c.o
LOAD obj/bsw/io/Motor.c.o
LOAD obj/bsw/io/ToF.c.o
LOAD obj/bsw/io/Ultrasonic.c.o
LOAD obj/bsw/system/interrupts.c.o
LOAD obj/bsw/system/system_tc27x.c.o
LOAD obj/ee_applcfg.c.o
LOAD obj/main.c.o
START GROUP
LOAD C:\TC275_~2\erika\lib\libee.a
END GROUP
LOAD c:/hightec/toolchains/tricore/v4.9.3.0-infineon-1.0/bin/../lib/gcc/tricore/4.9.4/tc161\libgcc.a
LOAD c:/hightec/toolchains/tricore/v4.9.3.0-infineon-1.0/bin/../lib/gcc/tricore/4.9.4/../../../../tricore/lib/tc161\libc.a
LOAD c:/hightec/toolchains/tricore/v4.9.3.0-infineon-1.0/bin/../lib/gcc/tricore/4.9.4/../../../../tricore/lib/tc161\libos.a
LOAD c:/hightec/toolchains/tricore/v4.9.3.0-infineon-1.0/bin/../lib/gcc/tricore/4.9.4/../../../../tricore/lib/tc161\libm.a
LOAD c:/hightec/toolchains/tricore/v4.9.3.0-infineon-1.0/bin/../lib/gcc/tricore/4.9.4/../../../../tricore/lib/tc161\libc.a
LOAD c:/hightec/toolchains/tricore/v4.9.3.0-infineon-1.0/bin/../lib/gcc/tricore/4.9.4/tc161\libgcc.a
                0x0000000000002700                __TRICORE_DERIVATE_MEMORY_MAP__ = 0x2700
                [0x0000000000002000]                __CSA_SIZE = DEFINED (__CSA_SIZE)?__CSA_SIZE:0x2000
                [0x0000000000000400]                __ISTACK_SIZE = DEFINED (__ISTACK_SIZE)?__ISTACK_SIZE:0x400
                [0x0000000000001000]                __USTACK_SIZE = DEFINED (__USTACK_SIZE)?__USTACK_SIZE:0x1000
                [0x0000000000000000]                __HEAP_SIZE = DEFINED (__HEAP_SIZE)?__HEAP_SIZE:0x0
                [0x0000000000002000]                __CSA0_SIZE = DEFINED (__CSA0_SIZE)?__CSA0_SIZE:__CSA_SIZE
                [0x0000000000000400]                __ISTACK0_SIZE = DEFINED (__ISTACK0_SIZE)?__ISTACK0_SIZE:__ISTACK_SIZE
                [0x0000000000001000]                __USTACK0_SIZE = DEFINED (__USTACK0_SIZE)?__USTACK0_SIZE:__USTACK_SIZE
                [0x0000000000002000]                __CSA1_SIZE = DEFINED (__CSA1_SIZE)?__CSA1_SIZE:__CSA_SIZE
                [0x0000000000000400]                __ISTACK1_SIZE = DEFINED (__ISTACK1_SIZE)?__ISTACK1_SIZE:__ISTACK_SIZE
                [0x0000000000001000]                __USTACK1_SIZE = DEFINED (__USTACK1_SIZE)?__USTACK1_SIZE:__USTACK_SIZE
                [0x0000000000002000]                __CSA2_SIZE = DEFINED (__CSA2_SIZE)?__CSA2_SIZE:__CSA_SIZE
                [0x0000000000000400]                __ISTACK2_SIZE = DEFINED (__ISTACK2_SIZE)?__ISTACK2_SIZE:__ISTACK_SIZE
                [0x0000000000001000]                __USTACK2_SIZE = DEFINED (__USTACK2_SIZE)?__USTACK2_SIZE:__USTACK_SIZE
                0x0000000050000000                __DSPR2_START = 0x50000000
                0x0000000060000000                __DSPR1_START = 0x60000000
                0x0000000070000000                __DSPR0_START = 0x70000000
                0x000000000001e000                __DSPR2_SIZE = 0x1e000
                0x000000000001e000                __DSPR1_SIZE = 0x1e000
                0x000000000001c000                __DSPR0_SIZE = 0x1c000
                0x0000000000019c00                __CSA0_OFFSET = ((__DSPR0_SIZE - 0x400) - __CSA0_SIZE)
                0x0000000000019700                __ISTACK0_OFFSET = ((__CSA0_OFFSET - 0x100) - __ISTACK0_SIZE)
                0x0000000000018600                __USTACK0_OFFSET = ((__ISTACK0_OFFSET - 0x100) - __USTACK0_SIZE)
                0x000000000001bc00                __CSA1_OFFSET = ((__DSPR1_SIZE - 0x400) - __CSA1_SIZE)
                0x000000000001b700                __ISTACK1_OFFSET = ((__CSA1_OFFSET - 0x100) - __ISTACK1_SIZE)
                0x000000000001a600                __USTACK1_OFFSET = ((__ISTACK1_OFFSET - 0x100) - __USTACK1_SIZE)
                0x000000000001bc00                __CSA2_OFFSET = ((__DSPR2_SIZE - 0x400) - __CSA2_SIZE)
                0x000000000001b700                __ISTACK2_OFFSET = ((__CSA2_OFFSET - 0x100) - __ISTACK2_SIZE)
                0x000000000001a600                __USTACK2_OFFSET = ((__ISTACK2_OFFSET - 0x100) - __USTACK2_SIZE)

.bmhd0          memory region -> PMU_PFLASH
                0x0000000080000000        0x0
                0x0000000080000000                BootModeHeader0 = .
 *(.bmhd0)

.bmhd1          memory region -> PMU_PFLASH
                0x0000000080020000        0x0
                0x0000000080020000                BootModeHeader1 = .
 *(.bmhd1)

.startup        memory region -> PMU_PFLASH
                0x0000000080000020        0x6
                0x0000000080000020                BootModeIndex = .
 *(.startup)
 .startup       0x0000000080000020        0x6 C:\TC275_~2\erika\lib\libee.a(ee_tc_cstart.c.o)
                0x0000000080000020                _start

.zrodata
 *(.zrodata)
 *(.zrodata.*)

.sdata2         memory region -> PMU_PFLASH
                0x0000000080000026        0x0
 *(.srodata)
 *(.srodata.*)
                0x0000000080008000                _SMALL_DATA2_ = SIZEOF (.sdata2)?(ADDR (.sdata2) + 0x8000):((ADDR (.sdata2) & 0xf0000000) + 0x8000)
                0x0000000080008000                __A1_MEM = _SMALL_DATA2_

.rodata         memory region -> PMU_PFLASH
                0x0000000080000028      0xd98
 *(.rodata)
 .rodata        0x0000000080000028      0x348 obj/bsw/IfxMultican_PinMap.c.o
                0x0000000080000028                IfxMultican_TXD3_P32_3_OUT
                0x000000008000003c                IfxMultican_TXD3_P20_3_OUT
                0x0000000080000050                IfxMultican_TXD3_P20_10_OUT
                0x0000000080000064                IfxMultican_TXD3_P11_12_OUT
                0x0000000080000078                IfxMultican_TXD3_P00_2_OUT
                0x000000008000008c                IfxMultican_TXD2_P32_5_OUT
                0x00000000800000a0                IfxMultican_TXD2_P15_0_OUT
                0x00000000800000b4                IfxMultican_TXD2_P14_10_OUT
                0x00000000800000c8                IfxMultican_TXD2_P10_3_OUT
                0x00000000800000dc                IfxMultican_TXD2_P02_2_OUT
                0x00000000800000f0                IfxMultican_TXD1_P15_2_OUT
                0x0000000080000104                IfxMultican_TXD1_P14_0_OUT
                0x0000000080000118                IfxMultican_TXD1_P02_9_OUT
                0x000000008000012c                IfxMultican_TXD1_P01_3_OUT
                0x0000000080000140                IfxMultican_TXD1_P00_0_OUT
                0x0000000080000154                IfxMultican_TXD0_P34_1_OUT
                0x0000000080000168                IfxMultican_TXD0_P33_8_OUT
                0x000000008000017c                IfxMultican_TXD0_P20_8_OUT
                0x0000000080000190                IfxMultican_TXD0_P12_1_OUT
                0x00000000800001a4                IfxMultican_TXD0_P02_5_OUT
                0x00000000800001b8                IfxMultican_TXD0_P02_0_OUT
                0x00000000800001cc                IfxMultican_RXD3E_P20_9_IN
                0x00000000800001e0                IfxMultican_RXD3D_P11_10_IN
                0x00000000800001f4                IfxMultican_RXD3C_P20_0_IN
                0x0000000080000208                IfxMultican_RXD3B_P32_2_IN
                0x000000008000021c                IfxMultican_RXD3A_P00_3_IN
                0x0000000080000230                IfxMultican_RXD2E_P10_2_IN
                0x0000000080000244                IfxMultican_RXD2D_P14_8_IN
                0x0000000080000258                IfxMultican_RXD2C_P32_6_IN
                0x000000008000026c                IfxMultican_RXD2B_P02_3_IN
                0x0000000080000280                IfxMultican_RXD2A_P15_1_IN
                0x0000000080000294                IfxMultican_RXD1E_P02_10_IN
                0x00000000800002a8                IfxMultican_RXD1D_P00_1_IN
                0x00000000800002bc                IfxMultican_RXD1C_P01_4_IN
                0x00000000800002d0                IfxMultican_RXD1B_P14_1_IN
                0x00000000800002e4                IfxMultican_RXD1A_P15_3_IN
                0x00000000800002f8                IfxMultican_RXD0G_P34_2_IN
                0x000000008000030c                IfxMultican_RXD0E_P33_7_IN
                0x0000000080000320                IfxMultican_RXD0D_P02_4_IN
                0x0000000080000334                IfxMultican_RXD0C_P12_0_IN
                0x0000000080000348                IfxMultican_RXD0B_P20_7_IN
                0x000000008000035c                IfxMultican_RXD0A_P02_1_IN
 .rodata        0x0000000080000370        0x8 obj/bsw/IfxMultican_cfg.c.o
                0x0000000080000370                IfxMultican_cfg_indexMap
 .rodata        0x0000000080000378      0x100 obj/bsw/IfxPort_cfg.c.o
                0x0000000080000378                IfxPort_cfg_indexMap
                0x00000000800003f8                IfxPort_cfg_esrMasks
 .rodata        0x0000000080000478       0x80 obj/bsw/IfxScuCcu.c.o
                0x0000000080000478                IfxScuCcu_defaultErayPllConfig
                0x0000000080000480                IfxScuCcu_defaultClockConfig
 .rodata        0x00000000800004f8       0x38 obj/bsw/drivers/asclin.c.o
 .rodata        0x0000000080000530      0x298 obj/ee_applcfg.c.o
                0x0000000080000530                osEE_kdb_var
                0x0000000080000554                osEE_cdb_var
 .rodata        0x00000000800007c8       0x62 obj/main.c.o
 .rodata        0x000000008000082a      0x281 c:/hightec/toolchains/tricore/v4.9.3.0-infineon-1.0/bin/../lib/gcc/tricore/4.9.4/../../../../tricore/lib/tc161\libc.a(lib_a-ctype_.o)
                0x000000008000082a                _ctype_
 *fill*         0x0000000080000aab        0x1 00
 .rodata        0x0000000080000aac        0x8 c:/hightec/toolchains/tricore/v4.9.3.0-infineon-1.0/bin/../lib/gcc/tricore/4.9.4/../../../../tricore/lib/tc161\libc.a(lib_a-impure.o)
                0x0000000080000aac                _global_impure_ptr
 .rodata        0x0000000080000ab4       0x54 c:/hightec/toolchains/tricore/v4.9.3.0-infineon-1.0/bin/../lib/gcc/tricore/4.9.4/../../../../tricore/lib/tc161\libc.a(lib_a-svfprintf.o)
 .rodata        0x0000000080000b08        0xf c:/hightec/toolchains/tricore/v4.9.3.0-infineon-1.0/bin/../lib/gcc/tricore/4.9.4/../../../../tricore/lib/tc161\libc.a(lib_a-dtoa.o)
 *fill*         0x0000000080000b17        0x1 00
 .rodata        0x0000000080000b18       0x44 c:/hightec/toolchains/tricore/v4.9.3.0-infineon-1.0/bin/../lib/gcc/tricore/4.9.4/../../../../tricore/lib/tc161\libc.a(lib_a-locale.o)
 .rodata        0x0000000080000b5c      0x124 c:/hightec/toolchains/tricore/v4.9.3.0-infineon-1.0/bin/../lib/gcc/tricore/4.9.4/../../../../tricore/lib/tc161\libc.a(lib_a-mprec.o)
                0x0000000080000b68                __mprec_tinytens
                0x0000000080000b90                __mprec_bigtens
                0x0000000080000bb8                __mprec_tens
 .rodata        0x0000000080000c80       0x14 c:/hightec/toolchains/tricore/v4.9.3.0-infineon-1.0/bin/../lib/gcc/tricore/4.9.4/tc161\libgcc.a(_thenan_df.o)
                0x0000000080000c80                __thenan_df
 *(.rodata.*)
 *(.gnu.linkonce.r.*)
                0x0000000080000c94                . = ALIGN (0x4)
                0x0000000080000c94                PROVIDE (__clear_table, .)
                0x0000000080000c94        0x4 LONG 0x50000000 (0x0 + ADDR (.CPU2.zbss))
                0x0000000080000c98        0x4 LONG 0x0 SIZEOF (.CPU2.zbss)
                0x0000000080000c9c        0x4 LONG 0x50000000 (0x0 + ADDR (.CPU2.bss))
                0x0000000080000ca0        0x4 LONG 0x0 SIZEOF (.CPU2.bss)
                0x0000000080000ca4        0x4 LONG 0x60000000 (0x0 + ADDR (.CPU1.zbss))
                0x0000000080000ca8        0x4 LONG 0x0 SIZEOF (.CPU1.zbss)
                0x0000000080000cac        0x4 LONG 0x60000000 (0x0 + ADDR (.CPU1.bss))
                0x0000000080000cb0        0x4 LONG 0x0 SIZEOF (.CPU1.bss)
                0x0000000080000cb4        0x4 LONG 0x70004cc0 (0x0 + ADDR (.CPU0.zbss))
                0x0000000080000cb8        0x4 LONG 0x0 SIZEOF (.CPU0.zbss)
                0x0000000080000cbc        0x4 LONG 0x70004cc0 (0x0 + ADDR (.CPU0.bss))
                0x0000000080000cc0        0x4 LONG 0x0 SIZEOF (.CPU0.bss)
                0x0000000080000cc4        0x4 LONG 0x70000000 (0x0 + ADDR (.zbss))
                0x0000000080000cc8        0x4 LONG 0x0 SIZEOF (.zbss)
                0x0000000080000ccc        0x4 LONG 0x70000000 (0x0 + ADDR (.sbss))
                0x0000000080000cd0        0x4 LONG 0x0 SIZEOF (.sbss)
                0x0000000080000cd4        0x4 LONG 0x70001940 (0x0 + ADDR (.bss))
                0x0000000080000cd8        0x4 LONG 0x3380 SIZEOF (.bss)
                0x0000000080000cdc        0x4 LONG 0xb0000000 (0x0 + ADDR (.lmu_zbss))
                0x0000000080000ce0        0x4 LONG 0x0 SIZEOF (.lmu_zbss)
                0x0000000080000ce4        0x4 LONG 0xb0000000 (0x0 + ADDR (.lmu_sbss))
                0x0000000080000ce8        0x4 LONG 0x0 SIZEOF (.lmu_sbss)
                0x0000000080000cec        0x4 LONG 0xb0000000 (0x0 + ADDR (.lmu_bss))
                0x0000000080000cf0        0x4 LONG 0x0 SIZEOF (.lmu_bss)
                0x0000000080000cf4        0x4 LONG 0xffffffffffffffff
                0x0000000080000cf8        0x4 LONG 0xffffffffffffffff
                0x0000000080000cfc                PROVIDE (__copy_table, .)
                0x0000000080000cfc        0x4 LONG 0x800135b8 LOADADDR (.CPU2.zdata)
                0x0000000080000d00        0x4 LONG 0x50000000 ADDR (.CPU2.zdata)
                0x0000000080000d04        0x4 LONG 0x0 SIZEOF (.CPU2.zdata)
                0x0000000080000d08        0x4 LONG 0x800135b8 LOADADDR (.CPU2.data)
                0x0000000080000d0c        0x4 LONG 0x50000000 ADDR (.CPU2.data)
                0x0000000080000d10        0x4 LONG 0x0 SIZEOF (.CPU2.data)
                0x0000000080000d14        0x4 LONG 0x800135b8 LOADADDR (.CPU1.zdata)
                0x0000000080000d18        0x4 LONG 0x60000000 ADDR (.CPU1.zdata)
                0x0000000080000d1c        0x4 LONG 0x0 SIZEOF (.CPU1.zdata)
                0x0000000080000d20        0x4 LONG 0x800135b8 LOADADDR (.CPU1.data)
                0x0000000080000d24        0x4 LONG 0x60000000 ADDR (.CPU1.data)
                0x0000000080000d28        0x4 LONG 0x0 SIZEOF (.CPU1.data)
                0x0000000080000d2c        0x4 LONG 0x800135b8 LOADADDR (.CPU0.zdata)
                0x0000000080000d30        0x4 LONG 0x70004cc0 ADDR (.CPU0.zdata)
                0x0000000080000d34        0x4 LONG 0x0 SIZEOF (.CPU0.zdata)
                0x0000000080000d38        0x4 LONG 0x800135b8 LOADADDR (.CPU0.data)
                0x0000000080000d3c        0x4 LONG 0x70004cc0 ADDR (.CPU0.data)
                0x0000000080000d40        0x4 LONG 0x0 SIZEOF (.CPU0.data)
                0x0000000080000d44        0x4 LONG 0x80011c78 LOADADDR (.zdata)
                0x0000000080000d48        0x4 LONG 0x70000000 ADDR (.zdata)
                0x0000000080000d4c        0x4 LONG 0x0 SIZEOF (.zdata)
                0x0000000080000d50        0x4 LONG 0x80011c78 LOADADDR (.sdata)
                0x0000000080000d54        0x4 LONG 0x70000000 ADDR (.sdata)
                0x0000000080000d58        0x4 LONG 0x0 SIZEOF (.sdata)
                0x0000000080000d5c        0x4 LONG 0x80011c78 LOADADDR (.data)
                0x0000000080000d60        0x4 LONG 0x70000000 ADDR (.data)
                0x0000000080000d64        0x4 LONG 0x1940 SIZEOF (.data)
                0x0000000080000d68        0x4 LONG 0x800135b8 LOADADDR (.lmu_zdata)
                0x0000000080000d6c        0x4 LONG 0xb0000000 ADDR (.lmu_zdata)
                0x0000000080000d70        0x4 LONG 0x0 SIZEOF (.lmu_zdata)
                0x0000000080000d74        0x4 LONG 0x800135b8 LOADADDR (.lmu_sdata)
                0x0000000080000d78        0x4 LONG 0xb0000000 ADDR (.lmu_sdata)
                0x0000000080000d7c        0x4 LONG 0x0 SIZEOF (.lmu_sdata)
                0x0000000080000d80        0x4 LONG 0x800135b8 LOADADDR (.lmu_data)
                0x0000000080000d84        0x4 LONG 0xb0000000 ADDR (.lmu_data)
                0x0000000080000d88        0x4 LONG 0x0 SIZEOF (.lmu_data)
                0x0000000080000d8c        0x4 LONG 0x800135b8 LOADADDR (.CPU0.psram_text)
                0x0000000080000d90        0x4 LONG 0x70100000 ADDR (.CPU0.psram_text)
                0x0000000080000d94        0x4 LONG 0x0 SIZEOF (.CPU0.psram_text)
                0x0000000080000d98        0x4 LONG 0x800135b8 LOADADDR (.CPU1.psram_text)
                0x0000000080000d9c        0x4 LONG 0x60100000 ADDR (.CPU1.psram_text)
                0x0000000080000da0        0x4 LONG 0x0 SIZEOF (.CPU1.psram_text)
                0x0000000080000da4        0x4 LONG 0x800135b8 LOADADDR (.CPU2.psram_text)
                0x0000000080000da8        0x4 LONG 0x50102000 ADDR (.CPU2.psram_text)
                0x0000000080000dac        0x4 LONG 0x0 SIZEOF (.CPU2.psram_text)
                0x0000000080000db0        0x4 LONG 0xffffffffffffffff
                0x0000000080000db4        0x4 LONG 0xffffffffffffffff
                0x0000000080000db8        0x4 LONG 0xffffffffffffffff
                0x0000000080000dc0                . = ALIGN (0x8)
 *fill*         0x0000000080000dbc        0x4 00

.traptab        memory region -> PMU_PFLASH
                0x0000000080000e00      0x200
 *(.traptab)
 .traptab       0x0000000080000e00      0x100 c:/hightec/toolchains/tricore/v4.9.3.0-infineon-1.0/bin/../lib/gcc/tricore/4.9.4/../../../../tricore/lib/tc161\libos.a(ctraptab.o)
                0x0000000080000e00                TriCore_trap_table
                0x0000000080000e00                __trap_0
                0x0000000080000e20                __trap_1
                0x0000000080000e40                __trap_2
                0x0000000080000e60                __trap_3
                0x0000000080000e80                __trap_4
                0x0000000080000ea0                __trap_5
                0x0000000080000ec0                ___trap_6
                0x0000000080000ee0                __trap_7
 *(.traptab*)
 .traptab_cpu0  0x0000000080000f00      0x100 C:\TC275_~2\erika\lib\libee.a(ee_tc_trapvec.c.o)
                0x0000000080000f00                osEE_tc_trap_mmu
                0x0000000080000f00                __TRAPTAB
                0x0000000080000f20                osEE_tc_trap_protection
                0x0000000080000f40                osEE_tc_trap_instruction
                0x0000000080000f60                osEE_tc_trap_context
                0x0000000080000f80                osEE_tc_trap_bus
                0x0000000080000fa0                osEE_tc_trap_assertion
                0x0000000080000fc0                osEE_tc_trap_system
                0x0000000080000fe0                osEE_tc_trap_nmi
                0x0000000080001000                . = ALIGN (0x8)

.eh_frame       memory region -> PMU_PFLASH
                0x0000000080001000        0x0
 *(.gcc_except_table)
                0x0000000080001000                __EH_FRAME_BEGIN__ = .
 *(.eh_frame)
                0x0000000080001000                __EH_FRAME_END__ = .
 *(.jcr)
                0x0000000080001000                . = ALIGN (0x8)

.ctors          memory region -> PMU_PFLASH
                0x0000000080001000        0x8
                0x0000000080001000                __CTOR_LIST__ = .
                0x0000000080001000        0x4 LONG 0x0 (((__CTOR_END__ - __CTOR_LIST__) / 0x4) - 0x2)
 *(.ctors)
                0x0000000080001004        0x4 LONG 0x0
                0x0000000080001008                __CTOR_END__ = .
                0x0000000080001008                . = ALIGN (0x8)

.dtors          memory region -> PMU_PFLASH
                0x0000000080001008        0x8
                0x0000000080001008                __DTOR_LIST__ = .
                0x0000000080001008        0x4 LONG 0x0 (((__DTOR_END__ - __DTOR_LIST__) / 0x4) - 0x2)
 *(.dtors)
                0x000000008000100c        0x4 LONG 0x0
                0x0000000080001010                __DTOR_END__ = .
                0x0000000080001010                . = ALIGN (0x8)

.inttab_cpu0    memory region -> PMU_PFLASH
                0x0000000080002000     0x2000
 *(.inttab_cpu0)
 .inttab_cpu0   0x0000000080002000     0x2000 C:\TC275_~2\erika\lib\libee.a(ee_tc_intvec.c.o)
                0x0000000080002000                __INTTAB0
                0x0000000080002020                osEE_tc_isr2_entry_1
                0x0000000080002040                osEE_tc_isr_dummy_entry_2
                0x0000000080002060                osEE_tc_isr_dummy_entry_3
                0x0000000080002080                osEE_tc_isr_dummy_entry_4
                0x00000000800020a0                osEE_tc_isr_dummy_entry_5
                0x00000000800020c0                osEE_tc_isr_dummy_entry_6
                0x00000000800020e0                osEE_tc_isr_dummy_entry_7
                0x0000000080002100                osEE_tc_isr_dummy_entry_8
                0x0000000080002120                osEE_tc_isr_dummy_entry_9
                0x0000000080002140                osEE_tc_isr_dummy_entry_10
                0x0000000080002160                osEE_tc_isr_dummy_entry_11
                0x0000000080002180                osEE_tc_isr_dummy_entry_12
                0x00000000800021a0                osEE_tc_isr_dummy_entry_13
                0x00000000800021c0                osEE_tc_isr_dummy_entry_14
                0x00000000800021e0                osEE_tc_isr_dummy_entry_15
                0x0000000080002200                osEE_tc_isr_dummy_entry_16
                0x0000000080002220                osEE_tc_isr_dummy_entry_17
                0x0000000080002240                osEE_tc_isr_dummy_entry_18
                0x0000000080002260                osEE_tc_isr_dummy_entry_19
                0x0000000080002280                osEE_tc_isr_dummy_entry_20
                0x00000000800022a0                osEE_tc_isr_dummy_entry_21
                0x00000000800022c0                osEE_tc_isr_dummy_entry_22
                0x00000000800022e0                osEE_tc_isr_dummy_entry_23
                0x0000000080002300                osEE_tc_isr_dummy_entry_24
                0x0000000080002320                osEE_tc_isr_dummy_entry_25
                0x0000000080002340                osEE_tc_isr_dummy_entry_26
                0x0000000080002360                osEE_tc_isr_dummy_entry_27
                0x0000000080002380                osEE_tc_isr_dummy_entry_28
                0x00000000800023a0                osEE_tc_isr_dummy_entry_29
                0x00000000800023c0                osEE_tc_isr_dummy_entry_30
                0x00000000800023e0                osEE_tc_isr_dummy_entry_31
                0x0000000080002400                osEE_tc_isr_dummy_entry_32
                0x0000000080002420                osEE_tc_isr_dummy_entry_33
                0x0000000080002440                osEE_tc_isr_dummy_entry_34
                0x0000000080002460                osEE_tc_isr_dummy_entry_35
                0x0000000080002480                osEE_tc_isr_dummy_entry_36
                0x00000000800024a0                osEE_tc_isr_dummy_entry_37
                0x00000000800024c0                osEE_tc_isr_dummy_entry_38
                0x00000000800024e0                osEE_tc_isr_dummy_entry_39
                0x0000000080002500                osEE_tc_isr_dummy_entry_40
                0x0000000080002520                osEE_tc_isr_dummy_entry_41
                0x0000000080002540                osEE_tc_isr_dummy_entry_42
                0x0000000080002560                osEE_tc_isr_dummy_entry_43
                0x0000000080002580                osEE_tc_isr_dummy_entry_44
                0x00000000800025a0                osEE_tc_isr_dummy_entry_45
                0x00000000800025c0                osEE_tc_isr_dummy_entry_46
                0x00000000800025e0                osEE_tc_isr_dummy_entry_47
                0x0000000080002600                osEE_tc_isr_dummy_entry_48
                0x0000000080002620                osEE_tc_isr_dummy_entry_49
                0x0000000080002640                osEE_tc_isr_dummy_entry_50
                0x0000000080002660                osEE_tc_isr_dummy_entry_51
                0x0000000080002680                osEE_tc_isr_dummy_entry_52
                0x00000000800026a0                osEE_tc_isr_dummy_entry_53
                0x00000000800026c0                osEE_tc_isr_dummy_entry_54
                0x00000000800026e0                osEE_tc_isr_dummy_entry_55
                0x0000000080002700                osEE_tc_isr_dummy_entry_56
                0x0000000080002720                osEE_tc_isr_dummy_entry_57
                0x0000000080002740                osEE_tc_isr_dummy_entry_58
                0x0000000080002760                osEE_tc_isr_dummy_entry_59
                0x0000000080002780                osEE_tc_isr_dummy_entry_60
                0x00000000800027a0                osEE_tc_isr_dummy_entry_61
                0x00000000800027c0                osEE_tc_isr_dummy_entry_62
                0x00000000800027e0                osEE_tc_isr_dummy_entry_63
                0x0000000080002800                osEE_tc_isr_dummy_entry_64
                0x0000000080002820                osEE_tc_isr_dummy_entry_65
                0x0000000080002840                osEE_tc_isr_dummy_entry_66
                0x0000000080002860                osEE_tc_isr_dummy_entry_67
                0x0000000080002880                osEE_tc_isr_dummy_entry_68
                0x00000000800028a0                osEE_tc_isr_dummy_entry_69
                0x00000000800028c0                osEE_tc_isr_dummy_entry_70
                0x00000000800028e0                osEE_tc_isr_dummy_entry_71
                0x0000000080002900                osEE_tc_isr_dummy_entry_72
                0x0000000080002920                osEE_tc_isr_dummy_entry_73
                0x0000000080002940                osEE_tc_isr_dummy_entry_74
                0x0000000080002960                osEE_tc_isr_dummy_entry_75
                0x0000000080002980                osEE_tc_isr_dummy_entry_76
                0x00000000800029a0                osEE_tc_isr_dummy_entry_77
                0x00000000800029c0                osEE_tc_isr_dummy_entry_78
                0x00000000800029e0                osEE_tc_isr_dummy_entry_79
                0x0000000080002a00                osEE_tc_isr_dummy_entry_80
                0x0000000080002a20                osEE_tc_isr_dummy_entry_81
                0x0000000080002a40                osEE_tc_isr_dummy_entry_82
                0x0000000080002a60                osEE_tc_isr_dummy_entry_83
                0x0000000080002a80                osEE_tc_isr_dummy_entry_84
                0x0000000080002aa0                osEE_tc_isr_dummy_entry_85
                0x0000000080002ac0                osEE_tc_isr_dummy_entry_86
                0x0000000080002ae0                osEE_tc_isr_dummy_entry_87
                0x0000000080002b00                osEE_tc_isr_dummy_entry_88
                0x0000000080002b20                osEE_tc_isr_dummy_entry_89
                0x0000000080002b40                osEE_tc_isr_dummy_entry_90
                0x0000000080002b60                osEE_tc_isr_dummy_entry_91
                0x0000000080002b80                osEE_tc_isr_dummy_entry_92
                0x0000000080002ba0                osEE_tc_isr_dummy_entry_93
                0x0000000080002bc0                osEE_tc_isr_dummy_entry_94
                0x0000000080002be0                osEE_tc_isr_dummy_entry_95
                0x0000000080002c00                osEE_tc_isr_dummy_entry_96
                0x0000000080002c20                osEE_tc_isr_dummy_entry_97
                0x0000000080002c40                osEE_tc_isr_dummy_entry_98
                0x0000000080002c60                osEE_tc_isr_dummy_entry_99
                0x0000000080002c80                osEE_tc_isr_dummy_entry_100
                0x0000000080002ca0                osEE_tc_isr_dummy_entry_101
                0x0000000080002cc0                osEE_tc_isr_dummy_entry_102
                0x0000000080002ce0                osEE_tc_isr_dummy_entry_103
                0x0000000080002d00                osEE_tc_isr_dummy_entry_104
                0x0000000080002d20                osEE_tc_isr_dummy_entry_105
                0x0000000080002d40                osEE_tc_isr_dummy_entry_106
                0x0000000080002d60                osEE_tc_isr_dummy_entry_107
                0x0000000080002d80                osEE_tc_isr_dummy_entry_108
                0x0000000080002da0                osEE_tc_isr_dummy_entry_109
                0x0000000080002dc0                osEE_tc_isr_dummy_entry_110
                0x0000000080002de0                osEE_tc_isr_dummy_entry_111
                0x0000000080002e00                osEE_tc_isr_dummy_entry_112
                0x0000000080002e20                osEE_tc_isr_dummy_entry_113
                0x0000000080002e40                osEE_tc_isr_dummy_entry_114
                0x0000000080002e60                osEE_tc_isr_dummy_entry_115
                0x0000000080002e80                osEE_tc_isr_dummy_entry_116
                0x0000000080002ea0                osEE_tc_isr_dummy_entry_117
                0x0000000080002ec0                osEE_tc_isr_dummy_entry_118
                0x0000000080002ee0                osEE_tc_isr_dummy_entry_119
                0x0000000080002f00                osEE_tc_isr_dummy_entry_120
                0x0000000080002f20                osEE_tc_isr_dummy_entry_121
                0x0000000080002f40                osEE_tc_isr_dummy_entry_122
                0x0000000080002f60                osEE_tc_isr_dummy_entry_123
                0x0000000080002f80                osEE_tc_isr_dummy_entry_124
                0x0000000080002fa0                osEE_tc_isr_dummy_entry_125
                0x0000000080002fc0                osEE_tc_isr_dummy_entry_126
                0x0000000080002fe0                osEE_tc_isr_dummy_entry_127
                0x0000000080003000                osEE_tc_isr_dummy_entry_128
                0x0000000080003020                osEE_tc_isr_dummy_entry_129
                0x0000000080003040                osEE_tc_isr_dummy_entry_130
                0x0000000080003060                osEE_tc_isr_dummy_entry_131
                0x0000000080003080                osEE_tc_isr_dummy_entry_132
                0x00000000800030a0                osEE_tc_isr_dummy_entry_133
                0x00000000800030c0                osEE_tc_isr_dummy_entry_134
                0x00000000800030e0                osEE_tc_isr_dummy_entry_135
                0x0000000080003100                osEE_tc_isr_dummy_entry_136
                0x0000000080003120                osEE_tc_isr_dummy_entry_137
                0x0000000080003140                osEE_tc_isr_dummy_entry_138
                0x0000000080003160                osEE_tc_isr_dummy_entry_139
                0x0000000080003180                osEE_tc_isr_dummy_entry_140
                0x00000000800031a0                osEE_tc_isr_dummy_entry_141
                0x00000000800031c0                osEE_tc_isr_dummy_entry_142
                0x00000000800031e0                osEE_tc_isr_dummy_entry_143
                0x0000000080003200                osEE_tc_isr_dummy_entry_144
                0x0000000080003220                osEE_tc_isr_dummy_entry_145
                0x0000000080003240                osEE_tc_isr_dummy_entry_146
                0x0000000080003260                osEE_tc_isr_dummy_entry_147
                0x0000000080003280                osEE_tc_isr_dummy_entry_148
                0x00000000800032a0                osEE_tc_isr_dummy_entry_149
                0x00000000800032c0                osEE_tc_isr_dummy_entry_150
                0x00000000800032e0                osEE_tc_isr_dummy_entry_151
                0x0000000080003300                osEE_tc_isr_dummy_entry_152
                0x0000000080003320                osEE_tc_isr_dummy_entry_153
                0x0000000080003340                osEE_tc_isr_dummy_entry_154
                0x0000000080003360                osEE_tc_isr_dummy_entry_155
                0x0000000080003380                osEE_tc_isr_dummy_entry_156
                0x00000000800033a0                osEE_tc_isr_dummy_entry_157
                0x00000000800033c0                osEE_tc_isr_dummy_entry_158
                0x00000000800033e0                osEE_tc_isr_dummy_entry_159
                0x0000000080003400                osEE_tc_isr_dummy_entry_160
                0x0000000080003420                osEE_tc_isr_dummy_entry_161
                0x0000000080003440                osEE_tc_isr_dummy_entry_162
                0x0000000080003460                osEE_tc_isr_dummy_entry_163
                0x0000000080003480                osEE_tc_isr_dummy_entry_164
                0x00000000800034a0                osEE_tc_isr_dummy_entry_165
                0x00000000800034c0                osEE_tc_isr_dummy_entry_166
                0x00000000800034e0                osEE_tc_isr_dummy_entry_167
                0x0000000080003500                osEE_tc_isr_dummy_entry_168
                0x0000000080003520                osEE_tc_isr_dummy_entry_169
                0x0000000080003540                osEE_tc_isr_dummy_entry_170
                0x0000000080003560                osEE_tc_isr_dummy_entry_171
                0x0000000080003580                osEE_tc_isr_dummy_entry_172
                0x00000000800035a0                osEE_tc_isr_dummy_entry_173
                0x00000000800035c0                osEE_tc_isr_dummy_entry_174
                0x00000000800035e0                osEE_tc_isr_dummy_entry_175
                0x0000000080003600                osEE_tc_isr_dummy_entry_176
                0x0000000080003620                osEE_tc_isr_dummy_entry_177
                0x0000000080003640                osEE_tc_isr_dummy_entry_178
                0x0000000080003660                osEE_tc_isr_dummy_entry_179
                0x0000000080003680                osEE_tc_isr_dummy_entry_180
                0x00000000800036a0                osEE_tc_isr_dummy_entry_181
                0x00000000800036c0                osEE_tc_isr_dummy_entry_182
                0x00000000800036e0                osEE_tc_isr_dummy_entry_183
                0x0000000080003700                osEE_tc_isr_dummy_entry_184
                0x0000000080003720                osEE_tc_isr_dummy_entry_185
                0x0000000080003740                osEE_tc_isr_dummy_entry_186
                0x0000000080003760                osEE_tc_isr_dummy_entry_187
                0x0000000080003780                osEE_tc_isr_dummy_entry_188
                0x00000000800037a0                osEE_tc_isr_dummy_entry_189
                0x00000000800037c0                osEE_tc_isr_dummy_entry_190
                0x00000000800037e0                osEE_tc_isr_dummy_entry_191
                0x0000000080003800                osEE_tc_isr_dummy_entry_192
                0x0000000080003820                osEE_tc_isr_dummy_entry_193
                0x0000000080003840                osEE_tc_isr_dummy_entry_194
                0x0000000080003860                osEE_tc_isr_dummy_entry_195
                0x0000000080003880                osEE_tc_isr_dummy_entry_196
                0x00000000800038a0                osEE_tc_isr_dummy_entry_197
                0x00000000800038c0                osEE_tc_isr_dummy_entry_198
                0x00000000800038e0                osEE_tc_isr_dummy_entry_199
                0x0000000080003900                osEE_tc_isr_dummy_entry_200
                0x0000000080003920                osEE_tc_isr_dummy_entry_201
                0x0000000080003940                osEE_tc_isr_dummy_entry_202
                0x0000000080003960                osEE_tc_isr_dummy_entry_203
                0x0000000080003980                osEE_tc_isr_dummy_entry_204
                0x00000000800039a0                osEE_tc_isr_dummy_entry_205
                0x00000000800039c0                osEE_tc_isr_dummy_entry_206
                0x00000000800039e0                osEE_tc_isr_dummy_entry_207
                0x0000000080003a00                osEE_tc_isr_dummy_entry_208
                0x0000000080003a20                osEE_tc_isr_dummy_entry_209
                0x0000000080003a40                osEE_tc_isr_dummy_entry_210
                0x0000000080003a60                osEE_tc_isr_dummy_entry_211
                0x0000000080003a80                osEE_tc_isr_dummy_entry_212
                0x0000000080003aa0                osEE_tc_isr_dummy_entry_213
                0x0000000080003ac0                osEE_tc_isr_dummy_entry_214
                0x0000000080003ae0                osEE_tc_isr_dummy_entry_215
                0x0000000080003b00                osEE_tc_isr_dummy_entry_216
                0x0000000080003b20                osEE_tc_isr_dummy_entry_217
                0x0000000080003b40                osEE_tc_isr_dummy_entry_218
                0x0000000080003b60                osEE_tc_isr_dummy_entry_219
                0x0000000080003b80                osEE_tc_isr_dummy_entry_220
                0x0000000080003ba0                osEE_tc_isr_dummy_entry_221
                0x0000000080003bc0                osEE_tc_isr_dummy_entry_222
                0x0000000080003be0                osEE_tc_isr_dummy_entry_223
                0x0000000080003c00                osEE_tc_isr_dummy_entry_224
                0x0000000080003c20                osEE_tc_isr_dummy_entry_225
                0x0000000080003c40                osEE_tc_isr_dummy_entry_226
                0x0000000080003c60                osEE_tc_isr_dummy_entry_227
                0x0000000080003c80                osEE_tc_isr_dummy_entry_228
                0x0000000080003ca0                osEE_tc_isr_dummy_entry_229
                0x0000000080003cc0                osEE_tc_isr_dummy_entry_230
                0x0000000080003ce0                osEE_tc_isr_dummy_entry_231
                0x0000000080003d00                osEE_tc_isr_dummy_entry_232
                0x0000000080003d20                osEE_tc_isr_dummy_entry_233
                0x0000000080003d40                osEE_tc_isr_dummy_entry_234
                0x0000000080003d60                osEE_tc_isr_dummy_entry_235
                0x0000000080003d80                osEE_tc_isr_dummy_entry_236
                0x0000000080003da0                osEE_tc_isr_dummy_entry_237
                0x0000000080003dc0                osEE_tc_isr_dummy_entry_238
                0x0000000080003de0                osEE_tc_isr_dummy_entry_239
                0x0000000080003e00                osEE_tc_isr_dummy_entry_240
                0x0000000080003e20                osEE_tc_isr_dummy_entry_241
                0x0000000080003e40                osEE_tc_isr_dummy_entry_242
                0x0000000080003e60                osEE_tc_isr_dummy_entry_243
                0x0000000080003e80                osEE_tc_isr_dummy_entry_244
                0x0000000080003ea0                osEE_tc_isr_dummy_entry_245
                0x0000000080003ec0                osEE_tc_isr_dummy_entry_246
                0x0000000080003ee0                osEE_tc_isr_dummy_entry_247
                0x0000000080003f00                osEE_tc_isr_dummy_entry_248
                0x0000000080003f20                osEE_tc_isr_dummy_entry_249
                0x0000000080003f40                osEE_tc_isr_dummy_entry_250
                0x0000000080003f60                osEE_tc_isr_dummy_entry_251
                0x0000000080003f80                osEE_tc_isr_dummy_entry_252
                0x0000000080003fa0                osEE_tc_isr_dummy_entry_253
                0x0000000080003fc0                osEE_tc_isr_dummy_entry_254
                0x0000000080003fe0                osEE_tc_isr_dummy_entry_255
 *(.*.inttab_cpu0)
                0x0000000080004000                . = ALIGN (0x8)

.text           memory region -> PMU_PFLASH
                0x0000000080004000     0xdc78
                0x0000000080004000                PROVIDE (__text_start, .)
 *(.text)
 .text          0x0000000080004000     0x1484 obj/bsw/IfxMultican.c.o
                0x000000008000413c                IfxMultican_MsgObj_cancelSend
                0x0000000080004154                IfxMultican_MsgObj_clearStatusFlag
                0x0000000080004160                IfxMultican_MsgObj_deinit
                0x00000000800041b8                IfxMultican_MsgObj_getPendingId
                0x00000000800041da                IfxMultican_MsgObj_getStatus
                0x00000000800041e0                IfxMultican_MsgObj_getStatusFlag
                0x00000000800041ea                IfxMultican_MsgObj_readLongFrame
                0x000000008000426c                IfxMultican_MsgObj_readMessage
                0x0000000080004314                IfxMultican_MsgObj_sendLongFrame
                0x000000008000449c                IfxMultican_MsgObj_sendMessage
                0x00000000800044fa                IfxMultican_MsgObj_writeTxfifo
                0x0000000080004564                IfxMultican_MsgObj_setFilter
                0x00000000800045a8                IfxMultican_MsgObj_setStatusFlag
                0x00000000800045b6                IfxMultican_Node_deinit
                0x00000000800045d0                IfxMultican_Node_initRxPin
                0x0000000080004602                IfxMultican_Node_initTxPin
                0x0000000080004626                IfxMultican_Node_recoverBusOff
                0x0000000080004690                IfxMultican_Node_setBitTiming
                0x0000000080004b8a                IfxMultican_Node_setFastBitTiming
                0x0000000080005084                IfxMultican_Node_setNominalBitTiming
                0x0000000080005210                IfxMultican_calcTimingFromBTR
                0x000000008000527c                IfxMultican_deinit
                0x00000000800053e6                IfxMultican_getSrcPointer
                0x00000000800053f4                IfxMultican_resetModule
                0x000000008000543a                IfxMultican_setListCommand
                0x0000000080005456                IfxMultican_getIndex
                0x0000000080005470                IfxMultican_getAddress
 .text          0x0000000080005484     0x14e2 obj/bsw/IfxMultican_Can.c.o
                0x0000000080005484                IfxMultican_Can_MsgObj_getConfig
                0x0000000080005508                IfxMultican_Can_MsgObj_init
                0x0000000080005f6c                IfxMultican_Can_MsgObj_initConfig
                0x0000000080006002                IfxMultican_Can_MsgObj_isRxPending
                0x000000008000602a                IfxMultican_Can_MsgObj_isTransmitRequested
                0x0000000080006052                IfxMultican_Can_MsgObj_isTxPending
                0x000000008000607a                IfxMultican_Can_MsgObj_readMessage
                0x00000000800060d2                IfxMultican_Can_MsgObj_sendMessage
                0x000000008000614c                IfxMultican_Can_Node_getConfig
                0x00000000800061fa                IfxMultican_Can_Node_init
                0x00000000800064b6                IfxMultican_Can_Node_initConfig
                0x0000000080006552                IfxMultican_Can_Node_sendToBusOff
                0x0000000080006618                IfxMultican_Can_getConfig
                0x00000000800066b2                IfxMultican_Can_getModuleFrequency
                0x000000008000672e                IfxMultican_Can_initModule
                0x00000000800068e0                IfxMultican_Can_initModuleConfig
 .text          0x0000000080006966      0x60c obj/bsw/IfxPort.c.o
                0x0000000080006966                IfxPort_disableEmergencyStop
                0x0000000080006a5a                IfxPort_enableEmergencyStop
                0x0000000080006aba                IfxPort_getAddress
                0x0000000080006b08                IfxPort_getIndex
                0x0000000080006bca                IfxPort_resetESR
                0x0000000080006bf2                IfxPort_setESR
                0x0000000080006c1c                IfxPort_setGroupModeInput
                0x0000000080006cd0                IfxPort_setGroupModeOutput
                0x0000000080006d86                IfxPort_setGroupPadDriver
                0x0000000080006e2a                IfxPort_setPinMode
                0x0000000080006e8c                IfxPort_setPinModeLvdsHigh
                0x0000000080006ef4                IfxPort_setPinModeLvdsMedium
                0x0000000080006f36                IfxPort_setPinPadDriver
 *fill*         0x0000000080006f72        0x2 00
 .text          0x0000000080006f74     0x24fc obj/bsw/IfxScuCcu.c.o
                0x0000000080007058                IfxScuCcu_calculateSysPllDividers
                0x000000008000715a                IfxScuCcu_getBaud1Frequency
                0x00000000800072ca                IfxScuCcu_getBaud2Frequency
                0x000000008000743e                IfxScuCcu_getBbbFrequency
                0x0000000080007588                IfxScuCcu_getCpuFrequency
                0x0000000080007718                IfxScuCcu_getFsi2Frequency
                0x00000000800078a6                IfxScuCcu_getFsiFrequency
                0x0000000080007a36                IfxScuCcu_getMaxFrequency
                0x0000000080007b76                IfxScuCcu_getModuleFrequency
                0x0000000080007d12                IfxScuCcu_getOsc0Frequency
                0x0000000080007d20                IfxScuCcu_getOscFrequency
                0x0000000080007d52                IfxScuCcu_getPllErayFrequency
                0x0000000080007df6                IfxScuCcu_getPllErayVcoFrequency
                0x0000000080007e60                IfxScuCcu_getPllFrequency
                0x0000000080007f0c                IfxScuCcu_getPllVcoFrequency
                0x0000000080007f76                IfxScuCcu_getSourceFrequency
                0x000000008000802c                IfxScuCcu_getSpbFrequency
                0x0000000080008174                IfxScuCcu_getSriFrequency
                0x00000000800082bc                IfxScuCcu_init
                0x00000000800086ac                IfxScuCcu_initConfig
                0x00000000800086c8                IfxScuCcu_initErayPll
                0x0000000080008860                IfxScuCcu_initErayPllConfig
                0x0000000080008872                IfxScuCcu_setCpuFrequency
                0x0000000080008a5a                IfxScuCcu_setGtmFrequency
                0x0000000080008c50                IfxScuCcu_setPll2ErayFrequency
                0x0000000080008d72                IfxScuCcu_setPll2Frequency
                0x0000000080008e94                IfxScuCcu_setSpbFrequency
                0x0000000080008ffa                IfxScuCcu_setSriFrequency
                0x0000000080009136                IfxScuCcu_switchToBackupClock
                0x0000000080009350                IfxScuCcu_enableExtClockOut0
                0x000000008000940c                IfxScuCcu_enableExtClockOut1
 .text          0x0000000080009470      0x610 obj/bsw/IfxScuWdt.c.o
                0x0000000080009470                IfxScuWdt_changeCpuWatchdogPassword
                0x00000000800094a8                IfxScuWdt_changeCpuWatchdogReload
                0x00000000800094e0                IfxScuWdt_changeSafetyWatchdogPassword
                0x0000000080009514                IfxScuWdt_changeSafetyWatchdogReload
                0x0000000080009548                IfxScuWdt_clearCpuEndinit
                0x000000008000957e                IfxScuWdt_clearSafetyEndinit
                0x00000000800095b0                IfxScuWdt_disableCpuWatchdog
                0x000000008000960a                IfxScuWdt_disableSafetyWatchdog
                0x0000000080009678                IfxScuWdt_enableCpuWatchdog
                0x00000000800096d4                IfxScuWdt_enableSafetyWatchdog
                0x0000000080009744                IfxScuWdt_getCpuWatchdogPassword
                0x0000000080009764                IfxScuWdt_getCpuWatchdogEndInit
                0x0000000080009780                IfxScuWdt_getSafetyWatchdogPassword
                0x0000000080009794                IfxScuWdt_initConfig
                0x00000000800097ae                IfxScuWdt_initCpuWatchdog
                0x0000000080009888                IfxScuWdt_initSafetyWatchdog
                0x0000000080009968                IfxScuWdt_serviceCpuWatchdog
                0x000000008000999e                IfxScuWdt_serviceSafetyWatchdog
                0x00000000800099d0                IfxScuWdt_setCpuEndinit
                0x0000000080009a06                IfxScuWdt_setSafetyEndinit
                0x0000000080009a38                IfxScuWdt_enableWatchdogWithDebugger
 .text          0x0000000080009a80      0x1c0 obj/bsw/drivers/Driver_Can.c.o
                0x0000000080009a80                CAN_RxInt0Handler
                0x0000000080009acc                Driver_Can_Init
                0x0000000080009c02                Driver_Can_TxTest
 .text          0x0000000080009c40      0xc5c obj/bsw/drivers/asclin.c.o
                0x0000000080009c40                _init_uart3
                0x0000000080009cec                _out_uart3
                0x0000000080009d02                _in_uart3
                0x0000000080009d2e                _poll_uart3
                0x0000000080009d5c                usr_vsprintf
                0x000000008000a3b2                usr_sprintf
                0x000000008000a3b8                my_puts
                0x000000008000a3f6                my_printf
                0x000000008000a48e                my_scanf
                0x000000008000a63e                remove_null
                0x000000008000a69e                _init_uart1
                0x000000008000a730                _in_uart1
                0x000000008000a764                _poll_uart1
                0x000000008000a798                _init_uart0
                0x000000008000a814                _in_uart0
                0x000000008000a84c                _poll_uart0
                0x000000008000a886                _out_uart0
 .text          0x000000008000a89c      0x1ea obj/bsw/drivers/gpt12.c.o
                0x000000008000a89c                IsrGpt2T6Handler
                0x000000008000a918                getLeftMotorDuty
                0x000000008000a922                getRightMotorDuty
                0x000000008000a92c                setLeftMotorDuty
                0x000000008000a936                setRightMotorDuty
                0x000000008000a940                getcntDelay
                0x000000008000a94a                setcntDelay
                0x000000008000a954                init_gpt1
                0x000000008000a9ce                init_gpt2
                0x000000008000aa2c                runGpt12_T3
                0x000000008000aa38                stopGpt12_T3
                0x000000008000aa46                runGpt12_T6
                0x000000008000aa52                stopGpt12_T6
                0x000000008000aa60                runGpt12_T4
                0x000000008000aa6c                stopGpt12_T4
                0x000000008000aa7a                setGpt12_T4
                0x000000008000aa80                getGpt12_T4
 .text          0x000000008000aa86       0xda obj/bsw/drivers/vadc.c.o
                0x000000008000aa86                init_VADC
                0x000000008000ab1c                VADC_startConversion
                0x000000008000ab46                VADC_readResult
 .text          0x000000008000ab60       0x56 obj/bsw/etc/etc.c.o
                0x000000008000ab60                delay_ms
 .text          0x000000008000abb6       0xc4 obj/bsw/io/Buzzer.c.o
                0x000000008000abb6                Init_Buzzer
                0x000000008000abcc                Init_Buzzer_PWM
                0x000000008000abf2                setBeepCycle
                0x000000008000abfc                Beep
                0x000000008000ac5c                IsrGpt120T3Handler_Beep
 .text          0x000000008000ac7a      0x21c obj/bsw/io/GPIO.c.o
                0x000000008000ac7a                Init_GPIO
                0x000000008000acdc                setLED1
                0x000000008000acf6                setLED2
                0x000000008000ad10                toggleLED1
                0x000000008000ad2e                toggleLED2
                0x000000008000ad4c                getSW1
                0x000000008000ad5c                getSW2
                0x000000008000ad6c                getSW1_Debounce
                0x000000008000ae00                getSW2_Debounce
 .text          0x000000008000ae96      0x206 obj/bsw/io/Motor.c.o
                0x000000008000ae96                Init_DCMotor
                0x000000008000af18                Init_DCMotorPWM
                0x000000008000afac                movChA
                0x000000008000afde                movChB
                0x000000008000b018                stopChA
                0x000000008000b028                stopChB
                0x000000008000b038                movChA_PWM
                0x000000008000b06a                movChB_PWM
 .text          0x000000008000b09c      0x114 obj/bsw/io/ToF.c.o
                0x000000008000b09c                Init_ToF
                0x000000008000b0a0                IsrUart1RxHandler_tof
                0x000000008000b0e2                getTofDistance
 .text          0x000000008000b1b0      0x19e obj/bsw/io/Ultrasonic.c.o
                0x000000008000b1b0                Init_Ultrasonics
                0x000000008000b1ce                ReadUltrasonic_noFilt
                0x000000008000b260                ReadUltrasonic_Filt
 .text          0x000000008000b34e       0x50 obj/bsw/system/interrupts.c.o
                0x000000008000b34e                InterruptInit
                0x000000008000b358                InterruptInstall
 .text          0x000000008000b39e      0x69e obj/bsw/system/system_tc27x.c.o
                0x000000008000b39e                SYSTEM_Init
                0x000000008000b63a                SYSTEM_GetExtClock
                0x000000008000b644                SYSTEM_GetCpuClock
                0x000000008000b704                SYSTEM_GetSysClock
                0x000000008000b794                SYSTEM_GetStmClock
                0x000000008000b824                SYSTEM_GetCanClock
                0x000000008000b8b2                SYSTEM_EnableInterrupts
                0x000000008000b8b8                SYSTEM_DisableInterrupts
                0x000000008000b8be                SYSTEM_EnableProtection
                0x000000008000b8c2                SYSTEM_DisableProtection
                0x000000008000b8c6                SYSTEM_EnableProtectionExt
                0x000000008000b8d2                SYSTEM_DisableProtectionExt
                0x000000008000b8de                SYSTEM_EnableSecProtection
                0x000000008000b8e2                SYSTEM_DisableSecProtection
                0x000000008000b8e6                SYSTEM_Reset
                0x000000008000b8fe                SYSTEM_IdleExt
                0x000000008000b952                SYSTEM_Idle
                0x000000008000b9aa                SYSTEM_Sleep
                0x000000008000b9fa                SYSTEM_IsCacheEnabled
                0x000000008000ba10                SYSTEM_EnaDisCache
                0x000000008000ba3a                SYSTEM_DbgBreak
 .text          0x000000008000ba3c      0x2c6 obj/main.c.o
                0x000000008000ba3c                StartupHook
                0x000000008000ba42                FuncTask_Motor
                0x000000008000baca                FuncTask_AEB
                0x000000008000bad8                FuncCAN_Tx
                0x000000008000bae6                FuncUART_Echo
                0x000000008000bb02                FuncDCMotor_Example
                0x000000008000bb3c                FuncTimer_Example
                0x000000008000bbcc                FuncUltrasonic_Example
                0x000000008000bc2c                FuncBuzzer_Example
                0x000000008000bc7a                FuncTOF_Example
                0x000000008000bcbe                FuncADC_Example
                0x000000008000bce4                FuncOS_EE_Task_Init
                0x000000008000bce8                main
 .text          0x000000008000bd02      0x46a C:\TC275_~2\erika\lib\libee.a(ee_tc_cstart.c.o)
                0x000000008000bd02                osEE_tc_core0_start
 .text          0x000000008000c16c      0x5c2 C:\TC275_~2\erika\lib\libee.a(ee_tc_system.c.o)
                0x000000008000c16c                osEE_tricore_system_timer_handler
                0x000000008000c1b8                osEE_tc_initialize_system_timer
                0x000000008000c250                osEE_tc_set_pll_fsource
                0x000000008000c432                osEE_tc_get_fsource
                0x000000008000c4ce                osEE_tc_stm_set_clockpersec
                0x000000008000c58c                osEE_tc_stm_set_sr1
                0x000000008000c654                osEE_tc_stm_set_sr1_next_match
                0x000000008000c6c0                osEE_tc_delay
 .text          0x000000008000c72e        0xc C:\TC275_~2\erika\lib\libee.a(ee_tc_intvec.c.o)
 *fill*         0x000000008000c73a        0x2 00
 .text          0x000000008000c73c      0xa10 C:\TC275_~2\erika\lib\libee.a(ee_oo_api_osek.c.o)
                0x000000008000c73c                DisableAllInterrupts
                0x000000008000c750                EnableAllInterrupts
                0x000000008000c76a                SuspendAllInterrupts
                0x000000008000c7c2                ResumeAllInterrupts
                0x000000008000c7e6                SuspendOSInterrupts
                0x000000008000c84c                ResumeOSInterrupts
                0x000000008000c884                StartOS
                0x000000008000c91a                GetActiveApplicationMode
                0x000000008000c934                ActivateTask
                0x000000008000c99c                ChainTask
                0x000000008000ca4a                TerminateTask
                0x000000008000ca9a                Schedule
                0x000000008000cb04                GetResource
                0x000000008000cba4                ReleaseResource
                0x000000008000cc46                ShutdownOS
                0x000000008000ccae                GetTaskID
                0x000000008000cd02                GetTaskState
                0x000000008000cd70                SetRelAlarm
                0x000000008000cdca                SetAbsAlarm
                0x000000008000ce24                CancelAlarm
                0x000000008000ce76                GetAlarm
                0x000000008000ced0                GetAlarmBase
                0x000000008000cf00                WaitEvent
                0x000000008000cf64                SetEvent
                0x000000008000cfde                GetEvent
                0x000000008000d00a                ClearEvent
                0x000000008000d050                GetCounterValue
                0x000000008000d07c                GetElapsedValue
                0x000000008000d0c6                IncrementCounter
                0x000000008000d134                GetISRID
 .text          0x000000008000d14c       0xe2 C:\TC275_~2\erika\lib\libee.a(ee_oo_sched_entry_points.c.o)
                0x000000008000d14c                osEE_scheduler_task_wrapper_restore
                0x000000008000d154                osEE_scheduler_task_wrapper_run
                0x000000008000d212                osEE_idle_hook_wrapper
 .text          0x000000008000d22e      0x180 C:\TC275_~2\erika\lib\libee.a(ee_oo_scheduler.c.o)
                0x000000008000d22e                osEE_scheduler_rq_insert
                0x000000008000d26a                osEE_scheduler_core_rq_preempt_stk
                0x000000008000d2ce                osEE_sn_priority_insert
                0x000000008000d342                osEE_scheduler_core_pop_running
 .text          0x000000008000d3ae       0x6e C:\TC275_~2\erika\lib\libee.a(ee_oo_kernel.c.o)
                0x000000008000d3ae                osEE_task_activated
                0x000000008000d3c6                osEE_task_end
                0x000000008000d3de                osEE_task_event_set_mask
                0x000000008000d3fe                osEE_activate_isr2
 .text          0x000000008000d41c      0x1c8 C:\TC275_~2\erika\lib\libee.a(ee_oo_sched_partitioned.c.o)
                0x000000008000d41c                osEE_scheduler_task_activated
                0x000000008000d480                osEE_scheduler_task_insert
                0x000000008000d4a8                osEE_scheduler_task_unblocked
                0x000000008000d4ec                osEE_scheduler_task_terminated
                0x000000008000d57c                osEE_scheduler_task_preemption_point
                0x000000008000d5a0                osEE_scheduler_task_set_running
 .text          0x000000008000d5e4      0x250 C:\TC275_~2\erika\lib\libee.a(ee_oo_counter.c.o)
                0x000000008000d5e4                osEE_counter_insert_rel_trigger
                0x000000008000d65c                osEE_counter_insert_abs_trigger
                0x000000008000d6bc                osEE_counter_cancel_trigger
                0x000000008000d6e0                osEE_counter_increment
 .text          0x000000008000d834       0xc8 C:\TC275_~2\erika\lib\libee.a(ee_oo_alarm.c.o)
                0x000000008000d834                osEE_alarm_set_rel
                0x000000008000d87e                osEE_alarm_set_abs
                0x000000008000d8a4                osEE_alarm_cancel
                0x000000008000d8cc                osEE_alarm_get
 .text          0x000000008000d8fc       0x50 C:\TC275_~2\erika\lib\libee.a(ee_std_change_context.c.o)
                0x000000008000d8fc                osEE_change_context_from_running
                0x000000008000d916                osEE_change_context_from_task_end
                0x000000008000d92a                osEE_idle_task_terminate
 .text          0x000000008000d94c       0x7c C:\TC275_~2\erika\lib\libee.a(ee_tc_hal.c.o)
                0x000000008000d94c                osEE_cpu_startos
 .text          0x000000008000d9c8      0x134 C:\TC275_~2\erika\lib\libee.a(ee_tc_ctx.c.o)
                0x000000008000d9ea                osEE_hal_save_ctx_and_restore_ctx
                0x000000008000da0e                osEE_hal_restore_ctx
                0x000000008000da28                osEE_hal_save_ctx_and_ready2stacked
                0x000000008000da4c                osEE_hal_ready2stacked
                0x000000008000da78                osEE_tc_change_context_from_isr2_end
                0x000000008000da96                osEE_hal_terminate_ctx
 .text          0x000000008000dafc       0x1c c:/hightec/toolchains/tricore/v4.9.3.0-infineon-1.0/bin/../lib/gcc/tricore/4.9.4/../../../../tricore/lib/tc161\libos.a(int1.o)
                0x000000008000dafc                __interrupt_1
 .text          0x000000008000db18       0x2a c:/hightec/toolchains/tricore/v4.9.3.0-infineon-1.0/bin/../lib/gcc/tricore/4.9.4/../../../../tricore/lib/tc161\libos.a(trap6.o)
                0x000000008000db18                __trap_6
 *(.text.*)
 .text.atoi     0x000000008000db42        0xa c:/hightec/toolchains/tricore/v4.9.3.0-infineon-1.0/bin/../lib/gcc/tricore/4.9.4/../../../../tricore/lib/tc161\libc.a(lib_a-atoi.o)
                0x000000008000db42                atoi
 .text.strchr   0x000000008000db4c       0x1c c:/hightec/toolchains/tricore/v4.9.3.0-infineon-1.0/bin/../lib/gcc/tricore/4.9.4/../../../../tricore/lib/tc161\libc.a(lib_a-strchr.o)
                0x000000008000db4c                strchr
 .text.strlen   0x000000008000db68       0x14 c:/hightec/toolchains/tricore/v4.9.3.0-infineon-1.0/bin/../lib/gcc/tricore/4.9.4/../../../../tricore/lib/tc161\libc.a(lib_a-strlen.o)
                0x000000008000db68                strlen
 .text._strtol_r
                0x000000008000db7c      0x106 c:/hightec/toolchains/tricore/v4.9.3.0-infineon-1.0/bin/../lib/gcc/tricore/4.9.4/../../../../tricore/lib/tc161\libc.a(lib_a-strtol.o)
                0x000000008000db7c                _strtol_r
 .text.strtol   0x000000008000dc82       0x12 c:/hightec/toolchains/tricore/v4.9.3.0-infineon-1.0/bin/../lib/gcc/tricore/4.9.4/../../../../tricore/lib/tc161\libc.a(lib_a-strtol.o)
                0x000000008000dc82                strtol
 .text._vsprintf_r
                0x000000008000dc94       0x28 c:/hightec/toolchains/tricore/v4.9.3.0-infineon-1.0/bin/../lib/gcc/tricore/4.9.4/../../../../tricore/lib/tc161\libc.a(lib_a-vsprintf.o)
                0x000000008000dc94                _vsprintf_r
 .text.vsprintf
                0x000000008000dcbc       0x16 c:/hightec/toolchains/tricore/v4.9.3.0-infineon-1.0/bin/../lib/gcc/tricore/4.9.4/../../../../tricore/lib/tc161\libc.a(lib_a-vsprintf.o)
                0x000000008000dcbc                vsprintf
 *fill*         0x000000008000dcd2        0x2 00
 .text._svfprintf_r
                0x000000008000dcd4     0x11a4 c:/hightec/toolchains/tricore/v4.9.3.0-infineon-1.0/bin/../lib/gcc/tricore/4.9.4/../../../../tricore/lib/tc161\libc.a(lib_a-svfprintf.o)
                0x000000008000dcd4                _svfprintf_r
 .text.quorem   0x000000008000ee78      0x11a c:/hightec/toolchains/tricore/v4.9.3.0-infineon-1.0/bin/../lib/gcc/tricore/4.9.4/../../../../tricore/lib/tc161\libc.a(lib_a-dtoa.o)
 *fill*         0x000000008000ef92        0x2 00
 .text._dtoa_r  0x000000008000ef94      0xcd4 c:/hightec/toolchains/tricore/v4.9.3.0-infineon-1.0/bin/../lib/gcc/tricore/4.9.4/../../../../tricore/lib/tc161\libc.a(lib_a-dtoa.o)
                0x000000008000ef94                _dtoa_r
 .text._localeconv_r
                0x000000008000fc68        0xa c:/hightec/toolchains/tricore/v4.9.3.0-infineon-1.0/bin/../lib/gcc/tricore/4.9.4/../../../../tricore/lib/tc161\libc.a(lib_a-locale.o)
                0x000000008000fc68                _localeconv_r
 .text._malloc_r
                0x000000008000fc72      0x49a c:/hightec/toolchains/tricore/v4.9.3.0-infineon-1.0/bin/../lib/gcc/tricore/4.9.4/../../../../tricore/lib/tc161\libc.a(lib_a-mallocr.o)
                0x000000008000fc72                _malloc_r
 .text.memchr   0x000000008001010c       0x18 c:/hightec/toolchains/tricore/v4.9.3.0-infineon-1.0/bin/../lib/gcc/tricore/4.9.4/../../../../tricore/lib/tc161\libc.a(lib_a-memchr.o)
                0x000000008001010c                memchr
 .text.memcpy   0x0000000080010124       0x1c c:/hightec/toolchains/tricore/v4.9.3.0-infineon-1.0/bin/../lib/gcc/tricore/4.9.4/../../../../tricore/lib/tc161\libc.a(lib_a-memcpy.o)
                0x0000000080010124                memcpy
 .text.__malloc_lock
                0x0000000080010140        0x2 c:/hightec/toolchains/tricore/v4.9.3.0-infineon-1.0/bin/../lib/gcc/tricore/4.9.4/../../../../tricore/lib/tc161\libc.a(lib_a-mlock.o)
                0x0000000080010140                __malloc_lock
 .text.__malloc_unlock
                0x0000000080010142        0x2 c:/hightec/toolchains/tricore/v4.9.3.0-infineon-1.0/bin/../lib/gcc/tricore/4.9.4/../../../../tricore/lib/tc161\libc.a(lib_a-mlock.o)
                0x0000000080010142                __malloc_unlock
 .text._Balloc  0x0000000080010144       0x56 c:/hightec/toolchains/tricore/v4.9.3.0-infineon-1.0/bin/../lib/gcc/tricore/4.9.4/../../../../tricore/lib/tc161\libc.a(lib_a-mprec.o)
                0x0000000080010144                _Balloc
 .text._Bfree   0x000000008001019a       0x12 c:/hightec/toolchains/tricore/v4.9.3.0-infineon-1.0/bin/../lib/gcc/tricore/4.9.4/../../../../tricore/lib/tc161\libc.a(lib_a-mprec.o)
                0x000000008001019a                _Bfree
 .text.__multadd
                0x00000000800101ac       0x82 c:/hightec/toolchains/tricore/v4.9.3.0-infineon-1.0/bin/../lib/gcc/tricore/4.9.4/../../../../tricore/lib/tc161\libc.a(lib_a-mprec.o)
                0x00000000800101ac                __multadd
 .text.__hi0bits
                0x000000008001022e       0x42 c:/hightec/toolchains/tricore/v4.9.3.0-infineon-1.0/bin/../lib/gcc/tricore/4.9.4/../../../../tricore/lib/tc161\libc.a(lib_a-mprec.o)
                0x000000008001022e                __hi0bits
 .text.__lo0bits
                0x0000000080010270       0x66 c:/hightec/toolchains/tricore/v4.9.3.0-infineon-1.0/bin/../lib/gcc/tricore/4.9.4/../../../../tricore/lib/tc161\libc.a(lib_a-mprec.o)
                0x0000000080010270                __lo0bits
 .text.__i2b    0x00000000800102d6       0x10 c:/hightec/toolchains/tricore/v4.9.3.0-infineon-1.0/bin/../lib/gcc/tricore/4.9.4/../../../../tricore/lib/tc161\libc.a(lib_a-mprec.o)
                0x00000000800102d6                __i2b
 .text.__multiply
                0x00000000800102e6      0x11a c:/hightec/toolchains/tricore/v4.9.3.0-infineon-1.0/bin/../lib/gcc/tricore/4.9.4/../../../../tricore/lib/tc161\libc.a(lib_a-mprec.o)
                0x00000000800102e6                __multiply
 .text.__pow5mult
                0x0000000080010400       0x7c c:/hightec/toolchains/tricore/v4.9.3.0-infineon-1.0/bin/../lib/gcc/tricore/4.9.4/../../../../tricore/lib/tc161\libc.a(lib_a-mprec.o)
                0x0000000080010400                __pow5mult
 .text.__lshift
                0x000000008001047c       0xba c:/hightec/toolchains/tricore/v4.9.3.0-infineon-1.0/bin/../lib/gcc/tricore/4.9.4/../../../../tricore/lib/tc161\libc.a(lib_a-mprec.o)
                0x000000008001047c                __lshift
 .text.__mcmp   0x0000000080010536       0x42 c:/hightec/toolchains/tricore/v4.9.3.0-infineon-1.0/bin/../lib/gcc/tricore/4.9.4/../../../../tricore/lib/tc161\libc.a(lib_a-mprec.o)
                0x0000000080010536                __mcmp
 .text.__mdiff  0x0000000080010578       0xca c:/hightec/toolchains/tricore/v4.9.3.0-infineon-1.0/bin/../lib/gcc/tricore/4.9.4/../../../../tricore/lib/tc161\libc.a(lib_a-mprec.o)
                0x0000000080010578                __mdiff
 .text.__d2b    0x0000000080010642       0xa8 c:/hightec/toolchains/tricore/v4.9.3.0-infineon-1.0/bin/../lib/gcc/tricore/4.9.4/../../../../tricore/lib/tc161\libc.a(lib_a-mprec.o)
                0x0000000080010642                __d2b
 .text.__fpclassifyd
                0x00000000800106ea       0x42 c:/hightec/toolchains/tricore/v4.9.3.0-infineon-1.0/bin/../lib/gcc/tricore/4.9.4/../../../../tricore/lib/tc161\libc.a(lib_a-s_fpclassify.o)
                0x00000000800106ea                __fpclassifyd
 .text._sbrk_r  0x000000008001072c       0x1e c:/hightec/toolchains/tricore/v4.9.3.0-infineon-1.0/bin/../lib/gcc/tricore/4.9.4/../../../../tricore/lib/tc161\libc.a(lib_a-sbrkr.o)
                0x000000008001072c                _sbrk_r
 .text.__ssprint_r
                0x000000008001074a       0xf0 c:/hightec/toolchains/tricore/v4.9.3.0-infineon-1.0/bin/../lib/gcc/tricore/4.9.4/../../../../tricore/lib/tc161\libc.a(lib_a-svfiprintf.o)
                0x000000008001074a                __ssprint_r
 .text._calloc_r
                0x000000008001083a       0x62 c:/hightec/toolchains/tricore/v4.9.3.0-infineon-1.0/bin/../lib/gcc/tricore/4.9.4/../../../../tricore/lib/tc161\libc.a(lib_a-callocr.o)
                0x000000008001083a                _calloc_r
 .text._malloc_trim_r
                0x000000008001089c       0xba c:/hightec/toolchains/tricore/v4.9.3.0-infineon-1.0/bin/../lib/gcc/tricore/4.9.4/../../../../tricore/lib/tc161\libc.a(lib_a-freer.o)
                0x000000008001089c                _malloc_trim_r
 .text._free_r  0x0000000080010956      0x1ac c:/hightec/toolchains/tricore/v4.9.3.0-infineon-1.0/bin/../lib/gcc/tricore/4.9.4/../../../../tricore/lib/tc161\libc.a(lib_a-freer.o)
                0x0000000080010956                _free_r
 .text.memmove  0x0000000080010b02       0x50 c:/hightec/toolchains/tricore/v4.9.3.0-infineon-1.0/bin/../lib/gcc/tricore/4.9.4/../../../../tricore/lib/tc161\libc.a(lib_a-memmove.o)
                0x0000000080010b02                memmove
 .text.memset   0x0000000080010b52       0x10 c:/hightec/toolchains/tricore/v4.9.3.0-infineon-1.0/bin/../lib/gcc/tricore/4.9.4/../../../../tricore/lib/tc161\libc.a(lib_a-memset.o)
                0x0000000080010b52                memset
 .text._realloc_r
                0x0000000080010b62      0x3f0 c:/hightec/toolchains/tricore/v4.9.3.0-infineon-1.0/bin/../lib/gcc/tricore/4.9.4/../../../../tricore/lib/tc161\libc.a(lib_a-reallocr.o)
                0x0000000080010b62                _realloc_r
 .text.__int_handler
                0x0000000080010f52        0x2 c:/hightec/toolchains/tricore/v4.9.3.0-infineon-1.0/bin/../lib/gcc/tricore/4.9.4/../../../../tricore/lib/tc161\libos.a(cint.o)
                0x0000000080010f52                __int_handler
 .text.__class_0_trap_handler
                0x0000000080010f54        0xe c:/hightec/toolchains/tricore/v4.9.3.0-infineon-1.0/bin/../lib/gcc/tricore/4.9.4/../../../../tricore/lib/tc161\libos.a(cint.o)
 .text.tsim_abort
                0x0000000080010f62       0x1a c:/hightec/toolchains/tricore/v4.9.3.0-infineon-1.0/bin/../lib/gcc/tricore/4.9.4/../../../../tricore/lib/tc161\libos.a(cint.o)
                0x0000000080010f62                tsim_abort
 .text.__class_7_trap_handler
                0x0000000080010f7c        0xa c:/hightec/toolchains/tricore/v4.9.3.0-infineon-1.0/bin/../lib/gcc/tricore/4.9.4/../../../../tricore/lib/tc161\libos.a(cint.o)
 .text.__class_6_trap_handler
                0x0000000080010f86        0xa c:/hightec/toolchains/tricore/v4.9.3.0-infineon-1.0/bin/../lib/gcc/tricore/4.9.4/../../../../tricore/lib/tc161\libos.a(cint.o)
 .text.__class_5_trap_handler
                0x0000000080010f90        0xa c:/hightec/toolchains/tricore/v4.9.3.0-infineon-1.0/bin/../lib/gcc/tricore/4.9.4/../../../../tricore/lib/tc161\libos.a(cint.o)
 .text.__class_4_trap_handler
                0x0000000080010f9a        0xa c:/hightec/toolchains/tricore/v4.9.3.0-infineon-1.0/bin/../lib/gcc/tricore/4.9.4/../../../../tricore/lib/tc161\libos.a(cint.o)
 .text.__class_3_trap_handler
                0x0000000080010fa4        0xa c:/hightec/toolchains/tricore/v4.9.3.0-infineon-1.0/bin/../lib/gcc/tricore/4.9.4/../../../../tricore/lib/tc161\libos.a(cint.o)
 .text.__class_2_trap_handler
                0x0000000080010fae        0xa c:/hightec/toolchains/tricore/v4.9.3.0-infineon-1.0/bin/../lib/gcc/tricore/4.9.4/../../../../tricore/lib/tc161\libos.a(cint.o)
 .text.__class_1_trap_handler
                0x0000000080010fb8        0xa c:/hightec/toolchains/tricore/v4.9.3.0-infineon-1.0/bin/../lib/gcc/tricore/4.9.4/../../../../tricore/lib/tc161\libos.a(cint.o)
 .text._install_int_handler
                0x0000000080010fc2       0x26 c:/hightec/toolchains/tricore/v4.9.3.0-infineon-1.0/bin/../lib/gcc/tricore/4.9.4/../../../../tricore/lib/tc161\libos.a(cint.o)
                0x0000000080010fc2                _install_int_handler
 .text._init_vectab
                0x0000000080010fe8       0xac c:/hightec/toolchains/tricore/v4.9.3.0-infineon-1.0/bin/../lib/gcc/tricore/4.9.4/../../../../tricore/lib/tc161\libos.a(cint.o)
                0x0000000080010fe8                _init_vectab
 .text.unlock_wdtcon
                0x0000000080011094       0x2c c:/hightec/toolchains/tricore/v4.9.3.0-infineon-1.0/bin/../lib/gcc/tricore/4.9.4/../../../../tricore/lib/tc161\libos.a(wdtcon.o)
                0x0000000080011094                unlock_wdtcon
 .text.lock_wdtcon
                0x00000000800110c0       0x2c c:/hightec/toolchains/tricore/v4.9.3.0-infineon-1.0/bin/../lib/gcc/tricore/4.9.4/../../../../tricore/lib/tc161\libos.a(wdtcon.o)
                0x00000000800110c0                lock_wdtcon
 .text.unlock_safety_wdtcon
                0x00000000800110ec       0x20 c:/hightec/toolchains/tricore/v4.9.3.0-infineon-1.0/bin/../lib/gcc/tricore/4.9.4/../../../../tricore/lib/tc161\libos.a(wdtcon.o)
                0x00000000800110ec                unlock_safety_wdtcon
 .text.lock_safety_wdtcon
                0x000000008001110c       0x20 c:/hightec/toolchains/tricore/v4.9.3.0-infineon-1.0/bin/../lib/gcc/tricore/4.9.4/../../../../tricore/lib/tc161\libos.a(wdtcon.o)
                0x000000008001110c                lock_safety_wdtcon
 .text._exit    0x000000008001112c       0x10 c:/hightec/toolchains/tricore/v4.9.3.0-infineon-1.0/bin/../lib/gcc/tricore/4.9.4/../../../../tricore/lib/tc161\libos.a(libos_exit.o)
                0x000000008001112c                _exit
 .text.sbrk     0x000000008001113c       0x3c c:/hightec/toolchains/tricore/v4.9.3.0-infineon-1.0/bin/../lib/gcc/tricore/4.9.4/../../../../tricore/lib/tc161\libos.a(libos_sbrk.o)
                0x000000008001113c                sbrk
 .text.__errno  0x0000000080011178        0xa c:/hightec/toolchains/tricore/v4.9.3.0-infineon-1.0/bin/../lib/gcc/tricore/4.9.4/../../../../tricore/lib/tc161\libos.a(libos.o)
                0x0000000080011178                __errno
 .text.abort    0x0000000080011182       0x12 c:/hightec/toolchains/tricore/v4.9.3.0-infineon-1.0/bin/../lib/gcc/tricore/4.9.4/../../../../tricore/lib/tc161\libos.a(libos_abort.o)
                0x0000000080011182                abort
 .text._fpadd_parts
                0x0000000080011194      0x19c c:/hightec/toolchains/tricore/v4.9.3.0-infineon-1.0/bin/../lib/gcc/tricore/4.9.4/tc161\libgcc.a(_addsub_df.o)
 .text.__adddf3
                0x0000000080011330       0x38 c:/hightec/toolchains/tricore/v4.9.3.0-infineon-1.0/bin/../lib/gcc/tricore/4.9.4/tc161\libgcc.a(_addsub_df.o)
                0x0000000080011330                __adddf3
 .text.__subdf3
                0x0000000080011368       0x40 c:/hightec/toolchains/tricore/v4.9.3.0-infineon-1.0/bin/../lib/gcc/tricore/4.9.4/tc161\libgcc.a(_addsub_df.o)
                0x0000000080011368                __subdf3
 .text.__muldf3
                0x00000000800113a8      0x1a4 c:/hightec/toolchains/tricore/v4.9.3.0-infineon-1.0/bin/../lib/gcc/tricore/4.9.4/tc161\libgcc.a(_mul_df.o)
                0x00000000800113a8                __muldf3
 .text.__divdf3
                0x000000008001154c      0x118 c:/hightec/toolchains/tricore/v4.9.3.0-infineon-1.0/bin/../lib/gcc/tricore/4.9.4/tc161\libgcc.a(_div_df.o)
                0x000000008001154c                __divdf3
 .text.__eqdf2  0x0000000080011664       0x40 c:/hightec/toolchains/tricore/v4.9.3.0-infineon-1.0/bin/../lib/gcc/tricore/4.9.4/tc161\libgcc.a(_eq_df.o)
                0x0000000080011664                __eqdf2
 .text.__nedf2  0x00000000800116a4       0x40 c:/hightec/toolchains/tricore/v4.9.3.0-infineon-1.0/bin/../lib/gcc/tricore/4.9.4/tc161\libgcc.a(_ne_df.o)
                0x00000000800116a4                __nedf2
 .text.__gtdf2  0x00000000800116e4       0x40 c:/hightec/toolchains/tricore/v4.9.3.0-infineon-1.0/bin/../lib/gcc/tricore/4.9.4/tc161\libgcc.a(_gt_df.o)
                0x00000000800116e4                __gtdf2
 .text.__gedf2  0x0000000080011724       0x40 c:/hightec/toolchains/tricore/v4.9.3.0-infineon-1.0/bin/../lib/gcc/tricore/4.9.4/tc161\libgcc.a(_ge_df.o)
                0x0000000080011724                __gedf2
 .text.__ltdf2  0x0000000080011764       0x40 c:/hightec/toolchains/tricore/v4.9.3.0-infineon-1.0/bin/../lib/gcc/tricore/4.9.4/tc161\libgcc.a(_lt_df.o)
                0x0000000080011764                __ltdf2
 .text.__floatsidf
                0x00000000800117a4       0x48 c:/hightec/toolchains/tricore/v4.9.3.0-infineon-1.0/bin/../lib/gcc/tricore/4.9.4/tc161\libgcc.a(_si_to_df.o)
                0x00000000800117a4                __floatsidf
 .text.__fixdfsi
                0x00000000800117ec       0x4e c:/hightec/toolchains/tricore/v4.9.3.0-infineon-1.0/bin/../lib/gcc/tricore/4.9.4/tc161\libgcc.a(_df_to_si.o)
                0x00000000800117ec                __fixdfsi
 .text.__floatunsidf
                0x000000008001183a       0x32 c:/hightec/toolchains/tricore/v4.9.3.0-infineon-1.0/bin/../lib/gcc/tricore/4.9.4/tc161\libgcc.a(_usi_to_df.o)
                0x000000008001183a                __floatunsidf
 .text.__udivdi3
                0x000000008001186c       0xa0 c:/hightec/toolchains/tricore/v4.9.3.0-infineon-1.0/bin/../lib/gcc/tricore/4.9.4/tc161\libgcc.a(udivdi3.o)
                0x000000008001186c                __udivdi3
 .text.__umoddi3
                0x000000008001190c       0x26 c:/hightec/toolchains/tricore/v4.9.3.0-infineon-1.0/bin/../lib/gcc/tricore/4.9.4/tc161\libgcc.a(umoddi3.o)
                0x000000008001190c                __umoddi3
 .text.libgcc   0x0000000080011932       0x1a c:/hightec/toolchains/tricore/v4.9.3.0-infineon-1.0/bin/../lib/gcc/tricore/4.9.4/tc161\libgcc.a(_ashldi3.o)
                0x0000000080011932                __ashldi3
 .text.libgcc   0x000000008001194c       0x26 c:/hightec/toolchains/tricore/v4.9.3.0-infineon-1.0/bin/../lib/gcc/tricore/4.9.4/tc161\libgcc.a(_lshrdi3.o)
                0x000000008001194c                __lshrdi3
 .text.__pack_d
                0x0000000080011972      0x112 c:/hightec/toolchains/tricore/v4.9.3.0-infineon-1.0/bin/../lib/gcc/tricore/4.9.4/tc161\libgcc.a(_pack_df.o)
                0x0000000080011972                __pack_d
 .text.__unpack_d
                0x0000000080011a84       0xac c:/hightec/toolchains/tricore/v4.9.3.0-infineon-1.0/bin/../lib/gcc/tricore/4.9.4/tc161\libgcc.a(_unpack_df.o)
                0x0000000080011a84                __unpack_d
 .text.__fpcmp_parts_d
                0x0000000080011b30       0xa6 c:/hightec/toolchains/tricore/v4.9.3.0-infineon-1.0/bin/../lib/gcc/tricore/4.9.4/tc161\libgcc.a(_fpcmp_parts_df.o)
                0x0000000080011b30                __fpcmp_parts_d
 .text.__udiv6432
                0x0000000080011bd6       0x9c c:/hightec/toolchains/tricore/v4.9.3.0-infineon-1.0/bin/../lib/gcc/tricore/4.9.4/tc161\libgcc.a(udiv6432.o)
                0x0000000080011bd6                __udiv6432
 *(.gnu.linkonce.t.*)
 *(.gnu.warning)
                0x0000000080011c78                . = ALIGN (0x8)
 *fill*         0x0000000080011c72        0x6 00

.inttab         memory region -> PMI_PSPR2
                0x0000000050100000     0x2000
 .inttab        0x0000000050100000     0x2000 c:/hightec/toolchains/tricore/v4.9.3.0-infineon-1.0/bin/../lib/gcc/tricore/4.9.4/../../../../tricore/lib/tc161\libos.a(cinttab.o)
                0x0000000050100000                TriCore_int_table
                0x0000000050100020                ___interrupt_1
                0x0000000050100040                __interrupt_2
                0x0000000050100060                __interrupt_3
                0x0000000050100080                __interrupt_4
                0x00000000501000a0                __interrupt_5
                0x00000000501000c0                __interrupt_6
                0x00000000501000e0                __interrupt_7
                0x0000000050100100                __interrupt_8
                0x0000000050100120                __interrupt_9
                0x0000000050100140                __interrupt_10
                0x0000000050100160                __interrupt_11
                0x0000000050100180                __interrupt_12
                0x00000000501001a0                __interrupt_13
                0x00000000501001c0                __interrupt_14
                0x00000000501001e0                __interrupt_15
                0x0000000050100200                __interrupt_16
                0x0000000050100220                __interrupt_17
                0x0000000050100240                __interrupt_18
                0x0000000050100260                __interrupt_19
                0x0000000050100280                __interrupt_20
                0x00000000501002a0                __interrupt_21
                0x00000000501002c0                __interrupt_22
                0x00000000501002e0                __interrupt_23
                0x0000000050100300                __interrupt_24
                0x0000000050100320                __interrupt_25
                0x0000000050100340                __interrupt_26
                0x0000000050100360                __interrupt_27
                0x0000000050100380                __interrupt_28
                0x00000000501003a0                __interrupt_29
                0x00000000501003c0                __interrupt_30
                0x00000000501003e0                __interrupt_31
                0x0000000050100400                __interrupt_32
                0x0000000050100420                __interrupt_33
                0x0000000050100440                __interrupt_34
                0x0000000050100460                __interrupt_35
                0x0000000050100480                __interrupt_36
                0x00000000501004a0                __interrupt_37
                0x00000000501004c0                __interrupt_38
                0x00000000501004e0                __interrupt_39
                0x0000000050100500                __interrupt_40
                0x0000000050100520                __interrupt_41
                0x0000000050100540                __interrupt_42
                0x0000000050100560                __interrupt_43
                0x0000000050100580                __interrupt_44
                0x00000000501005a0                __interrupt_45
                0x00000000501005c0                __interrupt_46
                0x00000000501005e0                __interrupt_47
                0x0000000050100600                __interrupt_48
                0x0000000050100620                __interrupt_49
                0x0000000050100640                __interrupt_50
                0x0000000050100660                __interrupt_51
                0x0000000050100680                __interrupt_52
                0x00000000501006a0                __interrupt_53
                0x00000000501006c0                __interrupt_54
                0x00000000501006e0                __interrupt_55
                0x0000000050100700                __interrupt_56
                0x0000000050100720                __interrupt_57
                0x0000000050100740                __interrupt_58
                0x0000000050100760                __interrupt_59
                0x0000000050100780                __interrupt_60
                0x00000000501007a0                __interrupt_61
                0x00000000501007c0                __interrupt_62
                0x00000000501007e0                __interrupt_63
                0x0000000050100800                __interrupt_64
                0x0000000050100820                __interrupt_65
                0x0000000050100840                __interrupt_66
                0x0000000050100860                __interrupt_67
                0x0000000050100880                __interrupt_68
                0x00000000501008a0                __interrupt_69
                0x00000000501008c0                __interrupt_70
                0x00000000501008e0                __interrupt_71
                0x0000000050100900                __interrupt_72
                0x0000000050100920                __interrupt_73
                0x0000000050100940                __interrupt_74
                0x0000000050100960                __interrupt_75
                0x0000000050100980                __interrupt_76
                0x00000000501009a0                __interrupt_77
                0x00000000501009c0                __interrupt_78
                0x00000000501009e0                __interrupt_79
                0x0000000050100a00                __interrupt_80
                0x0000000050100a20                __interrupt_81
                0x0000000050100a40                __interrupt_82
                0x0000000050100a60                __interrupt_83
                0x0000000050100a80                __interrupt_84
                0x0000000050100aa0                __interrupt_85
                0x0000000050100ac0                __interrupt_86
                0x0000000050100ae0                __interrupt_87
                0x0000000050100b00                __interrupt_88
                0x0000000050100b20                __interrupt_89
                0x0000000050100b40                __interrupt_90
                0x0000000050100b60                __interrupt_91
                0x0000000050100b80                __interrupt_92
                0x0000000050100ba0                __interrupt_93
                0x0000000050100bc0                __interrupt_94
                0x0000000050100be0                __interrupt_95
                0x0000000050100c00                __interrupt_96
                0x0000000050100c20                __interrupt_97
                0x0000000050100c40                __interrupt_98
                0x0000000050100c60                __interrupt_99
                0x0000000050100c80                __interrupt_100
                0x0000000050100ca0                __interrupt_101
                0x0000000050100cc0                __interrupt_102
                0x0000000050100ce0                __interrupt_103
                0x0000000050100d00                __interrupt_104
                0x0000000050100d20                __interrupt_105
                0x0000000050100d40                __interrupt_106
                0x0000000050100d60                __interrupt_107
                0x0000000050100d80                __interrupt_108
                0x0000000050100da0                __interrupt_109
                0x0000000050100dc0                __interrupt_110
                0x0000000050100de0                __interrupt_111
                0x0000000050100e00                __interrupt_112
                0x0000000050100e20                __interrupt_113
                0x0000000050100e40                __interrupt_114
                0x0000000050100e60                __interrupt_115
                0x0000000050100e80                __interrupt_116
                0x0000000050100ea0                __interrupt_117
                0x0000000050100ec0                __interrupt_118
                0x0000000050100ee0                __interrupt_119
                0x0000000050100f00                __interrupt_120
                0x0000000050100f20                __interrupt_121
                0x0000000050100f40                __interrupt_122
                0x0000000050100f60                __interrupt_123
                0x0000000050100f80                __interrupt_124
                0x0000000050100fa0                __interrupt_125
                0x0000000050100fc0                __interrupt_126
                0x0000000050100fe0                __interrupt_127
                0x0000000050101000                __interrupt_128
                0x0000000050101020                __interrupt_129