Archive member included because of file (symbol)

C:\Users\user\ECLIPS~1\TC275_~1\erika\lib\libee.a(ee_tc_cstart.c.o)
                              (__TRICORE_DERIVATE_NAME__)
C:\Users\user\ECLIPS~1\TC275_~1\erika\lib\libee.a(ee_tc_system.c.o)
                              obj/ee_applcfg.c.o (osEE_tricore_system_timer_handler)
C:\Users\user\ECLIPS~1\TC275_~1\erika\lib\libee.a(ee_tc_trapvec.c.o)
                              C:\Users\user\ECLIPS~1\TC275_~1\erika\lib\libee.a(ee_tc_cstart.c.o) (__TRAPTAB)
C:\Users\user\ECLIPS~1\TC275_~1\erika\lib\libee.a(ee_tc_intvec.c.o)
                              C:\Users\user\ECLIPS~1\TC275_~1\erika\lib\libee.a(ee_tc_cstart.c.o) (__INTTAB0)
C:\Users\user\ECLIPS~1\TC275_~1\erika\lib\libee.a(ee_oo_api_osek.c.o)
                              obj/main.c.o (StartOS)
C:\Users\user\ECLIPS~1\TC275_~1\erika\lib\libee.a(ee_oo_sched_entry_points.c.o)
                              obj/ee_applcfg.c.o (osEE_idle_hook_wrapper)
C:\Users\user\ECLIPS~1\TC275_~1\erika\lib\libee.a(ee_oo_scheduler.c.o)
                              C:\Users\user\ECLIPS~1\TC275_~1\erika\lib\libee.a(ee_oo_api_osek.c.o) (osEE_scheduler_core_pop_running)
C:\Users\user\ECLIPS~1\TC275_~1\erika\lib\libee.a(ee_oo_kernel.c.o)
                              C:\Users\user\ECLIPS~1\TC275_~1\erika\lib\libee.a(ee_oo_api_osek.c.o) (osEE_task_activated)
C:\Users\user\ECLIPS~1\TC275_~1\erika\lib\libee.a(ee_oo_sched_partitioned.c.o)
                              C:\Users\user\ECLIPS~1\TC275_~1\erika\lib\libee.a(ee_oo_api_osek.c.o) (osEE_scheduler_task_activated)
C:\Users\user\ECLIPS~1\TC275_~1\erika\lib\libee.a(ee_oo_counter.c.o)
                              C:\Users\user\ECLIPS~1\TC275_~1\erika\lib\libee.a(ee_tc_system.c.o) (osEE_counter_increment)
C:\Users\user\ECLIPS~1\TC275_~1\erika\lib\libee.a(ee_oo_alarm.c.o)
                              C:\Users\user\ECLIPS~1\TC275_~1\erika\lib\libee.a(ee_oo_api_osek.c.o) (osEE_alarm_set_rel)
C:\Users\user\ECLIPS~1\TC275_~1\erika\lib\libee.a(ee_std_change_context.c.o)
                              C:\Users\user\ECLIPS~1\TC275_~1\erika\lib\libee.a(ee_oo_api_osek.c.o) (osEE_change_context_from_running)
C:\Users\user\ECLIPS~1\TC275_~1\erika\lib\libee.a(ee_tc_hal.c.o)
                              C:\Users\user\ECLIPS~1\TC275_~1\erika\lib\libee.a(ee_oo_api_osek.c.o) (osEE_cpu_startos)
C:\Users\user\ECLIPS~1\TC275_~1\erika\lib\libee.a(ee_tc_ctx.c.o)
                              C:\Users\user\ECLIPS~1\TC275_~1\erika\lib\libee.a(ee_std_change_context.c.o) (osEE_hal_ready2stacked)
c:/hightec/toolchains/tricore/v4.9.3.0-infineon-1.0/bin/../lib/gcc/tricore/4.9.4/../../../../tricore/lib/tc161\libc.a(lib_a-atoi.o)
                              obj/bsw/drivers/asclin.c.o (atoi)
c:/hightec/toolchains/tricore/v4.9.3.0-infineon-1.0/bin/../lib/gcc/tricore/4.9.4/../../../../tricore/lib/tc161\libc.a(lib_a-strchr.o)
                              obj/bsw/drivers/asclin.c.o (strchr)
c:/hightec/toolchains/tricore/v4.9.3.0-infineon-1.0/bin/../lib/gcc/tricore/4.9.4/../../../../tricore/lib/tc161\libc.a(lib_a-strlen.o)
                              obj/bsw/drivers/asclin.c.o (strlen)
c:/hightec/toolchains/tricore/v4.9.3.0-infineon-1.0/bin/../lib/gcc/tricore/4.9.4/../../../../tricore/lib/tc161\libc.a(lib_a-strtol.o)
                              c:/hightec/toolchains/tricore/v4.9.3.0-infineon-1.0/bin/../lib/gcc/tricore/4.9.4/../../../../tricore/lib/tc161\libc.a(lib_a-atoi.o) (_strtol_r)
c:/hightec/toolchains/tricore/v4.9.3.0-infineon-1.0/bin/../lib/gcc/tricore/4.9.4/../../../../tricore/lib/tc161\libc.a(lib_a-vsprintf.o)
                              obj/bsw/drivers/asclin.c.o (vsprintf)
c:/hightec/toolchains/tricore/v4.9.3.0-infineon-1.0/bin/../lib/gcc/tricore/4.9.4/../../../../tricore/lib/tc161\libc.a(lib_a-ctype_.o)
                              c:/hightec/toolchains/tricore/v4.9.3.0-infineon-1.0/bin/../lib/gcc/tricore/4.9.4/../../../../tricore/lib/tc161\libc.a(lib_a-strtol.o) (__ctype_ptr__)
c:/hightec/toolchains/tricore/v4.9.3.0-infineon-1.0/bin/../lib/gcc/tricore/4.9.4/../../../../tricore/lib/tc161\libc.a(lib_a-impure.o)
                              c:/hightec/toolchains/tricore/v4.9.3.0-infineon-1.0/bin/../lib/gcc/tricore/4.9.4/../../../../tricore/lib/tc161\libc.a(lib_a-strtol.o) (_impure_ptr)
c:/hightec/toolchains/tricore/v4.9.3.0-infineon-1.0/bin/../lib/gcc/tricore/4.9.4/../../../../tricore/lib/tc161\libc.a(lib_a-svfprintf.o)
                              c:/hightec/toolchains/tricore/v4.9.3.0-infineon-1.0/bin/../lib/gcc/tricore/4.9.4/../../../../tricore/lib/tc161\libc.a(lib_a-vsprintf.o) (_svfprintf_r)
c:/hightec/toolchains/tricore/v4.9.3.0-infineon-1.0/bin/../lib/gcc/tricore/4.9.4/../../../../tricore/lib/tc161\libc.a(lib_a-dtoa.o)
                              c:/hightec/toolchains/tricore/v4.9.3.0-infineon-1.0/bin/../lib/gcc/tricore/4.9.4/../../../../tricore/lib/tc161\libc.a(lib_a-svfprintf.o) (_dtoa_r)
[...]
Memory Configuration

Name             Origin             Length             Used               Free               Attributes
DMI_DSPR2_local  0x00000000d0000000 0x000000000001e000         0x0000000000000000         0x000000000001e000 w !xpc2
DMI_DSPR2        0x0000000050000000 0x000000000001e000         0x000000000001dc00         0x0000000000000400 w !xpc2
PMI_PSPR2        0x0000000050100000 0x0000000000006000         0x0000000000002000         0x0000000000004000 xw !pc2
DMI_DSPR1_local  0x00000000d0000000 0x000000000001e000         0x0000000000000000         0x000000000001e000 w !xpc1
DMI_DSPR1        0x0000000060000000 0x000000000001e000         0x000000000001dc00         0x0000000000000400 w !xpc1
PMI_PSPR1        0x0000000060100000 0x0000000000006000         0x0000000000000000         0x0000000000006000 xw !pc1
DMI_DSPR0_local  0x00000000d0000000 0x000000000001c000         0x0000000000000000         0x000000000001c000 w !xpc0
DMI_DSPR0        0x0000000070000000 0x000000000001c000         0x000000000001bc00         0x0000000000000400 w !xpc0
PMI_PSPR0        0x0000000070100000 0x0000000000006000         0x0000000000000000         0x0000000000006000 xw !pc0
PMI_PSRAM_local  0x00000000c0000000 0x0000000000006000         0x0000000000000000         0x0000000000006000 xw !p
PMU_PFLASH       0x0000000080000000 0x0000000000400000         0x000000000000ca50         0x00000000003f35b0 xr !p
PMU_PFLASH_nc    0x00000000a0000000 0x0000000000400000         0x0000000000000000         0x0000000000400000 xr !p
PMU_DFLASH0      0x00000000af000000 0x0000000000104000         0x0000000000000000         0x0000000000104000 r !xp
PMU_DFLASH1      0x00000000af110000 0x0000000000010000         0x0000000000000000         0x0000000000010000 r !xp
LMU_SRAM         0x0000000090000000 0x0000000000008000         0x0000000000000000         0x0000000000008000 w !xp
LMU_SRAM_nc      0x00000000b0000000 0x0000000000008000         0x0000000000000000         0x0000000000008000 w !xp
EDMEM            0x000000009f000000 0x0000000000100000         0x0000000000000000         0x0000000000100000 w !xp
EDMEM_nc         0x00000000bf000000 0x0000000000100000         0x0000000000000000         0x0000000000100000 w !xp
BROM             0x000000008fff8000 0x0000000000008000         0x0000000000000000         0x0000000000008000 xr !p
*default*        0x0000000000000000 0xffffffffffffffff         0x0000000000000000         0xffffffffffffffff

List of aliases

DMI_DSPR0       : GLOBAL_RAM

Memory region maps:

CORE     Local Region   Global Region
CPU0     0xd0000000     0x70000000
CPU1     0xd0000000     0x60000000
CPU2     0xd0000000     0x50000000


Linker script and memory map

LOAD obj/bsw/drivers/asclin.c.o
LOAD obj/bsw/drivers/gpt12.c.o
LOAD obj/bsw/drivers/vadc.c.o
LOAD obj/bsw/etc/etc.c.o
LOAD obj/bsw/io/Buzzer.c.o
LOAD obj/bsw/io/GPIO.c.o
LOAD obj/bsw/io/Motor.c.o
LOAD obj/bsw/io/ToF.c.o
LOAD obj/bsw/io/Ultrasonic.c.o
LOAD obj/bsw/system/interrupts.c.o
LOAD obj/bsw/system/system_tc27x.c.o
LOAD obj/ee_applcfg.c.o
LOAD obj/main.c.o
START GROUP
LOAD C:\Users\user\ECLIPS~1\TC275_~1\erika\lib\libee.a
END GROUP
LOAD c:/hightec/toolchains/tricore/v4.9.3.0-infineon-1.0/bin/../lib/gcc/tricore/4.9.4/tc161\libgcc.a
LOAD c:/hightec/toolchains/tricore/v4.9.3.0-infineon-1.0/bin/../lib/gcc/tricore/4.9.4/../../../../tricore/lib/tc161\libc.a
LOAD c:/hightec/toolchains/tricore/v4.9.3.0-infineon-1.0/bin/../lib/gcc/tricore/4.9.4/../../../../tricore/lib/tc161\libos.a
LOAD c:/hightec/toolchains/tricore/v4.9.3.0-infineon-1.0/bin/../lib/gcc/tricore/4.9.4/../../../../tricore/lib/tc161\libm.a
LOAD c:/hightec/toolchains/tricore/v4.9.3.0-infineon-1.0/bin/../lib/gcc/tricore/4.9.4/../../../../tricore/lib/tc161\libc.a
LOAD c:/hightec/toolchains/tricore/v4.9.3.0-infineon-1.0/bin/../lib/gcc/tricore/4.9.4/tc161\libgcc.a
                0x0000000000002700                __TRICORE_DERIVATE_MEMORY_MAP__ = 0x2700
                [0x0000000000002000]                __CSA_SIZE = DEFINED (__CSA_SIZE)?__CSA_SIZE:0x2000
                [0x0000000000000400]                __ISTACK_SIZE = DEFINED (__ISTACK_SIZE)?__ISTACK_SIZE:0x400
                [0x0000000000001000]                __USTACK_SIZE = DEFINED (__USTACK_SIZE)?__USTACK_SIZE:0x1000
                [0x0000000000000000]                __HEAP_SIZE = DEFINED (__HEAP_SIZE)?__HEAP_SIZE:0x0
                [0x0000000000002000]                __CSA0_SIZE = DEFINED (__CSA0_SIZE)?__CSA0_SIZE:__CSA_SIZE
                [0x0000000000000400]                __ISTACK0_SIZE = DEFINED (__ISTACK0_SIZE)?__ISTACK0_SIZE:__ISTACK_SIZE
                [0x0000000000001000]                __USTACK0_SIZE = DEFINED (__USTACK0_SIZE)?__USTACK0_SIZE:__USTACK_SIZE
                [0x0000000000002000]                __CSA1_SIZE = DEFINED (__CSA1_SIZE)?__CSA1_SIZE:__CSA_SIZE
                [0x0000000000000400]                __ISTACK1_SIZE = DEFINED (__ISTACK1_SIZE)?__ISTACK1_SIZE:__ISTACK_SIZE
                [0x0000000000001000]                __USTACK1_SIZE = DEFINED (__USTACK1_SIZE)?__USTACK1_SIZE:__USTACK_SIZE
                [0x0000000000002000]                __CSA2_SIZE = DEFINED (__CSA2_SIZE)?__CSA2_SIZE:__CSA_SIZE
                [0x0000000000000400]                __ISTACK2_SIZE = DEFINED (__ISTACK2_SIZE)?__ISTACK2_SIZE:__ISTACK_SIZE
                [0x0000000000001000]                __USTACK2_SIZE = DEFINED (__USTACK2_SIZE)?__USTACK2_SIZE:__USTACK_SIZE
                0x0000000050000000                __DSPR2_START = 0x50000000
                0x0000000060000000                __DSPR1_START = 0x60000000
                0x0000000070000000                __DSPR0_START = 0x70000000
                0x000000000001e000                __DSPR2_SIZE = 0x1e000
                0x000000000001e000                __DSPR1_SIZE = 0x1e000
                0x000000000001c000                __DSPR0_SIZE = 0x1c000
                0x0000000000019c00                __CSA0_OFFSET = ((__DSPR0_SIZE - 0x400) - __CSA0_SIZE)
                0x0000000000019700                __ISTACK0_OFFSET = ((__CSA0_OFFSET - 0x100) - __ISTACK0_SIZE)
                0x0000000000018600                __USTACK0_OFFSET = ((__ISTACK0_OFFSET - 0x100) - __USTACK0_SIZE)
                0x000000000001bc00                __CSA1_OFFSET = ((__DSPR1_SIZE - 0x400) - __CSA1_SIZE)
                0x000000000001b700                __ISTACK1_OFFSET = ((__CSA1_OFFSET - 0x100) - __ISTACK1_SIZE)
                0x000000000001a600                __USTACK1_OFFSET = ((__ISTACK1_OFFSET - 0x100) - __USTACK1_SIZE)
                0x000000000001bc00                __CSA2_OFFSET = ((__DSPR2_SIZE - 0x400) - __CSA2_SIZE)
                0x000000000001b700                __ISTACK2_OFFSET = ((__CSA2_OFFSET - 0x100) - __ISTACK2_SIZE)
                0x000000000001a600                __USTACK2_OFFSET = ((__ISTACK2_OFFSET - 0x100) - __USTACK2_SIZE)

.bmhd0          memory region -> PMU_PFLASH
                0x0000000080000000        0x0
                0x0000000080000000                BootModeHeader0 = .
 *(.bmhd0)

.bmhd1          memory region -> PMU_PFLASH
                0x0000000080020000        0x0
                0x0000000080020000                BootModeHeader1 = .
 *(.bmhd1)

.startup        memory region -> PMU_PFLASH
                0x0000000080000020        0x6
                0x0000000080000020                BootModeIndex = .
 *(.startup)
 .startup       0x0000000080000020        0x6 C:\Users\user\ECLIPS~1\TC275_~1\erika\lib\libee.a(ee_tc_cstart.c.o)
                0x0000000080000020                _start

.zrodata
 *(.zrodata)
 *(.zrodata.*)

.sdata2         memory region -> PMU_PFLASH
                0x0000000080000026        0x0
 *(.srodata)
 *(.srodata.*)
                0x0000000080008000                _SMALL_DATA2_ = SIZEOF (.sdata2)?(ADDR (.sdata2) + 0x8000):((ADDR (.sdata2) & 0xf0000000) + 0x8000)
                0x0000000080008000                __A1_MEM = _SMALL_DATA2_

.rodata         memory region -> PMU_PFLASH
                0x0000000080000028      0x8f0
 *(.rodata)
 .rodata        0x0000000080000028       0x38 obj/bsw/drivers/asclin.c.o
 .rodata        0x0000000080000060      0x2b4 obj/ee_applcfg.c.o
                0x0000000080000060                osEE_kdb_var
                0x0000000080000084                osEE_cdb_var
 .rodata        0x0000000080000314       0x72 obj/main.c.o
 .rodata        0x0000000080000386      0x281 c:/hightec/toolchains/tricore/v4.9.3.0-infineon-1.0/bin/../lib/gcc/tricore/4.9.4/../../../../tricore/lib/tc161\libc.a(lib_a-ctype_.o)
                0x0000000080000386                _ctype_
 *fill*         0x0000000080000607        0x1 00
 .rodata        0x0000000080000608        0x8 c:/hightec/toolchains/tricore/v4.9.3.0-infineon-1.0/bin/../lib/gcc/tricore/4.9.4/../../../../tricore/lib/tc161\libc.a(lib_a-impure.o)
                0x0000000080000608                _global_impure_ptr
 .rodata        0x0000000080000610       0x54 c:/hightec/toolchains/tricore/v4.9.3.0-infineon-1.0/bin/../lib/gcc/tricore/4.9.4/../../../../tricore/lib/tc161\libc.a(lib_a-svfprintf.o)
 .rodata        0x0000000080000664        0xf c:/hightec/toolchains/tricore/v4.9.3.0-infineon-1.0/bin/../lib/gcc/tricore/4.9.4/../../../../tricore/lib/tc161\libc.a(lib_a-dtoa.o)
 *fill*         0x0000000080000673        0x1 00
 .rodata        0x0000000080000674       0x44 c:/hightec/toolchains/tricore/v4.9.3.0-infineon-1.0/bin/../lib/gcc/tricore/4.9.4/../../../../tricore/lib/tc161\libc.a(lib_a-locale.o)
 .rodata        0x00000000800006b8      0x124 c:/hightec/toolchains/tricore/v4.9.3.0-infineon-1.0/bin/../lib/gcc/tricore/4.9.4/../../../../tricore/lib/tc161\libc.a(lib_a-mprec.o)
                0x00000000800006c4                __mprec_tinytens
                0x00000000800006ec                __mprec_bigtens
                0x0000000080000714                __mprec_tens
 .rodata        0x00000000800007dc       0x14 c:/hightec/toolchains/tricore/v4.9.3.0-infineon-1.0/bin/../lib/gcc/tricore/4.9.4/tc161\libgcc.a(_thenan_df.o)
                0x00000000800007dc                __thenan_df
 *(.rodata.*)
 *(.gnu.linkonce.r.*)
                0x00000000800007f0                . = ALIGN (0x4)
                0x00000000800007f0                PROVIDE (__clear_table, .)
                0x00000000800007f0        0x4 LONG 0x50000000 (0x0 + ADDR (.CPU2.zbss))
                0x00000000800007f4        0x4 LONG 0x0 SIZEOF (.CPU2.zbss)
                0x00000000800007f8        0x4 LONG 0x50000000 (0x0 + ADDR (.CPU2.bss))
                0x00000000800007fc        0x4 LONG 0x0 SIZEOF (.CPU2.bss)
                0x0000000080000800        0x4 LONG 0x60000000 (0x0 + ADDR (.CPU1.zbss))
                0x0000000080000804        0x4 LONG 0x0 SIZEOF (.CPU1.zbss)
                0x0000000080000808        0x4 LONG 0x60000000 (0x0 + ADDR (.CPU1.bss))
                0x000000008000080c        0x4 LONG 0x0 SIZEOF (.CPU1.bss)
                0x0000000080000810        0x4 LONG 0x70003b58 (0x0 + ADDR (.CPU0.zbss))
                0x0000000080000814        0x4 LONG 0x0 SIZEOF (.CPU0.zbss)
                0x0000000080000818        0x4 LONG 0x70003b58 (0x0 + ADDR (.CPU0.bss))
                0x000000008000081c        0x4 LONG 0x0 SIZEOF (.CPU0.bss)
                0x0000000080000820        0x4 LONG 0x70000000 (0x0 + ADDR (.zbss))
                0x0000000080000824        0x4 LONG 0x0 SIZEOF (.zbss)
                0x0000000080000828        0x4 LONG 0x70000000 (0x0 + ADDR (.sbss))
                0x000000008000082c        0x4 LONG 0x0 SIZEOF (.sbss)
                0x0000000080000830        0x4 LONG 0x70000a00 (0x0 + ADDR (.bss))
                0x0000000080000834        0x4 LONG 0x3158 SIZEOF (.bss)
                0x0000000080000838        0x4 LONG 0xb0000000 (0x0 + ADDR (.lmu_zbss))
                0x000000008000083c        0x4 LONG 0x0 SIZEOF (.lmu_zbss)
                0x0000000080000840        0x4 LONG 0xb0000000 (0x0 + ADDR (.lmu_sbss))
                0x0000000080000844        0x4 LONG 0x0 SIZEOF (.lmu_sbss)
                0x0000000080000848        0x4 LONG 0xb0000000 (0x0 + ADDR (.lmu_bss))
                0x000000008000084c        0x4 LONG 0x0 SIZEOF (.lmu_bss)
                0x0000000080000850        0x4 LONG 0xffffffffffffffff
                0x0000000080000854        0x4 LONG 0xffffffffffffffff
                0x0000000080000858                PROVIDE (__copy_table, .)
                0x0000000080000858        0x4 LONG 0x8000ca50 LOADADDR (.CPU2.zdata)
                0x000000008000085c        0x4 LONG 0x50000000 ADDR (.CPU2.zdata)
                0x0000000080000860        0x4 LONG 0x0 SIZEOF (.CPU2.zdata)
                0x0000000080000864        0x4 LONG 0x8000ca50 LOADADDR (.CPU2.data)
                0x0000000080000868        0x4 LONG 0x50000000 ADDR (.CPU2.data)
                0x000000008000086c        0x4 LONG 0x0 SIZEOF (.CPU2.data)
                0x0000000080000870        0x4 LONG 0x8000ca50 LOADADDR (.CPU1.zdata)
                0x0000000080000874        0x4 LONG 0x60000000 ADDR (.CPU1.zdata)
                0x0000000080000878        0x4 LONG 0x0 SIZEOF (.CPU1.zdata)
                0x000000008000087c        0x4 LONG 0x8000ca50 LOADADDR (.CPU1.data)
                0x0000000080000880        0x4 LONG 0x60000000 ADDR (.CPU1.data)
                0x0000000080000884        0x4 LONG 0x0 SIZEOF (.CPU1.data)
                0x0000000080000888        0x4 LONG 0x8000ca50 LOADADDR (.CPU0.zdata)
                0x000000008000088c        0x4 LONG 0x70003b58 ADDR (.CPU0.zdata)
                0x0000000080000890        0x4 LONG 0x0 SIZEOF (.CPU0.zdata)
                0x0000000080000894        0x4 LONG 0x8000ca50 LOADADDR (.CPU0.data)
                0x0000000080000898        0x4 LONG 0x70003b58 ADDR (.CPU0.data)
                0x000000008000089c        0x4 LONG 0x0 SIZEOF (.CPU0.data)
                0x00000000800008a0        0x4 LONG 0x8000c050 LOADADDR (.zdata)
                0x00000000800008a4        0x4 LONG 0x70000000 ADDR (.zdata)
                0x00000000800008a8        0x4 LONG 0x0 SIZEOF (.zdata)
                0x00000000800008ac        0x4 LONG 0x8000c050 LOADADDR (.sdata)
                0x00000000800008b0        0x4 LONG 0x70000000 ADDR (.sdata)
                0x00000000800008b4        0x4 LONG 0x0 SIZEOF (.sdata)
                0x00000000800008b8        0x4 LONG 0x8000c050 LOADADDR (.data)
                0x00000000800008bc        0x4 LONG 0x70000000 ADDR (.data)
                0x00000000800008c0        0x4 LONG 0xa00 SIZEOF (.data)
                0x00000000800008c4        0x4 LONG 0x8000ca50 LOADADDR (.lmu_zdata)
                0x00000000800008c8        0x4 LONG 0xb0000000 ADDR (.lmu_zdata)
                0x00000000800008cc        0x4 LONG 0x0 SIZEOF (.lmu_zdata)
                0x00000000800008d0        0x4 LONG 0x8000ca50 LOADADDR (.lmu_sdata)
                0x00000000800008d4        0x4 LONG 0xb0000000 ADDR (.lmu_sdata)
                0x00000000800008d8        0x4 LONG 0x0 SIZEOF (.lmu_sdata)
                0x00000000800008dc        0x4 LONG 0x8000ca50 LOADADDR (.lmu_data)
                0x00000000800008e0        0x4 LONG 0xb0000000 ADDR (.lmu_data)
                0x00000000800008e4        0x4 LONG 0x0 SIZEOF (.lmu_data)
                0x00000000800008e8        0x4 LONG 0x8000ca50 LOADADDR (.CPU0.psram_text)
                0x00000000800008ec        0x4 LONG 0x70100000 ADDR (.CPU0.psram_text)
                0x00000000800008f0        0x4 LONG 0x0 SIZEOF (.CPU0.psram_text)
                0x00000000800008f4        0x4 LONG 0x8000ca50 LOADADDR (.CPU1.psram_text)
                0x00000000800008f8        0x4 LONG 0x60100000 ADDR (.CPU1.psram_text)
                0x00000000800008fc        0x4 LONG 0x0 SIZEOF (.CPU1.psram_text)
                0x0000000080000900        0x4 LONG 0x8000ca50 LOADADDR (.CPU2.psram_text)
                0x0000000080000904        0x4 LONG 0x50102000 ADDR (.CPU2.psram_text)
                0x0000000080000908        0x4 LONG 0x0 SIZEOF (.CPU2.psram_text)
                0x000000008000090c        0x4 LONG 0xffffffffffffffff
                0x0000000080000910        0x4 LONG 0xffffffffffffffff
                0x0000000080000914        0x4 LONG 0xffffffffffffffff
                0x0000000080000918                . = ALIGN (0x8)

.traptab        memory region -> PMU_PFLASH
                0x0000000080000a00      0x200
 *(.traptab)
 .traptab       0x0000000080000a00      0x100 c:/hightec/toolchains/tricore/v4.9.3.0-infineon-1.0/bin/../lib/gcc/tricore/4.9.4/../../../../tricore/lib/tc161\libos.a(ctraptab.o)
                0x0000000080000a00                TriCore_trap_table
                0x0000000080000a00                __trap_0
                0x0000000080000a20                __trap_1
                0x0000000080000a40                __trap_2
                0x0000000080000a60                __trap_3
                0x0000000080000a80                __trap_4
                0x0000000080000aa0                __trap_5
                0x0000000080000ac0                ___trap_6
                0x0000000080000ae0                __trap_7
 *(.traptab*)
 .traptab_cpu0  0x0000000080000b00      0x100 C:\Users\user\ECLIPS~1\TC275_~1\erika\lib\libee.a(ee_tc_trapvec.c.o)
                0x0000000080000b00                osEE_tc_trap_mmu
                0x0000000080000b00                __TRAPTAB
                0x0000000080000b20                osEE_tc_trap_protection
                0x0000000080000b40                osEE_tc_trap_instruction
                0x0000000080000b60                osEE_tc_trap_context
                0x0000000080000b80                osEE_tc_trap_bus
                0x0000000080000ba0                osEE_tc_trap_assertion
                0x0000000080000bc0                osEE_tc_trap_system
                0x0000000080000be0                osEE_tc_trap_nmi
                0x0000000080000c00                . = ALIGN (0x8)

.eh_frame       memory region -> PMU_PFLASH
                0x0000000080000c00        0x0
 *(.gcc_except_table)
                0x0000000080000c00                __EH_FRAME_BEGIN__ = .
 *(.eh_frame)
                0x0000000080000c00                __EH_FRAME_END__ = .
 *(.jcr)
                0x0000000080000c00                . = ALIGN (0x8)

.ctors          memory region -> PMU_PFLASH
                0x0000000080000c00        0x8
                0x0000000080000c00                __CTOR_LIST__ = .
                0x0000000080000c00        0x4 LONG 0x0 (((__CTOR_END__ - __CTOR_LIST__) / 0x4) - 0x2)
 *(.ctors)
                0x0000000080000c04        0x4 LONG 0x0
                0x0000000080000c08                __CTOR_END__ = .
                0x0000000080000c08                . = ALIGN (0x8)

.dtors          memory region -> PMU_PFLASH
                0x0000000080000c08        0x8
                0x0000000080000c08                __DTOR_LIST__ = .
                0x0000000080000c08        0x4 LONG 0x0 (((__DTOR_END__ - __DTOR_LIST__) / 0x4) - 0x2)
 *(.dtors)
                0x0000000080000c0c        0x4 LONG 0x0
                0x0000000080000c10                __DTOR_END__ = .
                0x0000000080000c10                . = ALIGN (0x8)

.inttab_cpu0    memory region -> PMU_PFLASH
                0x0000000080002000     0x2000
 *(.inttab_cpu0)
 .inttab_cpu0   0x0000000080002000     0x2000 C:\Users\user\ECLIPS~1\TC275_~1\erika\lib\libee.a(ee_tc_intvec.c.o)
                0x0000000080002000                __INTTAB0
                0x0000000080002020                osEE_tc_isr2_entry_1
                0x0000000080002040                osEE_tc_isr_dummy_entry_2
                0x0000000080002060                osEE_tc_isr_dummy_entry_3
                0x0000000080002080                osEE_tc_isr_dummy_entry_4
                0x00000000800020a0                osEE_tc_isr_dummy_entry_5
                0x00000000800020c0                osEE_tc_isr_dummy_entry_6
                0x00000000800020e0                osEE_tc_isr_dummy_entry_7
                0x0000000080002100                osEE_tc_isr_dummy_entry_8
                0x0000000080002120                osEE_tc_isr_dummy_entry_9
                0x0000000080002140                osEE_tc_isr_dummy_entry_10
                0x0000000080002160                osEE_tc_isr_dummy_entry_11
                0x0000000080002180                osEE_tc_isr_dummy_entry_12
                0x00000000800021a0                osEE_tc_isr_dummy_entry_13
                0x00000000800021c0                osEE_tc_isr_dummy_entry_14
                0x00000000800021e0                osEE_tc_isr_dummy_entry_15
                0x0000000080002200                osEE_tc_isr_dummy_entry_16
                0x0000000080002220                osEE_tc_isr_dummy_entry_17
                0x0000000080002240                osEE_tc_isr_dummy_entry_18
                0x0000000080002260                osEE_tc_isr_dummy_entry_19
                0x0000000080002280                osEE_tc_isr_dummy_entry_20
                0x00000000800022a0                osEE_tc_isr_dummy_entry_21
                0x00000000800022c0                osEE_tc_isr_dummy_entry_22
                0x00000000800022e0                osEE_tc_isr_dummy_entry_23
                0x0000000080002300                osEE_tc_isr_dummy_entry_24
                0x0000000080002320                osEE_tc_isr_dummy_entry_25
                0x0000000080002340                osEE_tc_isr_dummy_entry_26
                0x0000000080002360                osEE_tc_isr_dummy_entry_27
                0x0000000080002380                osEE_tc_isr_dummy_entry_28
                0x00000000800023a0                osEE_tc_isr_dummy_entry_29
                0x00000000800023c0                osEE_tc_isr_dummy_entry_30
                0x00000000800023e0                osEE_tc_isr_dummy_entry_31
                0x0000000080002400                osEE_tc_isr_dummy_entry_32
                0x0000000080002420                osEE_tc_isr_dummy_entry_33
                0x0000000080002440                osEE_tc_isr_dummy_entry_34
                0x0000000080002460                osEE_tc_isr_dummy_entry_35
                0x0000000080002480                osEE_tc_isr_dummy_entry_36
                0x00000000800024a0                osEE_tc_isr_dummy_entry_37
                0x00000000800024c0                osEE_tc_isr_dummy_entry_38
                0x00000000800024e0                osEE_tc_isr_dummy_entry_39
                0x0000000080002500                osEE_tc_isr_dummy_entry_40
                0x0000000080002520                osEE_tc_isr_dummy_entry_41
                0x0000000080002540                osEE_tc_isr_dummy_entry_42
                0x0000000080002560                osEE_tc_isr_dummy_entry_43
                0x0000000080002580                osEE_tc_isr_dummy_entry_44
                0x00000000800025a0                osEE_tc_isr_dummy_entry_45
                0x00000000800025c0                osEE_tc_isr_dummy_entry_46
                0x00000000800025e0                osEE_tc_isr_dummy_entry_47
                0x0000000080002600                osEE_tc_isr_dummy_entry_48
                0x0000000080002620                osEE_tc_isr_dummy_entry_49
                0x0000000080002640                osEE_tc_isr_dummy_entry_50
                0x0000000080002660                osEE_tc_isr_dummy_entry_51
                0x0000000080002680                osEE_tc_isr_dummy_entry_52
                0x00000000800026a0                osEE_tc_isr_dummy_entry_53
                0x00000000800026c0                osEE_tc_isr_dummy_entry_54
                0x00000000800026e0                osEE_tc_isr_dummy_entry_55
                0x0000000080002700                osEE_tc_isr_dummy_entry_56
                0x0000000080002720                osEE_tc_isr_dummy_entry_57
                0x0000000080002740                osEE_tc_isr_dummy_entry_58
                0x0000000080002760                osEE_tc_isr_dummy_entry_59
                0x0000000080002780                osEE_tc_isr_dummy_entry_60
                0x00000000800027a0                osEE_tc_isr_dummy_entry_61
                0x00000000800027c0                osEE_tc_isr_dummy_entry_62
                0x00000000800027e0                osEE_tc_isr_dummy_entry_63
                0x0000000080002800                osEE_tc_isr_dummy_entry_64
                0x0000000080002820                osEE_tc_isr_dummy_entry_65
                0x0000000080002840                osEE_tc_isr_dummy_entry_66
                0x0000000080002860                osEE_tc_isr_dummy_entry_67
                0x0000000080002880                osEE_tc_isr_dummy_entry_68
                0x00000000800028a0                osEE_tc_isr_dummy_entry_69
                0x00000000800028c0                osEE_tc_isr_dummy_entry_70
                0x00000000800028e0                osEE_tc_isr_dummy_entry_71
                0x0000000080002900                osEE_tc_isr_dummy_entry_72
                0x0000000080002920                osEE_tc_isr_dummy_entry_73
                0x0000000080002940                osEE_tc_isr_dummy_entry_74
                0x0000000080002960                osEE_tc_isr_dummy_entry_75
                0x0000000080002980                osEE_tc_isr_dummy_entry_76
                0x00000000800029a0                osEE_tc_isr_dummy_entry_77
                0x00000000800029c0                osEE_tc_isr_dummy_entry_78
                0x00000000800029e0                osEE_tc_isr_dummy_entry_79
                0x0000000080002a00                osEE_tc_isr_dummy_entry_80
                0x0000000080002a20                osEE_tc_isr_dummy_entry_81
                0x0000000080002a40                osEE_tc_isr_dummy_entry_82
                0x0000000080002a60                osEE_tc_isr_dummy_entry_83
                0x0000000080002a80                osEE_tc_isr_dummy_entry_84
                0x0000000080002aa0                osEE_tc_isr_dummy_entry_85
                0x0000000080002ac0                osEE_tc_isr_dummy_entry_86
                0x0000000080002ae0                osEE_tc_isr_dummy_entry_87
                0x0000000080002b00                osEE_tc_isr_dummy_entry_88
                0x0000000080002b20                osEE_tc_isr_dummy_entry_89
                0x0000000080002b40                osEE_tc_isr_dummy_entry_90
                0x0000000080002b60                osEE_tc_isr_dummy_entry_91
                0x0000000080002b80                osEE_tc_isr_dummy_entry_92
                0x0000000080002ba0                osEE_tc_isr_dummy_entry_93
                0x0000000080002bc0                osEE_tc_isr_dummy_entry_94
                0x0000000080002be0                osEE_tc_isr_dummy_entry_95
                0x0000000080002c00                osEE_tc_isr_dummy_entry_96
                0x0000000080002c20                osEE_tc_isr_dummy_entry_97
                0x0000000080002c40                osEE_tc_isr_dummy_entry_98
                0x0000000080002c60                osEE_tc_isr_dummy_entry_99
                0x0000000080002c80                osEE_tc_isr_dummy_entry_100
                0x0000000080002ca0                osEE_tc_isr_dummy_entry_101
                0x0000000080002cc0                osEE_tc_isr_dummy_entry_102
                0x0000000080002ce0                osEE_tc_isr_dummy_entry_103
                0x0000000080002d00                osEE_tc_isr_dummy_entry_104
                0x0000000080002d20                osEE_tc_isr_dummy_entry_105
                0x0000000080002d40                osEE_tc_isr_dummy_entry_106
                0x0000000080002d60                osEE_tc_isr_dummy_entry_107
                0x0000000080002d80                osEE_tc_isr_dummy_entry_108
                0x0000000080002da0                osEE_tc_isr_dummy_entry_109
                0x0000000080002dc0                osEE_tc_isr_dummy_entry_110
                0x0000000080002de0                osEE_tc_isr_dummy_entry_111
                0x0000000080002e00                osEE_tc_isr_dummy_entry_112
                0x0000000080002e20                osEE_tc_isr_dummy_entry_113
                0x0000000080002e40                osEE_tc_isr_dummy_entry_114
                0x0000000080002e60                osEE_tc_isr_dummy_entry_115
                0x0000000080002e80                osEE_tc_isr_dummy_entry_116
                0x0000000080002ea0                osEE_tc_isr_dummy_entry_117
                0x0000000080002ec0                osEE_tc_isr_dummy_entry_118
                0x0000000080002ee0                osEE_tc_isr_dummy_entry_119
                0x0000000080002f00                osEE_tc_isr_dummy_entry_120
                0x0000000080002f20                osEE_tc_isr_dummy_entry_121
                0x0000000080002f40                osEE_tc_isr_dummy_entry_122
                0x0000000080002f60                osEE_tc_isr_dummy_entry_123
                0x0000000080002f80                osEE_tc_isr_dummy_entry_124
                0x0000000080002fa0                osEE_tc_isr_dummy_entry_125
                0x0000000080002fc0                osEE_tc_isr_dummy_entry_126
                0x0000000080002fe0                osEE_tc_isr_dummy_entry_127
                0x0000000080003000                osEE_tc_isr_dummy_entry_128
                0x0000000080003020                osEE_tc_isr_dummy_entry_129
                0x0000000080003040                osEE_tc_isr_dummy_entry_130
                0x0000000080003060                osEE_tc_isr_dummy_entry_131
                0x0000000080003080                osEE_tc_isr_dummy_entry_132
                0x00000000800030a0                osEE_tc_isr_dummy_entry_133
                0x00000000800030c0                osEE_tc_isr_dummy_entry_134
                0x00000000800030e0                osEE_tc_isr_dummy_entry_135
                0x0000000080003100                osEE_tc_isr_dummy_entry_136
                0x0000000080003120                osEE_tc_isr_dummy_entry_137
                0x0000000080003140                osEE_tc_isr_dummy_entry_138
                0x0000000080003160                osEE_tc_isr_dummy_entry_139
                0x0000000080003180                osEE_tc_isr_dummy_entry_140
                0x00000000800031a0                osEE_tc_isr_dummy_entry_141
                0x00000000800031c0                osEE_tc_isr_dummy_entry_142
                0x00000000800031e0                osEE_tc_isr_dummy_entry_143
                0x0000000080003200                osEE_tc_isr_dummy_entry_144
                0x0000000080003220                osEE_tc_isr_dummy_entry_145
                0x0000000080003240                osEE_tc_isr_dummy_entry_146
                0x0000000080003260                osEE_tc_isr_dummy_entry_147
                0x0000000080003280                osEE_tc_isr_dummy_entry_148
                0x00000000800032a0                osEE_tc_isr_dummy_entry_149
                0x00000000800032c0                osEE_tc_isr_dummy_entry_150
                0x00000000800032e0                osEE_tc_isr_dummy_entry_151
                0x0000000080003300                osEE_tc_isr_dummy_entry_152
                0x0000000080003320                osEE_tc_isr_dummy_entry_153
                0x0000000080003340                osEE_tc_isr_dummy_entry_154
                0x0000000080003360                osEE_tc_isr_dummy_entry_155
                0x0000000080003380                osEE_tc_isr_dummy_entry_156
                0x00000000800033a0                osEE_tc_isr_dummy_entry_157
                0x00000000800033c0                osEE_tc_isr_dummy_entry_158
                0x00000000800033e0                osEE_tc_isr_dummy_entry_159
                0x0000000080003400                osEE_tc_isr_dummy_entry_160
                0x0000000080003420                osEE_tc_isr_dummy_entry_161
                0x0000000080003440                osEE_tc_isr_dummy_entry_162
                0x0000000080003460                osEE_tc_isr_dummy_entry_163
                0x0000000080003480                osEE_tc_isr_dummy_entry_164
                0x00000000800034a0                osEE_tc_isr_dummy_entry_165
                0x00000000800034c0                osEE_tc_isr_dummy_entry_166
                0x00000000800034e0                osEE_tc_isr_dummy_entry_167
                0x0000000080003500                osEE_tc_isr_dummy_entry_168
                0x0000000080003520                osEE_tc_isr_dummy_entry_169
                0x0000000080003540                osEE_tc_isr_dummy_entry_170
                0x0000000080003560                osEE_tc_isr_dummy_entry_171
                0x0000000080003580                osEE_tc_isr_dummy_entry_172
                0x00000000800035a0                osEE_tc_isr_dummy_entry_173
                0x00000000800035c0                osEE_tc_isr_dummy_entry_174
                0x00000000800035e0                osEE_tc_isr_dummy_entry_175
                0x0000000080003600                osEE_tc_isr_dummy_entry_176
                0x0000000080003620                osEE_tc_isr_dummy_entry_177
                0x0000000080003640                osEE_tc_isr_dummy_entry_178
                0x0000000080003660                osEE_tc_isr_dummy_entry_179
                0x0000000080003680                osEE_tc_isr_dummy_entry_180
                0x00000000800036a0                osEE_tc_isr_dummy_entry_181
                0x00000000800036c0                osEE_tc_isr_dummy_entry_182
                0x00000000800036e0                osEE_tc_isr_dummy_entry_183
                0x0000000080003700                osEE_tc_isr_dummy_entry_184
                0x0000000080003720                osEE_tc_isr_dummy_entry_185
                0x0000000080003740                osEE_tc_isr_dummy_entry_186
                0x0000000080003760                osEE_tc_isr_dummy_entry_187
                0x0000000080003780                osEE_tc_isr_dummy_entry_188
                0x00000000800037a0                osEE_tc_isr_dummy_entry_189
                0x00000000800037c0                osEE_tc_isr_dummy_entry_190
                0x00000000800037e0                osEE_tc_isr_dummy_entry_191
                0x0000000080003800                osEE_tc_isr_dummy_entry_192
                0x0000000080003820                osEE_tc_isr_dummy_entry_193
                0x0000000080003840                osEE_tc_isr_dummy_entry_194
                0x0000000080003860                osEE_tc_isr_dummy_entry_195
                0x0000000080003880                osEE_tc_isr_dummy_entry_196
                0x00000000800038a0                osEE_tc_isr_dummy_entry_197
                0x00000000800038c0                osEE_tc_isr_dummy_entry_198
                0x00000000800038e0                osEE_tc_isr_dummy_entry_199
                0x0000000080003900                osEE_tc_isr_dummy_entry_200
                0x0000000080003920                osEE_tc_isr_dummy_entry_201
                0x0000000080003940                osEE_tc_isr_dummy_entry_202
                0x0000000080003960                osEE_tc_isr_dummy_entry_203
                0x0000000080003980                osEE_tc_isr_dummy_entry_204
                0x00000000800039a0                osEE_tc_isr_dummy_entry_205
                0x00000000800039c0                osEE_tc_isr_dummy_entry_206
                0x00000000800039e0                osEE_tc_isr_dummy_entry_207
                0x0000000080003a00                osEE_tc_isr_dummy_entry_208
                0x0000000080003a20                osEE_tc_isr_dummy_entry_209
                0x0000000080003a40                osEE_tc_isr_dummy_entry_210
                0x0000000080003a60                osEE_tc_isr_dummy_entry_211
                0x0000000080003a80                osEE_tc_isr_dummy_entry_212
                0x0000000080003aa0                osEE_tc_isr_dummy_entry_213
                0x0000000080003ac0                osEE_tc_isr_dummy_entry_214
                0x0000000080003ae0                osEE_tc_isr_dummy_entry_215
                0x0000000080003b00                osEE_tc_isr_dummy_entry_216
                0x0000000080003b20                osEE_tc_isr_dummy_entry_217
                0x0000000080003b40                osEE_tc_isr_dummy_entry_218
                0x0000000080003b60                osEE_tc_isr_dummy_entry_219
                0x0000000080003b80                osEE_tc_isr_dummy_entry_220
                0x0000000080003ba0                osEE_tc_isr_dummy_entry_221
                0x0000000080003bc0                osEE_tc_isr_dummy_entry_222
                0x0000000080003be0                osEE_tc_isr_dummy_entry_223
                0x0000000080003c00                osEE_tc_isr_dummy_entry_224
                0x0000000080003c20                osEE_tc_isr_dummy_entry_225
                0x0000000080003c40                osEE_tc_isr_dummy_entry_226
                0x0000000080003c60                osEE_tc_isr_dummy_entry_227
                0x0000000080003c80                osEE_tc_isr_dummy_entry_228
                0x0000000080003ca0                osEE_tc_isr_dummy_entry_229
                0x0000000080003cc0                osEE_tc_isr_dummy_entry_230
                0x0000000080003ce0                osEE_tc_isr_dummy_entry_231
                0x0000000080003d00                osEE_tc_isr_dummy_entry_232
                0x0000000080003d20                osEE_tc_isr_dummy_entry_233
                0x0000000080003d40                osEE_tc_isr_dummy_entry_234
                0x0000000080003d60                osEE_tc_isr_dummy_entry_235
                0x0000000080003d80                osEE_tc_isr_dummy_entry_236
                0x0000000080003da0                osEE_tc_isr_dummy_entry_237
                0x0000000080003dc0                osEE_tc_isr_dummy_entry_238
                0x0000000080003de0                osEE_tc_isr_dummy_entry_239
                0x0000000080003e00                osEE_tc_isr_dummy_entry_240
                0x0000000080003e20                osEE_tc_isr_dummy_entry_241
                0x0000000080003e40                osEE_tc_isr_dummy_entry_242
                0x0000000080003e60                osEE_tc_isr_dummy_entry_243
                0x0000000080003e80                osEE_tc_isr_dummy_entry_244
                0x0000000080003ea0                osEE_tc_isr_dummy_entry_245
                0x0000000080003ec0                osEE_tc_isr_dummy_entry_246
                0x0000000080003ee0                osEE_tc_isr_dummy_entry_247
                0x0000000080003f00                osEE_tc_isr_dummy_entry_248
                0x0000000080003f20                osEE_tc_isr_dummy_entry_249
                0x0000000080003f40                osEE_tc_isr_dummy_entry_250
                0x0000000080003f60                osEE_tc_isr_dummy_entry_251
                0x0000000080003f80                osEE_tc_isr_dummy_entry_252
                0x0000000080003fa0                osEE_tc_isr_dummy_entry_253
                0x0000000080003fc0                osEE_tc_isr_dummy_entry_254
                0x0000000080003fe0                osEE_tc_isr_dummy_entry_255
 *(.*.inttab_cpu0)
                0x0000000080004000                . = ALIGN (0x8)

.text           memory region -> PMU_PFLASH
                0x0000000080004000     0x8050
                0x0000000080004000                PROVIDE (__text_start, .)
 *(.text)
 .text          0x0000000080004000      0xc5c obj/bsw/drivers/asclin.c.o
                0x0000000080004000                _init_uart3
                0x00000000800040ac                _out_uart3
                0x00000000800040c2                _in_uart3
                0x00000000800040ee                _poll_uart3
                0x000000008000411c                usr_vsprintf
                0x0000000080004772                usr_sprintf
                0x0000000080004778                my_puts
                0x00000000800047b6                my_printf
                0x000000008000484e                my_scanf
                0x00000000800049fe                remove_null
                0x0000000080004a5e                _init_uart1
                0x0000000080004af0                _in_uart1
                0x0000000080004b24                _poll_uart1
                0x0000000080004b58                _init_uart0
                0x0000000080004bd4                _in_uart0
                0x0000000080004c0c                _poll_uart0
                0x0000000080004c46                _out_uart0
 .text          0x0000000080004c5c      0x1ea obj/bsw/drivers/gpt12.c.o
                0x0000000080004c5c                IsrGpt2T6Handler
                0x0000000080004cd8                getLeftMotorDuty
                0x0000000080004ce2                getRightMotorDuty
                0x0000000080004cec                setLeftMotorDuty
                0x0000000080004cf6                setRightMotorDuty
                0x0000000080004d00                getcntDelay
                0x0000000080004d0a                setcntDelay
                0x0000000080004d14                init_gpt1
                0x0000000080004d8e                init_gpt2
                0x0000000080004dec                runGpt12_T3
                0x0000000080004df8                stopGpt12_T3
                0x0000000080004e06                runGpt12_T6
                0x0000000080004e12                stopGpt12_T6
                0x0000000080004e20                runGpt12_T4
                0x0000000080004e2c                stopGpt12_T4
                0x0000000080004e3a                setGpt12_T4
                0x0000000080004e40                getGpt12_T4
 .text          0x0000000080004e46       0xda obj/bsw/drivers/vadc.c.o
                0x0000000080004e46                init_VADC
                0x0000000080004edc                VADC_startConversion
                0x0000000080004f06                VADC_readResult
 .text          0x0000000080004f20       0x56 obj/bsw/etc/etc.c.o
                0x0000000080004f20                delay_ms
 .text          0x0000000080004f76       0xc4 obj/bsw/io/Buzzer.c.o
                0x0000000080004f76                Init_Buzzer
                0x0000000080004f8c                Init_Buzzer_PWM
                0x0000000080004fb2                setBeepCycle
                0x0000000080004fbc                Beep
                0x000000008000501c                IsrGpt120T3Handler_Beep
 .text          0x000000008000503a      0x1f4 obj/bsw/io/GPIO.c.o
                0x000000008000503a                Init_GPIO
                0x0000000080005074                setLED1
                0x000000008000508e                setLED2
                0x00000000800050a8                toggleLED1
                0x00000000800050c6                toggleLED2
                0x00000000800050e4                getSW1
                0x00000000800050f4                getSW2
                0x0000000080005104                getSW1_Debounce
                0x0000000080005198                getSW2_Debounce
 .text          0x000000008000522e      0x206 obj/bsw/io/Motor.c.o
                0x000000008000522e                Init_DCMotor
                0x00000000800052b0                Init_DCMotorPWM
                0x0000000080005344                movChA
                0x0000000080005376                movChB
                0x00000000800053b0                stopChA
                0x00000000800053c0                stopChB
                0x00000000800053d0                movChA_PWM
                0x0000000080005402                movChB_PWM
 .text          0x0000000080005434      0x114 obj/bsw/io/ToF.c.o
                0x0000000080005434                Init_ToF
                0x0000000080005438                IsrUart1RxHandler_tof
                0x000000008000547a                getTofDistance
 .text          0x0000000080005548      0x19e obj/bsw/io/Ultrasonic.c.o
                0x0000000080005548                Init_Ultrasonics
                0x0000000080005566                ReadUltrasonic_noFilt
                0x00000000800055f8                ReadUltrasonic_Filt
 .text          0x00000000800056e6       0x50 obj/bsw/system/interrupts.c.o
                0x00000000800056e6                InterruptInit
                0x00000000800056f0                InterruptInstall
 .text          0x0000000080005736      0x69e obj/bsw/system/system_tc27x.c.o
                0x0000000080005736                SYSTEM_Init
                0x00000000800059d2                SYSTEM_GetExtClock
                0x00000000800059dc                SYSTEM_GetCpuClock
                0x0000000080005a9c                SYSTEM_GetSysClock
                0x0000000080005b2c                SYSTEM_GetStmClock
                0x0000000080005bbc                SYSTEM_GetCanClock
                0x0000000080005c4a                SYSTEM_EnableInterrupts
                0x0000000080005c50                SYSTEM_DisableInterrupts
                0x0000000080005c56                SYSTEM_EnableProtection
                0x0000000080005c5a                SYSTEM_DisableProtection
                0x0000000080005c5e                SYSTEM_EnableProtectionExt
                0x0000000080005c6a                SYSTEM_DisableProtectionExt
                0x0000000080005c76                SYSTEM_EnableSecProtection
                0x0000000080005c7a                SYSTEM_DisableSecProtection
                0x0000000080005c7e                SYSTEM_Reset
                0x0000000080005c96                SYSTEM_IdleExt
                0x0000000080005cea                SYSTEM_Idle
                0x0000000080005d42                SYSTEM_Sleep
                0x0000000080005d92                SYSTEM_IsCacheEnabled
                0x0000000080005da8                SYSTEM_EnaDisCache
                0x0000000080005dd2                SYSTEM_DbgBreak
 .text          0x0000000080005dd4      0x2d2 obj/main.c.o
                0x0000000080005dd4                StartupHook
                0x0000000080005de0                FuncTask_Motor
                0x0000000080005e68                FuncTask_AEB
                0x0000000080005e70                FuncBlink_LED
                0x0000000080005e8e                FuncUART_Echo
                0x0000000080005eaa                FuncDCMotor_Example
                0x0000000080005ee4                FuncTimer_Example
                0x0000000080005f74                FuncUltrasonic_Example
                0x0000000080005fd4                FuncBuzzer_Example
                0x0000000080006022                FuncTOF_Example
                0x0000000080006066                FuncADC_Example
                0x000000008000608c                FuncOS_EE_Task_Init
                0x0000000080006090                main
 .text          0x00000000800060a6      0x46a C:\Users\user\ECLIPS~1\TC275_~1\erika\lib\libee.a(ee_tc_cstart.c.o)
                0x00000000800060a6                osEE_tc_core0_start
 .text          0x0000000080006510      0x5c2 C:\Users\user\ECLIPS~1\TC275_~1\erika\lib\libee.a(ee_tc_system.c.o)
                0x0000000080006510                osEE_tricore_system_timer_handler
                0x000000008000655c                osEE_tc_initialize_system_timer
                0x00000000800065f4                osEE_tc_set_pll_fsource
                0x00000000800067d6                osEE_tc_get_fsource
                0x0000000080006872                osEE_tc_stm_set_clockpersec
                0x0000000080006930                osEE_tc_stm_set_sr1
                0x00000000800069f8                osEE_tc_stm_set_sr1_next_match
                0x0000000080006a64                osEE_tc_delay
 .text          0x0000000080006ad2        0xc C:\Users\user\ECLIPS~1\TC275_~1\erika\lib\libee.a(ee_tc_intvec.c.o)
 *fill*         0x0000000080006ade        0x2 00
 .text          0x0000000080006ae0      0xa44 C:\Users\user\ECLIPS~1\TC275_~1\erika\lib\libee.a(ee_oo_api_osek.c.o)
                0x0000000080006ae0                DisableAllInterrupts
                0x0000000080006af4                EnableAllInterrupts
                0x0000000080006b0e                SuspendAllInterrupts
                0x0000000080006b66                ResumeAllInterrupts
                0x0000000080006b8a                SuspendOSInterrupts
                0x0000000080006bf0                ResumeOSInterrupts
                0x0000000080006c28                StartOS
                0x0000000080006cf2                GetActiveApplicationMode
                0x0000000080006d0c                ActivateTask
                0x0000000080006d74                ChainTask
                0x0000000080006e22                TerminateTask
                0x0000000080006e72                Schedule
                0x0000000080006edc                GetResource
                0x0000000080006f7c                ReleaseResource
                0x000000008000701e                ShutdownOS
                0x0000000080007086                GetTaskID
                0x00000000800070da                GetTaskState
                0x0000000080007148                SetRelAlarm
                0x00000000800071a2                SetAbsAlarm
                0x00000000800071fc                CancelAlarm
                0x000000008000724e                GetAlarm
                0x00000000800072a8                GetAlarmBase
                0x00000000800072d8                WaitEvent
                0x000000008000733c                SetEvent
                0x00000000800073b6                GetEvent
                0x00000000800073e2                ClearEvent
                0x0000000080007428                GetCounterValue
                0x0000000080007454                GetElapsedValue
                0x000000008000749e                IncrementCounter
                0x000000008000750c                GetISRID
 .text          0x0000000080007524       0xe2 C:\Users\user\ECLIPS~1\TC275_~1\erika\lib\libee.a(ee_oo_sched_entry_points.c.o)
                0x0000000080007524                osEE_scheduler_task_wrapper_restore
                0x000000008000752c                osEE_scheduler_task_wrapper_run
                0x00000000800075ea                osEE_idle_hook_wrapper
 .text          0x0000000080007606      0x180 C:\Users\user\ECLIPS~1\TC275_~1\erika\lib\libee.a(ee_oo_scheduler.c.o)
                0x0000000080007606                osEE_scheduler_rq_insert
                0x0000000080007642                osEE_scheduler_core_rq_preempt_stk
                0x00000000800076a6                osEE_sn_priority_insert
                0x000000008000771a                osEE_scheduler_core_pop_running
 .text          0x0000000080007786       0x6e C:\Users\user\ECLIPS~1\TC275_~1\erika\lib\libee.a(ee_oo_kernel.c.o)
                0x0000000080007786                osEE_task_activated
                0x000000008000779e                osEE_task_end
                0x00000000800077b6                osEE_task_event_set_mask
                0x00000000800077d6                osEE_activate_isr2
 .text          0x00000000800077f4      0x1c8 C:\Users\user\ECLIPS~1\TC275_~1\erika\lib\libee.a(ee_oo_sched_partitioned.c.o)
                0x00000000800077f4                osEE_scheduler_task_activated
                0x0000000080007858                osEE_scheduler_task_insert
                0x0000000080007880                osEE_scheduler_task_unblocked
                0x00000000800078c4                osEE_scheduler_task_terminated
                0x0000000080007954                osEE_scheduler_task_preemption_point
                0x0000000080007978                osEE_scheduler_task_set_running
 .text          0x00000000800079bc      0x250 C:\Users\user\ECLIPS~1\TC275_~1\erika\lib\libee.a(ee_oo_counter.c.o)
                0x00000000800079bc                osEE_counter_insert_rel_trigger
                0x0000000080007a34                osEE_counter_insert_abs_trigger
                0x0000000080007a94                osEE_counter_cancel_trigger
                0x0000000080007ab8                osEE_counter_increment
 .text          0x0000000080007c0c       0xc8 C:\Users\user\ECLIPS~1\TC275_~1\erika\lib\libee.a(ee_oo_alarm.c.o)
                0x0000000080007c0c                osEE_alarm_set_rel
                0x0000000080007c56                osEE_alarm_set_abs
                0x0000000080007c7c                osEE_alarm_cancel
                0x0000000080007ca4                osEE_alarm_get
 .text          0x0000000080007cd4       0x50 C:\Users\user\ECLIPS~1\TC275_~1\erika\lib\libee.a(ee_std_change_context.c.o)
                0x0000000080007cd4                osEE_change_context_from_running
                0x0000000080007cee                osEE_change_context_from_task_end
                0x0000000080007d02                osEE_idle_task_terminate
 .text          0x0000000080007d24       0x7c C:\Users\user\ECLIPS~1\TC275_~1\erika\lib\libee.a(ee_tc_hal.c.o)
                0x0000000080007d24                osEE_cpu_startos
 .text          0x0000000080007da0      0x134 C:\Users\user\ECLIPS~1\TC275_~1\erika\lib\libee.a(ee_tc_ctx.c.o)
                0x0000000080007dc2                osEE_hal_save_ctx_and_restore_ctx
                0x0000000080007de6                osEE_hal_restore_ctx
                0x0000000080007e00                osEE_hal_save_ctx_and_ready2stacked
                0x0000000080007e24                osEE_hal_ready2stacked
                0x0000000080007e50                osEE_tc_change_context_from_isr2_end
                0x0000000080007e6e                osEE_hal_terminate_ctx
 .text          0x0000000080007ed4       0x1c c:/hightec/toolchains/tricore/v4.9.3.0-infineon-1.0/bin/../lib/gcc/tricore/4.9.4/../../../../tricore/lib/tc161\libos.a(int1.o)
                0x0000000080007ed4                __interrupt_1
 .text          0x0000000080007ef0       0x2a c:/hightec/toolchains/tricore/v4.9.3.0-infineon-1.0/bin/../lib/gcc/tricore/4.9.4/../../../../tricore/lib/tc161\libos.a(trap6.o)
                0x0000000080007ef0                __trap_6
 *(.text.*)
 .text.atoi     0x0000000080007f1a        0xa c:/hightec/toolchains/tricore/v4.9.3.0-infineon-1.0/bin/../lib/gcc/tricore/4.9.4/../../../../tricore/lib/tc161\libc.a(lib_a-atoi.o)
                0x0000000080007f1a                atoi
 .text.strchr   0x0000000080007f24       0x1c c:/hightec/toolchains/tricore/v4.9.3.0-infineon-1.0/bin/../lib/gcc/tricore/4.9.4/../../../../tricore/lib/tc161\libc.a(lib_a-strchr.o)
                0x0000000080007f24                strchr
 .text.strlen   0x0000000080007f40       0x14 c:/hightec/toolchains/tricore/v4.9.3.0-infineon-1.0/bin/../lib/gcc/tricore/4.9.4/../../../../tricore/lib/tc161\libc.a(lib_a-strlen.o)
                0x0000000080007f40                strlen
 .text._strtol_r
                0x0000000080007f54      0x106 c:/hightec/toolchains/tricore/v4.9.3.0-infineon-1.0/bin/../lib/gcc/tricore/4.9.4/../../../../tricore/lib/tc161\libc.a(lib_a-strtol.o)
                0x0000000080007f54                _strtol_r
 .text.strtol   0x000000008000805a       0x12 c:/hightec/toolchains/tricore/v4.9.3.0-infineon-1.0/bin/../lib/gcc/tricore/4.9.4/../../../../tricore/lib/tc161\libc.a(lib_a-strtol.o)
                0x000000008000805a                strtol
 .text._vsprintf_r
                0x000000008000806c       0x28 c:/hightec/toolchains/tricore/v4.9.3.0-infineon-1.0/bin/../lib/gcc/tricore/4.9.4/../../../../tricore/lib/tc161\libc.a(lib_a-vsprintf.o)
                0x000000008000806c                _vsprintf_r
 .text.vsprintf
                0x0000000080008094       0x16 c:/hightec/toolchains/tricore/v4.9.3.0-infineon-1.0/bin/../lib/gcc/tricore/4.9.4/../../../../tricore/lib/tc161\libc.a(lib_a-vsprintf.o)
                0x0000000080008094                vsprintf
 *fill*         0x00000000800080aa        0x2 00
 .text._svfprintf_r
                0x00000000800080ac     0x11a4 c:/hightec/toolchains/tricore/v4.9.3.0-infineon-1.0/bin/../lib/gcc/tricore/4.9.4/../../../../tricore/lib/tc161\libc.a(lib_a-svfprintf.o)
                0x00000000800080ac                _svfprintf_r
 .text.quorem   0x0000000080009250      0x11a c:/hightec/toolchains/tricore/v4.9.3.0-infineon-1.0/bin/../lib/gcc/tricore/4.9.4/../../../../tricore/lib/tc161\libc.a(lib_a-dtoa.o)
 *fill*         0x000000008000936a        0x2 00
 .text._dtoa_r  0x000000008000936c      0xcd4 c:/hightec/toolchains/tricore/v4.9.3.0-infineon-1.0/bin/../lib/gcc/tricore/4.9.4/../../../../tricore/lib/tc161\libc.a(lib_a-dtoa.o)
                0x000000008000936c                _dtoa_r
 .text._localeconv_r
                0x000000008000a040        0xa c:/hightec/toolchains/tricore/v4.9.3.0-infineon-1.0/bin/../lib/gcc/tricore/4.9.4/../../../../tricore/lib/tc161\libc.a(lib_a-locale.o)
                0x000000008000a040                _localeconv_r
 .text._malloc_r
                0x000000008000a04a      0x49a c:/hightec/toolchains/tricore/v4.9.3.0-infineon-1.0/bin/../lib/gcc/tricore/4.9.4/../../../../tricore/lib/tc161\libc.a(lib_a-mallocr.o)
                0x000000008000a04a                _malloc_r
 .text.memchr   0x000000008000a4e4       0x18 c:/hightec/toolchains/tricore/v4.9.3.0-infineon-1.0/bin/../lib/gcc/tricore/4.9.4/../../../../tricore/lib/tc161\libc.a(lib_a-memchr.o)
                0x000000008000a4e4                memchr
 .text.memcpy   0x000000008000a4fc       0x1c c:/hightec/toolchains/tricore/v4.9.3.0-infineon-1.0/bin/../lib/gcc/tricore/4.9.4/../../../../tricore/lib/tc161\libc.a(lib_a-memcpy.o)
                0x000000008000a4fc                memcpy
 .text.__malloc_lock
                0x000000008000a518        0x2 c:/hightec/toolchains/tricore/v4.9.3.0-infineon-1.0/bin/../lib/gcc/tricore/4.9.4/../../../../tricore/lib/tc161\libc.a(lib_a-mlock.o)
                0x000000008000a518                __malloc_lock
 .text.__malloc_unlock
                0x000000008000a51a        0x2 c:/hightec/toolchains/tricore/v4.9.3.0-infineon-1.0/bin/../lib/gcc/tricore/4.9.4/../../../../tricore/lib/tc161\libc.a(lib_a-mlock.o)
                0x000000008000a51a                __malloc_unlock
 .text._Balloc  0x000000008000a51c       0x56 c:/hightec/toolchains/tricore/v4.9.3.0-infineon-1.0/bin/../lib/gcc/tricore/4.9.4/../../../../tricore/lib/tc161\libc.a(lib_a-mprec.o)
                0x000000008000a51c                _Balloc
 .text._Bfree   0x000000008000a572       0x12 c:/hightec/toolchains/tricore/v4.9.3.0-infineon-1.0/bin/../lib/gcc/tricore/4.9.4/../../../../tricore/lib/tc161\libc.a(lib_a-mprec.o)
                0x000000008000a572                _Bfree
 .text.__multadd
                0x000000008000a584       0x82 c:/hightec/toolchains/tricore/v4.9.3.0-infineon-1.0/bin/../lib/gcc/tricore/4.9.4/../../../../tricore/lib/tc161\libc.a(lib_a-mprec.o)
                0x000000008000a584                __multadd
 .text.__hi0bits
                0x000000008000a606       0x42 c:/hightec/toolchains/tricore/v4.9.3.0-infineon-1.0/bin/../lib/gcc/tricore/4.9.4/../../../../tricore/lib/tc161\libc.a(lib_a-mprec.o)
                0x000000008000a606                __hi0bits
 .text.__lo0bits
                0x000000008000a648       0x66 c:/hightec/toolchains/tricore/v4.9.3.0-infineon-1.0/bin/../lib/gcc/tricore/4.9.4/../../../../tricore/lib/tc161\libc.a(lib_a-mprec.o)
                0x000000008000a648                __lo0bits
 .text.__i2b    0x000000008000a6ae       0x10 c:/hightec/toolchains/tricore/v4.9.3.0-infineon-1.0/bin/../lib/gcc/tricore/4.9.4/../../../../tricore/lib/tc161\libc.a(lib_a-mprec.o)
                0x000000008000a6ae                __i2b
 .text.__multiply
                0x000000008000a6be      0x11a c:/hightec/toolchains/tricore/v4.9.3.0-infineon-1.0/bin/../lib/gcc/tricore/4.9.4/../../../../tricore/lib/tc161\libc.a(lib_a-mprec.o)
                0x000000008000a6be                __multiply
 .text.__pow5mult
                0x000000008000a7d8       0x7c c:/hightec/toolchains/tricore/v4.9.3.0-infineon-1.0/bin/../lib/gcc/tricore/4.9.4/../../../../tricore/lib/tc161\libc.a(lib_a-mprec.o)
                0x000000008000a7d8                __pow5mult
 .text.__lshift
                0x000000008000a854       0xba c:/hightec/toolchains/tricore/v4.9.3.0-infineon-1.0/bin/../lib/gcc/tricore/4.9.4/../../../../tricore/lib/tc161\libc.a(lib_a-mprec.o)
                0x000000008000a854                __lshift
 .text.__mcmp   0x000000008000a90e       0x42 c:/hightec/toolchains/tricore/v4.9.3.0-infineon-1.0/bin/../lib/gcc/tricore/4.9.4/../../../../tricore/lib/tc161\libc.a(lib_a-mprec.o)
                0x000000008000a90e                __mcmp
 .text.__mdiff  0x000000008000a950       0xca c:/hightec/toolchains/tricore/v4.9.3.0-infineon-1.0/bin/../lib/gcc/tricore/4.9.4/../../../../tricore/lib/tc161\libc.a(lib_a-mprec.o)
                0x000000008000a950                __mdiff
 .text.__d2b    0x000000008000aa1a       0xa8 c:/hightec/toolchains/tricore/v4.9.3.0-infineon-1.0/bin/../lib/gcc/tricore/4.9.4/../../../../tricore/lib/tc161\libc.a(lib_a-mprec.o)
                0x000000008000aa1a                __d2b
 .text.__fpclassifyd
                0x000000008000aac2       0x42 c:/hightec/toolchains/tricore/v4.9.3.0-infineon-1.0/bin/../lib/gcc/tricore/4.9.4/../../../../tricore/lib/tc161\libc.a(lib_a-s_fpclassify.o)
                0x000000008000aac2                __fpclassifyd
 .text._sbrk_r  0x000000008000ab04       0x1e c:/hightec/toolchains/tricore/v4.9.3.0-infineon-1.0/bin/../lib/gcc/tricore/4.9.4/../../../../tricore/lib/tc161\libc.a(lib_a-sbrkr.o)
                0x000000008000ab04                _sbrk_r
 .text.__ssprint_r
                0x000000008000ab22       0xf0 c:/hightec/toolchains/tricore/v4.9.3.0-infineon-1.0/bin/../lib/gcc/tricore/4.9.4/../../../../tricore/lib/tc161\libc.a(lib_a-svfiprintf.o)
                0x000000008000ab22                __ssprint_r
 .text._calloc_r
                0x000000008000ac12       0x62 c:/hightec/toolchains/tricore/v4.9.3.0-infineon-1.0/bin/../lib/gcc/tricore/4.9.4/../../../../tricore/lib/tc161\libc.a(lib_a-callocr.o)
                0x000000008000ac12                _calloc_r
 .text._malloc_trim_r
                0x000000008000ac74       0xba c:/hightec/toolchains/tricore/v4.9.3.0-infineon-1.0/bin/../lib/gcc/tricore/4.9.4/../../../../tricore/lib/tc161\libc.a(lib_a-freer.o)
                0x000000008000ac74                _malloc_trim_r
 .text._free_r  0x000000008000ad2e      0x1ac c:/hightec/toolchains/tricore/v4.9.3.0-infineon-1.0/bin/../lib/gcc/tricore/4.9.4/../../../../tricore/lib/tc161\libc.a(lib_a-freer.o)
                0x000000008000ad2e                _free_r
 .text.memmove  0x000000008000aeda       0x50 c:/hightec/toolchains/tricore/v4.9.3.0-infineon-1.0/bin/../lib/gcc/tricore/4.9.4/../../../../tricore/lib/tc161\libc.a(lib_a-memmove.o)
                0x000000008000aeda                memmove
 .text.memset   0x000000008000af2a       0x10 c:/hightec/toolchains/tricore/v4.9.3.0-infineon-1.0/bin/../lib/gcc/tricore/4.9.4/../../../../tricore/lib/tc161\libc.a(lib_a-memset.o)
                0x000000008000af2a                memset
 .text._realloc_r
                0x000000008000af3a      0x3f0 c:/hightec/toolchains/tricore/v4.9.3.0-infineon-1.0/bin/../lib/gcc/tricore/4.9.4/../../../../tricore/lib/tc161\libc.a(lib_a-reallocr.o)
                0x000000008000af3a                _realloc_r
 .text.__int_handler
                0x000000008000b32a        0x2 c:/hightec/toolchains/tricore/v4.9.3.0-infineon-1.0/bin/../lib/gcc/tricore/4.9.4/../../../../tricore/lib/tc161\libos.a(cint.o)
                0x000000008000b32a                __int_handler
 .text.__class_0_trap_handler
                0x000000008000b32c        0xe c:/hightec/toolchains/tricore/v4.9.3.0-infineon-1.0/bin/../lib/gcc/tricore/4.9.4/../../../../tricore/lib/tc161\libos.a(cint.o)
 .text.tsim_abort
                0x000000008000b33a       0x1a c:/hightec/toolchains/tricore/v4.9.3.0-infineon-1.0/bin/../lib/gcc/tricore/4.9.4/../../../../tricore/lib/tc161\libos.a(cint.o)
                0x000000008000b33a                tsim_abort
 .text.__class_7_trap_handler
                0x000000008000b354        0xa c:/hightec/toolchains/tricore/v4.9.3.0-infineon-1.0/bin/../lib/gcc/tricore/4.9.4/../../../../tricore/lib/tc161\libos.a(cint.o)
 .text.__class_6_trap_handler
                0x000000008000b35e        0xa c:/hightec/toolchains/tricore/v4.9.3.0-infineon-1.0/bin/../lib/gcc/tricore/4.9.4/../../../../tricore/lib/tc161\libos.a(cint.o)
 .text.__class_5_trap_handler
                0x000000008000b368        0xa c:/hightec/toolchains/tricore/v4.9.3.0-infineon-1.0/bin/../lib/gcc/tricore/4.9.4/../../../../tricore/lib/tc161\libos.a(cint.o)
 .text.__class_4_trap_handler
                0x000000008000b372        0xa c:/hightec/toolchains/tricore/v4.9.3.0-infineon-1.0/bin/../lib/gcc/tricore/4.9.4/../../../../tricore/lib/tc161\libos.a(cint.o)
 .text.__class_3_trap_handler
                0x000000008000b37c        0xa c:/hightec/toolchains/tricore/v4.9.3.0-infineon-1.0/bin/../lib/gcc/tricore/4.9.4/../../../../tricore/lib/tc161\libos.a(cint.o)
 .text.__class_2_trap_handler
                0x000000008000b386        0xa c:/hightec/toolchains/tricore/v4.9.3.0-infineon-1.0/bin/../lib/gcc/tricore/4.9.4/../../../../tricore/lib/tc161\libos.a(cint.o)
 .text.__class_1_trap_handler
                0x000000008000b390        0xa c:/hightec/toolchains/tricore/v4.9.3.0-infineon-1.0/bin/../lib/gcc/tricore/4.9.4/../../../../tricore/lib/tc161\libos.a(cint.o)
 .text._install_int_handler
                0x000000008000b39a       0x26 c:/hightec/toolchains/tricore/v4.9.3.0-infineon-1.0/bin/../lib/gcc/tricore/4.9.4/../../../../tricore/lib/tc161\libos.a(cint.o)
                0x000000008000b39a                _install_int_handler
 .text._init_vectab
                0x000000008000b3c0       0xac c:/hightec/toolchains/tricore/v4.9.3.0-infineon-1.0/bin/../lib/gcc/tricore/4.9.4/../../../../tricore/lib/tc161\libos.a(cint.o)
                0x000000008000b3c0                _init_vectab
 .text.unlock_wdtcon
                0x000000008000b46c       0x2c c:/hightec/toolchains/tricore/v4.9.3.0-infineon-1.0/bin/../lib/gcc/tricore/4.9.4/../../../../tricore/lib/tc161\libos.a(wdtcon.o)
                0x000000008000b46c                unlock_wdtcon
 .text.lock_wdtcon
                0x000000008000b498       0x2c c:/hightec/toolchains/tricore/v4.9.3.0-infineon-1.0/bin/../lib/gcc/tricore/4.9.4/../../../../tricore/lib/tc161\libos.a(wdtcon.o)
                0x000000008000b498                lock_wdtcon
 .text.unlock_safety_wdtcon
                0x000000008000b4c4       0x20 c:/hightec/toolchains/tricore/v4.9.3.0-infineon-1.0/bin/../lib/gcc/tricore/4.9.4/../../../../tricore/lib/tc161\libos.a(wdtcon.o)
                0x000000008000b4c4                unlock_safety_wdtcon
 .text.lock_safety_wdtcon
                0x000000008000b4e4       0x20 c:/hightec/toolchains/tricore/v4.9.3.0-infineon-1.0/bin/../lib/gcc/tricore/4.9.4/../../../../tricore/lib/tc161\libos.a(wdtcon.o)
                0x000000008000b4e4                lock_safety_wdtcon
 .text._exit    0x000000008000b504       0x10 c:/hightec/toolchains/tricore/v4.9.3.0-infineon-1.0/bin/../lib/gcc/tricore/4.9.4/../../../../tricore/lib/tc161\libos.a(libos_exit.o)
                0x000000008000b504                _exit
 .text.sbrk     0x000000008000b514       0x3c c:/hightec/toolchains/tricore/v4.9.3.0-infineon-1.0/bin/../lib/gcc/tricore/4.9.4/../../../../tricore/lib/tc161\libos.a(libos_sbrk.o)
                0x000000008000b514                sbrk
 .text.__errno  0x000000008000b550        0xa c:/hightec/toolchains/tricore/v4.9.3.0-infineon-1.0/bin/../lib/gcc/tricore/4.9.4/../../../../tricore/lib/tc161\libos.a(libos.o)
                0x000000008000b550                __errno
 .text.abort    0x000000008000b55a       0x12 c:/hightec/toolchains/tricore/v4.9.3.0-infineon-1.0/bin/../lib/gcc/tricore/4.9.4/../../../../tricore/lib/tc161\libos.a(libos_abort.o)
                0x000000008000b55a                abort
 .text._fpadd_parts
                0x000000008000b56c      0x19c c:/hightec/toolchains/tricore/v4.9.3.0-infineon-1.0/bin/../lib/gcc/tricore/4.9.4/tc161\libgcc.a(_addsub_df.o)
 .text.__adddf3
                0x000000008000b708       0x38 c:/hightec/toolchains/tricore/v4.9.3.0-infineon-1.0/bin/../lib/gcc/tricore/4.9.4/tc161\libgcc.a(_addsub_df.o)
                0x000000008000b708                __adddf3
 .text.__subdf3
                0x000000008000b740       0x40 c:/hightec/toolchains/tricore/v4.9.3.0-infineon-1.0/bin/../lib/gcc/tricore/4.9.4/tc161\libgcc.a(_addsub_df.o)
                0x000000008000b740                __subdf3
 .text.__muldf3
                0x000000008000b780      0x1a4 c:/hightec/toolchains/tricore/v4.9.3.0-infineon-1.0/bin/../lib/gcc/tricore/4.9.4/tc161\libgcc.a(_mul_df.o)
                0x000000008000b780                __muldf3
 .text.__divdf3
                0x000000008000b924      0x118 c:/hightec/toolchains/tricore/v4.9.3.0-infineon-1.0/bin/../lib/gcc/tricore/4.9.4/tc161\libgcc.a(_div_df.o)
                0x000000008000b924                __divdf3
 .text.__eqdf2  0x000000008000ba3c       0x40 c:/hightec/toolchains/tricore/v4.9.3.0-infineon-1.0/bin/../lib/gcc/tricore/4.9.4/tc161\libgcc.a(_eq_df.o)
                0x000000008000ba3c                __eqdf2
 .text.__nedf2  0x000000008000ba7c       0x40 c:/hightec/toolchains/tricore/v4.9.3.0-infineon-1.0/bin/../lib/gcc/tricore/4.9.4/tc161\libgcc.a(_ne_df.o)
                0x000000008000ba7c                __nedf2
 .text.__gtdf2  0x000000008000babc       0x40 c:/hightec/toolchains/tricore/v4.9.3.0-infineon-1.0/bin/../lib/gcc/tricore/4.9.4/tc161\libgcc.a(_gt_df.o)
                0x000000008000babc                __gtdf2
 .text.__gedf2  0x000000008000bafc       0x40 c:/hightec/toolchains/tricore/v4.9.3.0-infineon-1.0/bin/../lib/gcc/tricore/4.9.4/tc161\libgcc.a(_ge_df.o)
                0x000000008000bafc                __gedf2
 .text.__ltdf2  0x000000008000bb3c       0x40 c:/hightec/toolchains/tricore/v4.9.3.0-infineon-1.0/bin/../lib/gcc/tricore/4.9.4/tc161\libgcc.a(_lt_df.o)
                0x000000008000bb3c                __ltdf2
 .text.__floatsidf
                0x000000008000bb7c       0x48 c:/hightec/toolchains/tricore/v4.9.3.0-infineon-1.0/bin/../lib/gcc/tricore/4.9.4/tc161\libgcc.a(_si_to_df.o)
                0x000000008000bb7c                __floatsidf
 .text.__fixdfsi
                0x000000008000bbc4       0x4e c:/hightec/toolchains/tricore/v4.9.3.0-infineon-1.0/bin/../lib/gcc/tricore/4.9.4/tc161\libgcc.a(_df_to_si.o)
                0x000000008000bbc4                __fixdfsi
 .text.__floatunsidf
                0x000000008000bc12       0x32 c:/hightec/toolchains/tricore/v4.9.3.0-infineon-1.0/bin/../lib/gcc/tricore/4.9.4/tc161\libgcc.a(_usi_to_df.o)
                0x000000008000bc12                __floatunsidf
 .text.__udivdi3
                0x000000008000bc44       0xa0 c:/hightec/toolchains/tricore/v4.9.3.0-infineon-1.0/bin/../lib/gcc/tricore/4.9.4/tc161\libgcc.a(udivdi3.o)
                0x000000008000bc44                __udivdi3
 .text.__umoddi3
                0x000000008000bce4       0x26 c:/hightec/toolchains/tricore/v4.9.3.0-infineon-1.0/bin/../lib/gcc/tricore/4.9.4/tc161\libgcc.a(umoddi3.o)
                0x000000008000bce4                __umoddi3
 .text.libgcc   0x000000008000bd0a       0x1a c:/hightec/toolchains/tricore/v4.9.3.0-infineon-1.0/bin/../lib/gcc/tricore/4.9.4/tc161\libgcc.a(_ashldi3.o)
                0x000000008000bd0a                __ashldi3
 .text.libgcc   0x000000008000bd24       0x26 c:/hightec/toolchains/tricore/v4.9.3.0-infineon-1.0/bin/../lib/gcc/tricore/4.9.4/tc161\libgcc.a(_lshrdi3.o)
                0x000000008000bd24                __lshrdi3
 .text.__pack_d
                0x000000008000bd4a      0x112 c:/hightec/toolchains/tricore/v4.9.3.0-infineon-1.0/bin/../lib/gcc/tricore/4.9.4/tc161\libgcc.a(_pack_df.o)
                0x000000008000bd4a                __pack_d
 .text.__unpack_d
                0x000000008000be5c       0xac c:/hightec/toolchains/tricore/v4.9.3.0-infineon-1.0/bin/../lib/gcc/tricore/4.9.4/tc161\libgcc.a(_unpack_df.o)
                0x000000008000be5c                __unpack_d
 .text.__fpcmp_parts_d
                0x000000008000bf08       0xa6 c:/hightec/toolchains/tricore/v4.9.3.0-infineon-1.0/bin/../lib/gcc/tricore/4.9.4/tc161\libgcc.a(_fpcmp_parts_df.o)
                0x000000008000bf08                __fpcmp_parts_d
 .text.__udiv6432
                0x000000008000bfae       0x9c c:/hightec/toolchains/tricore/v4.9.3.0-infineon-1.0/bin/../lib/gcc/tricore/4.9.4/tc161\libgcc.a(udiv6432.o)
                0x000000008000bfae                __udiv6432
 *(.gnu.linkonce.t.*)
 *(.gnu.warning)
                0x000000008000c050                . = ALIGN (0x8)
 *fill*         0x000000008000c04a        0x6 00

.inttab         memory region -> PMI_PSPR2
                0x0000000050100000     0x2000
 .inttab        0x0000000050100000     0x2000 c:/hightec/toolchains/tricore/v4.9.3.0-infineon-1.0/bin/../lib/gcc/tricore/4.9.4/../../../../tricore/lib/tc161\libos.a(cinttab.o)
                0x0000000050100000                TriCore_int_table
                0x0000000050100020                ___interrupt_1
                0x0000000050100040                __interrupt_2
                0x0000000050100060                __interrupt_3
                0x0000000050100080                __interrupt_4
                0x00000000501000a0                __interrupt_5
                0x00000000501000c0                __interrupt_6
                0x00000000501000e0                __interrupt_7
                0x0000000050100100                __interrupt_8
                0x0000000050100120                __interrupt_9
                0x0000000050100140                __interrupt_10
                0x0000000050100160                __interrupt_11
                0x0000000050100180                __interrupt_12
                0x00000000501001a0                __interrupt_13
                0x00000000501001c0                __interrupt_14
                0x00000000501001e0                __interrupt_15
                0x0000000050100200                __interrupt_16
                0x0000000050100220                __interrupt_17
                0x0000000050100240                __interrupt_18
                0x0000000050100260                __interrupt_19
                0x0000000050100280                __interrupt_20
                0x00000000501002a0                __interrupt_21
                0x00000000501002c0                __interrupt_22
                0x00000000501002e0                __interrupt_23
                0x0000000050100300                __interrupt_24
                0x0000000050100320                __interrupt_25
                0x0000000050100340                __interrupt_26
                0x0000000050100360                __interrupt_27
                0x0000000050100380                __interrupt_28
                0x00000000501003a0                __interrupt_29
                0x00000000501003c0                __interrupt_30
                0x00000000501003e0                __interrupt_31
                0x0000000050100400                __interrupt_32
                0x0000000050100420                __interrupt_33
                0x0000000050100440                __interrupt_34
                0x0000000050100460                __interrupt_35
                0x0000000050100480                __interrupt_36
                0x00000000501004a0                __interrupt_37
                0x00000000501004c0                __interrupt_38
                0x00000000501004e0                __interrupt_39
                0x0000000050100500                __interrupt_40
                0x0000000050100520                __interrupt_41
                0x0000000050100540                __interrupt_42
                0x0000000050100560                __interrupt_43
                0x0000000050100580                __interrupt_44
                0x00000000501005a0                __interrupt_45
                0x00000000501005c0                __interrupt_46
                0x00000000501005e0                __interrupt_47
                0x0000000050100600                __interrupt_48
                0x0000000050100620                __interrupt_49
                0x0000000050100640                __interrupt_50
                0x0000000050100660                __interrupt_51
                0x0000000050100680                __interrupt_52
                0x00000000501006a0                __interrupt_53
                0x00000000501006c0                __interrupt_54
                0x00000000501006e0                __interrupt_55
                0x0000000050100700                __interrupt_56
                0x0000000050100720                __interrupt_57
                0x0000000050100740                __interrupt_58
                0x0000000050100760                __interrupt_59
                0x0000000050100780                __interrupt_60
                0x00000000501007a0                __interrupt_61
                0x00000000501007c0                __interrupt_62
                0x00000000501007e0                __interrupt_63
                0x0000000050100800                __interrupt_64
                0x0000000050100820                __interrupt_65
                0x0000000050100840                __interrupt_66
                0x0000000050100860                __interrupt_67
                0x0000000050100880                __interrupt_68
                0x00000000501008a0                __interrupt_69
                0x00000000501008c0                __interrupt_70
                0x00000000501008e0                __interrupt_71
                0x0000000050100900                __interrupt_72
                0x0000000050100920                __interrupt_73
                0x0000000050100940                __interrupt_74
                0x0000000050100960                __interrupt_75
                0x0000000050100980                __interrupt_76
                0x00000000501009a0                __interrupt_77
                0x00000000501009c0                __interrupt_78
                0x00000000501009e0                __interrupt_79
                0x0000000050100a00                __interrupt_80
                0x0000000050100a20                __interrupt_81
                0x0000000050100a40                __interrupt_82
                0x0000000050100a60                __interrupt_83
                0x0000000050100a80                __interrupt_84
                0x0000000050100aa0                __interrupt_85
                0x0000000050100ac0                __interrupt_86
                0x0000000050100ae0                __interrupt_87
                0x0000000050100b00                __interrupt_88
                0x0000000050100b20                __interrupt_89
                0x0000000050100b40                __interrupt_90
                0x0000000050100b60                __interrupt_91
                0x0000000050100b80                __interrupt_92
                0x0000000050100ba0                __interrupt_93
                0x0000000050100bc0                __interrupt_94
                0x0000000050100be0                __interrupt_95
                0x0000000050100c00                __interrupt_96
                0x0000000050100c20                __interrupt_97
                0x0000000050100c40                __interrupt_98
                0x0000000050100c60                __interrupt_99
                0x0000000050100c80                __interrupt_100
                0x0000000050100ca0                __interrupt_101
                0x0000000050100cc0                __interrupt_102
                0x0000000050100ce0                __interrupt_103
                0x0000000050100d00                __interrupt_104
                0x0000000050100d20                __interrupt_105
                0x0000000050100d40                __interrupt_106
                0x0000000050100d60                __interrupt_107
                0x0000000050100d80                __interrupt_108
                0x0000000050100da0                __interrupt_109
                0x0000000050100dc0                __interrupt_110
                0x0000000050100de0                __interrupt_111
                0x0000000050100e00                __interrupt_112
                0x0000000050100e20                __interrupt_113
                0x0000000050100e40                __interrupt_114
                0x0000000050100e60                __interrupt_115
                0x0000000050100e80                __interrupt_116
                0x0000000050100ea0                __interrupt_117
                0x0000000050100ec0                __interrupt_118
                0x0000000050100ee0                __interrupt_119
                0x0000000050100f00                __interrupt_120
                0x0000000050100f20                __interrupt_121
                0x0000000050100f40                __interrupt_122
                0x0000000050100f60                __interrupt_123
                0x0000000050100f80                __interrupt_124
                0x0000000050100fa0                __interrupt_125
                0x0000000050100fc0                __interrupt_126
                0x0000000050100fe0                __interrupt_127
                0x0000000050101000                __interrupt_128
                0x0000000050101020                __interrupt_129
                0x0000000050101040                __interrupt_130
                0x0000000050101060                __interrupt_131
                0x0000000050101080                __interrupt_132
                0x00000000501010a0                __interrupt_133
                0x00000000501010c0                __interrupt_134
                0x00000000501010e0                __interrupt_135
                0x0000000050101100                __interrupt_136
                0x0000000050101120                __interrupt_137
                0x0000000050101140                __interrupt_138
                0x0000000050101160                __interrupt_139
                0x0000000050101180                __interrupt_140
                0x00000000501011a0                __interrupt_141
                0x00000000501011c0                __interrupt_142
                0x00000000501011e0                __interrupt_143
                0x0000000050101200                __interrupt_144
                0x0000000050101220                __interrupt_145
                0x0000000050101240                __interrupt_146
                0x0000000050101260                __interrupt_147
                0x0000000050101280                __interrupt_148
                0x00000000501012a0                __interrupt_149
                0x00000000501012c0                __interrupt_150
                0x00000000501012e0                __interrupt_151
                0x0000000050101300                __interrupt_152
                0x0000000050101320                __interrupt_153
                0x0000000050101340                __interrupt_154
                0x0000000050101360                __interrupt_155
                0x0000000050101380                __interrupt_156
                0x00000000501013a0                __interrupt_157
                0x00000000501013c0                __interrupt_158
                0x00000000501013e0                __interrupt_159
                0x0000000050101400                __interrupt_160
                0x0000000050101420                __interrupt_161
                0x0000000050101440                __interrupt_162
                0x0000000050101460                __interrupt_163
                0x0000000050101480                __interrupt_164
                0x00000000501014a0                __interrupt_165
                0x00000000501014c0                __interrupt_166
                0x00000000501014e0                __interrupt_167
                0x0000000050101500                __interrupt_168
                0x0000000050101520                __interrupt_169
                0x0000000050101540                __interrupt_170
                0x0000000050101560                __interrupt_171
                0x0000000050101580                __interrupt_172
                0x00000000501015a0                __interrupt_173
                0x00000000501015c0                __interrupt_174
                0x00000000501015e0                __interrupt_175
                0x0000000050101600                __interrupt_176
                0x0000000050101620                __interrupt_177
                0x0000000050101640                __interrupt_178
                0x0000000050101660                __interrupt_179
                0x0000000050101680                __interrupt_180
                0x00000000501016a0                __interrupt_181
                0x00000000501016c0                __interrupt_182
                0x00000000501016e0                __interrupt_183
                0x0000000050101700                __interrupt_184
                0x0000000050101720                __interrupt_185
                0x0000000050101740                __interrupt_186
                0x0000000050101760                __interrupt_187
                0x0000000050101780                __interrupt_188
                0x00000000501017a0                __interrupt_189
                0x00000000501017c0                __interrupt_190
                0x00000000501017e0                __interrupt_191
                0x0000000050101800                __interrupt_192
                0x0000000050101820                __interrupt_193
                0x0000000050101840                __interrupt_194
                0x0000000050101860                __interrupt_195
                0x0000000050101880                __interrupt_196
                0x00000000501018a0                __interrupt_197
                0x00000000501018c0                __interrupt_198
                0x00000000501018e0                __interrupt_199
                0x0000000050101900                __interrupt_200
                0x0000000050101920                __interrupt_201
                0x0000000050101940                __interrupt_202
                0x0000000050101960                __interrupt_203
                0x0000000050101980                __interrupt_204
                0x00000000501019a0                __interrupt_205
                0x00000000501019c0                __interrupt_206
                0x00000000501019e0                __interrupt_207
                0x0000000050101a00                __interrupt_208
                0x0000000050101a20                __interrupt_209
                0x0000000050101a40                __interrupt_210
                0x0000000050101a60                __interrupt_211
                0x0000000050101a80                __interrupt_212
                0x0000000050101aa0                __interrupt_213
                0x0000000050101ac0                __interrupt_214
                0x0000000050101ae0                __interrupt_215
                0x0000000050101b00                __interrupt_216
                0x0000000050101b20                __interrupt_217
                0x0000000050101b40                __interrupt_218
                0x0000000050101b60                __interrupt_219
                0x0000000050101b80                __interrupt_220
                0x0000000050101ba0                __interrupt_221
                0x0000000050101bc0                __interrupt_222
                0x0000000050101be0                __interrupt_223
                0x0000000050101c00                __interrupt_224
                0x0000000050101c20                __interrupt_225
                0x0000000050101c40                __interrupt_226
                0x0000000050101c60                __interrupt_227
                0x0000000050101c80                __interrupt_228
                0x0000000050101ca0                __interrupt_229
                0x0000000050101cc0                __interrupt_230
                0x0000000050101ce0                __interrupt_231
                0x0000000050101d00                __interrupt_232
                0x0000000050101d20                __interrupt_233
                0x0000000050101d40                __interrupt_234
                0x0000000050101d60                __interrupt_235
                0x0000000050101d80                __interrupt_236
                0x0000000050101da0                __interrupt_237
                0x0000000050101dc0                __interrupt_238
                0x0000000050101de0                __interrupt_239
                0x0000000050101e00                __interrupt_240
                0x0000000050101e20                __interrupt_241
                0x0000000050101e40                __interrupt_242
                0x0000000050101e60                __interrupt_243
                0x0000000050101e80                __interrupt_244
                0x0000000050101ea0                __interrupt_245
                0x0000000050101ec0                __interrupt_246
                0x0000000050101ee0                __interrupt_247
                0x0000000050101f00                __interrupt_248
                0x0000000050101f20                __interrupt_249
                0x0000000050101f40                __interrupt_250
                0x0000000050101f60                __interrupt_251
                0x0000000050101f80                __interrupt_252
                0x0000000050101fa0                __interrupt_253
                0x0000000050101fc0                __interrupt_254
                0x0000000050101fe0                __interrupt_255

.sdata3         memory region -> PMU_PFLASH
                0x000000008000c050        0x0 load address 0x0000000050102000
 *(.rodata_a8)
 *(.rodata_a8.*)
                0x0000000080008000                _SMALL_DATA3_ = SIZEOF (.sdata3)?(ADDR (.sdata3) + 0x8000):((ADDR (.sdata3) & 0xf0000000) + 0x8000)
                0x0000000080008000                __A8_MEM = _SMALL_DATA3_

.inttab_cpu1    memory region -> PMU_PFLASH
                0x000000008000e000        0x0 load address 0x0000000050102000
                0x000000008000e000                PROVIDE (__INTTAB1, .)
 *(.inttab_cpu1)
 *(.*.inttab_cpu1)
                0x000000008000e000                . = ALIGN (0x8)

.inttab_cpu2    memory region -> PMU_PFLASH
                0x000000008000e000        0x0 load address 0x0000000050102000
                0x000000008000e000                PROVIDE (__INTTAB2, .)
 *(.inttab_cpu2)
 *(.*.inttab_cpu2)
                0x000000008000e000                . = ALIGN (0x8)

.zdata          memory region -> DMI_DSPR0
                0x0000000070000000        0x0 load address 0x000000008000c050
 *(.zdata)
 *(.zdata.*)
 *(.gnu.linkonce.z.*)

.zbss           memory region -> DMI_DSPR0
                0x0000000070000000        0x0 load address 0x000000008000c050
 *(.zbss)
 *(.zbss.*)
 *(.bbss)
 *(.bbss.*)
 *(.gnu.linkonce.zb.*)

.sdata          memory region -> DMI_DSPR0
                0x0000000070000000        0x0 load address 0x000000008000c050
 *(.sdata)
 *(.sdata.*)
                0x0000000070008000                _SMALL_DATA_ = SIZEOF (.sdata)?(ADDR (.sdata) + 0x8000):((ADDR (.sdata) & 0xf0000000) + 0x8000)
                0x0000000070008000                __A0_MEM = _SMALL_DATA_

.sbss           memory region -> DMI_DSPR0
                0x0000000070000000        0x0 load address 0x000000008000c050
 *(.sbss)
 *(.sbss.*)

.data           memory region -> DMI_DSPR0
                0x0000000070000000      0xa00 load address 0x000000008000c050
 *(.data)
 .data          0x0000000070000000        0x8 obj/bsw/drivers/gpt12.c.o
 .data          0x0000000070000008      0x1b0 obj/ee_applcfg.c.o
                0x0000000070000008                osEE_ccb_var
 .data          0x00000000700001b8        0x8 c:/hightec/toolchains/tricore/v4.9.3.0-infineon-1.0/bin/../lib/gcc/tricore/4.9.4/../../../../tricore/lib/tc161\libc.a(lib_a-ctype_.o)
                0x00000000700001b8                __ctype_ptr__
 .data          0x00000000700001c0      0x428 c:/hightec/toolchains/tricore/v4.9.3.0-infineon-1.0/bin/../lib/gcc/tricore/4.9.4/../../../../tricore/lib/tc161\libc.a(lib_a-impure.o)
                0x00000000700001c0                _impure_ptr
 .data          0x00000000700005e8      0x410 c:/hightec/toolchains/tricore/v4.9.3.0-infineon-1.0/bin/../lib/gcc/tricore/4.9.4/../../../../tricore/lib/tc161\libc.a(lib_a-mallocr.o)
                0x00000000700005e8                __malloc_sbrk_base
                0x00000000700005ec                __malloc_trim_threshold
                0x00000000700005f0                __malloc_av_
 .data          0x00000000700009f8        0x8 c:/hightec/toolchains/tricore/v4.9.3.0-infineon-1.0/bin/../lib/gcc/tricore/4.9.4/../../../../tricore/lib/tc161\libos.a(libos_sbrk.o)
 *(.data.*)
 *(.gnu.linkonce.d.*)

.bss            memory region -> DMI_DSPR0
                0x0000000070000a00     0x3158 load address 0x000000008000ca50
 *(.bss)
 .bss           0x0000000070000a00        0x8 obj/bsw/drivers/gpt12.c.o
 .bss           0x0000000070000a08        0x8 obj/bsw/io/Buzzer.c.o
                0x0000000070000a08                beepOnOff
                0x0000000070000a0c                beepCnt
 .bss           0x0000000070000a10       0x28 obj/bsw/io/ToF.c.o
 .bss           0x0000000070000a38       0x20 obj/bsw/io/Ultrasonic.c.o
 .bss           0x0000000070000a58     0x2878 obj/ee_applcfg.c.o
                0x0000000070000a58                osEE_kcb_var
 .bss           0x00000000700032d0       0x10 obj/main.c.o
                0x00000000700032d0                pwm
                0x00000000700032d4                flag
                0x00000000700032d8                dir
                0x00000000700032d9                ch
                0x00000000700032dc                duty
 .bss           0x00000000700032e0        0x8 C:\Users\user\ECLIPS~1\TC275_~1\erika\lib\libee.a(ee_tc_system.c.o)
 .bss           0x00000000700032e8       0x38 c:/hightec/toolchains/tricore/v4.9.3.0-infineon-1.0/bin/../lib/gcc/tricore/4.9.4/../../../../tricore/lib/tc161\libc.a(lib_a-mallocr.o)
                0x00000000700032e8                __malloc_current_mallinfo
                0x0000000070003310                __malloc_max_total_mem
                0x0000000070003314                __malloc_max_sbrked_mem
                0x0000000070003318                __malloc_top_pad